C51 COMPILER V9.54   MAIN                                                                  08/02/2026 09:20:00 PAGE 1   


C51 COMPILER V9.54, COMPILATION OF MODULE MAIN
OBJECT MODULE PLACED IN .\Objects\main.obj
COMPILER INVOKED BY: C:\Keil_v5\C51\BIN\C51.EXE main.c OPTIMIZE(8,SPEED) BROWSE DEBUG OBJECTEXTEND PRINT(.\Listings\main
                    -.lst) OBJECT(.\Objects\main.obj)

line level    source

   1          #include <REGX52.H>
   2          sbit LED=P2^0;
   3          void Delay(unsigned int t)
   4          {
   5   1              while(t--);
   6   1      }
   7          void main()
   8          {
   9   1              unsigned char Time,i;
  10   1              while(1)
  11   1              {
  12   2                      for(Time=0;Time<100;Time++)//整体周期调节占空比
  13   2                      {
  14   3                              for(i=0;i<20;i++)//每个亮度的延时
  15   3                              {
  16   4                                      LED=0;//亮
  17   4                                      Delay(Time);
  18   4                                      LED=1;//灭
  19   4                                      Delay(100-Time);
  20   4                              }
  21   3                      }
  22   2                      for(Time=100;Time>0;Time--)//整体周期调节占空比
  23   2                      {
  24   3                              for(i=0;i<20;i++)//每个亮度的延时
  25   3                              {
  26   4                                      LED=0;//亮
  27   4                                      Delay(Time);
  28   4                                      LED=1;//灭
  29   4                                      Delay(100-Time);
  30   4                              }
  31   3                      }
  32   2              }
  33   1      }


MODULE INFORMATION:   STATIC OVERLAYABLE
   CODE SIZE        =     68    ----
   CONSTANT SIZE    =   ----    ----
   XDATA SIZE       =   ----    ----
   PDATA SIZE       =   ----    ----
   DATA SIZE        =   ----    ----
   IDATA SIZE       =   ----    ----
   BIT SIZE         =   ----    ----
END OF MODULE INFORMATION.


C51 COMPILATION COMPLETE.  0 WARNING(S),  0 ERROR(S)
