C51 COMPILER V9.54   I2C                                                                   08/01/2026 11:10:15 PAGE 1   


C51 COMPILER V9.54, COMPILATION OF MODULE I2C
OBJECT MODULE PLACED IN .\Objects\I2C.obj
COMPILER INVOKED BY: C:\Keil_v5\C51\BIN\C51.EXE I2C.c OPTIMIZE(8,SPEED) BROWSE DEBUG OBJECTEXTEND PRINT(.\Listings\I2C.l
                    -st) OBJECT(.\Objects\I2C.obj)

line level    source

   1          #include <REGX52.H>
   2          sbit I2C_SCL=P2^1;
   3          sbit I2C_SDA=P2^0;
   4          /**
   5             * @brief I2C开始
   6             * @param 无
   7             * @retval 无
   8             */
   9          void I2C_Start()
  10          {
  11   1              //1.开始时，二者均为高电平，SCL高电平期间，SDA从高切换到低
  12   1              I2C_SDA=1;//结束时SCL均为低电平，低电平变换数据，把SDA拉高确保为1
  13   1              I2C_SCL=1;
  14   1              
  15   1              I2C_SDA=0;
  16   1              I2C_SCL=0;
  17   1      }
  18          /**
  19             * @brief I2C停止
  20             * @param 无
  21             * @retval 无
  22             */
  23          void I2C_Stop()
  24          {
  25   1              //1.结束后，二者均为高电平，SCL高电平期间，SDA从低切换到高
  26   1              I2C_SDA=0;//结束前SCL为低电平时变换数据，把SDA拉低确保为0
  27   1      
  28   1              I2C_SCL=1;
  29   1              I2C_SDA=1;
  30   1      }
  31          /**
  32             * @brief I2C发送一个字节
  33             * @param Byte 要发送的字节
  34             * @retval 无
  35             */
  36          void I2C_SendByte(unsigned char Byte)
  37          {
  38   1              unsigned char i;
  39   1              for(i=0;i<8;i++)
  40   1              {
  41   2                      //1.开始时SCL已为低电平，只需先传入最高位到SDA上
  42   2                      I2C_SDA=Byte&(0x80>>i);
  43   2                      //2.SCL传输该位，注意手册所需高电平时长，速度过快需延时
  44   2                      I2C_SCL=1;
  45   2                      I2C_SCL=0;
  46   2              }
  47   1      }
  48          /**
  49             * @brief I2C接收一个字节
  50             * @param 无
  51             * @retval 接收到的一个字节
  52             */
  53          unsigned char I2C_ReceiveByte(void)
  54          {
C51 COMPILER V9.54   I2C                                                                   08/01/2026 11:10:15 PAGE 2   

  55   1              unsigned char i,Byte=0x00;
  56   1              I2C_SDA=1;//主机释放
  57   1              
  58   1              for(i=0;i<8;i++)
  59   1              {
  60   2                      I2C_SCL=1;//置1读取
  61   2                      if(I2C_SDA)
  62   2                              {
  63   3                                      Byte|=(0x80>>i);
  64   3                              }
  65   2                      I2C_SCL=0;
  66   2              }
  67   1              return Byte;
  68   1      }
  69          /**
  70             * @brief I2C发送应答
  71          * @param AckBit 应答位，0为应答，1为非应答
  72             * @retval
  73             */
  74          void I2C_SendAck(unsigned char AckBit)//可用c51中有特定类型bit
  75          {
  76   1              I2C_SDA=AckBit;//SCL低电平读取
  77   1              I2C_SCL=1;//拉高读取
  78   1              I2C_SCL=0;//拉低
  79   1      }
  80          /**
  81             * @brief I2C接收应答
  82             * @param 无
  83             * @retval 接收到的应答
  84             */
  85          unsigned char I2C_ReceiveAck(void)
  86          {
  87   1              unsigned char AckBit;
  88   1              I2C_SDA=1;//主机释放，控制权移交从机
  89   1              I2C_SCL=1;//拉高读取
  90   1              AckBit=I2C_SDA;
  91   1              I2C_SCL=0;//拉低
  92   1              return AckBit;
  93   1      }


MODULE INFORMATION:   STATIC OVERLAYABLE
   CODE SIZE        =    109    ----
   CONSTANT SIZE    =   ----    ----
   XDATA SIZE       =   ----    ----
   PDATA SIZE       =   ----    ----
   DATA SIZE        =   ----    ----
   IDATA SIZE       =   ----    ----
   BIT SIZE         =   ----    ----
END OF MODULE INFORMATION.


C51 COMPILATION COMPLETE.  0 WARNING(S),  0 ERROR(S)
