BL51 BANKED LINKER/LOCATER V6.22                                                        08/01/2026  12:28:51  PAGE 1


BL51 BANKED LINKER/LOCATER V6.22, INVOKED BY:
C:\KEIL_V5\C51\BIN\BL51.EXE .\Objects\mian.obj, .\Objects\Delay.obj, .\Objects\LCD1602.obj, .\Objects\OneWire.obj, .\Obj
>> ects\DS18B20.obj, .\Objects\AT24C02.obj, .\Objects\I2C.obj, .\Objects\Timer0.obj, .\Objects\Key.obj TO .\Objects\proj
>> ect PRINT (.\Listings\project.m51) RAMSIZE (256) DISABLEWARNING (16)


MEMORY MODEL: SMALL WITH FLOATING POINT ARITHMETIC


INPUT MODULES INCLUDED:
  .\Objects\mian.obj (MIAN)
  .\Objects\Delay.obj (DELAY)
  .\Objects\LCD1602.obj (LCD1602)
  .\Objects\OneWire.obj (ONEWIRE)
  .\Objects\DS18B20.obj (DS18B20)
  .\Objects\AT24C02.obj (AT24C02)
  .\Objects\I2C.obj (I2C)
  .\Objects\Timer0.obj (TIMER0)
  .\Objects\Key.obj (KEY)
  C:\KEIL_V5\C51\LIB\C51FPS.LIB (?C?FPMUL)
  C:\KEIL_V5\C51\LIB\C51FPS.LIB (?C?FPDIV)
  C:\KEIL_V5\C51\LIB\C51FPS.LIB (?C?FPCMP)
  C:\KEIL_V5\C51\LIB\C51FPS.LIB (?C?FPNEG)
  C:\KEIL_V5\C51\LIB\C51FPS.LIB (?C?FCAST)
  C:\KEIL_V5\C51\LIB\C51FPS.LIB (?C?CASTF)
  C:\KEIL_V5\C51\LIB\C51FPS.LIB (?C?FPGETOPN)
  C:\KEIL_V5\C51\LIB\C51S.LIB (?C_STARTUP)
  C:\KEIL_V5\C51\LIB\C51S.LIB (?C?CLDOPTR)
  C:\KEIL_V5\C51\LIB\C51S.LIB (?C?IMUL)
  C:\KEIL_V5\C51\LIB\C51S.LIB (?C?UIDIV)
  C:\KEIL_V5\C51\LIB\C51S.LIB (?C?LNEG)


LINK MAP OF MODULE:  .\Objects\project (MIAN)


            TYPE    BASE      LENGTH    RELOCATION   SEGMENT NAME
            -----------------------------------------------------

            * * * * * * *   D A T A   M E M O R Y   * * * * * * *
            REG     0000H     0008H     ABSOLUTE     "REG BANK 0"
            DATA    0008H     000DH     UNIT         ?DT?MIAN
            DATA    0015H     000BH     UNIT         _DATA_GROUP_
            DATA    0020H     0005H     UNIT         ?DT?_LCD_SHOWHEXNUM?LCD1602
            DATA    0025H     0005H     UNIT         ?DT?_LCD_SHOWBINNUM?LCD1602
            DATA    002AH     0003H     UNIT         ?DT?KEY
            IDATA   002DH     0001H     UNIT         ?STACK

            * * * * * * *   C O D E   M E M O R Y   * * * * * * *
            CODE    0000H     0003H     ABSOLUTE     
            CODE    0003H     0007H     UNIT         ?PR?I2C_STOP?I2C
                    000AH     0001H                  *** GAP ***
            CODE    000BH     0003H     ABSOLUTE     
            CODE    000EH     0391H     UNIT         ?C?LIB_CODE
            CODE    039FH     021FH     UNIT         ?PR?MAIN?MIAN
            CODE    05BEH     0058H     UNIT         ?PR?TIMER0_ROUTINUE?MIAN
            CODE    0616H     003AH     UNIT         ?PR?_LCD_SHOWSIGNEDNUM?LCD1602
            CODE    0650H     0039H     UNIT         ?PR?_LCD_SHOWHEXNUM?LCD1602
BL51 BANKED LINKER/LOCATER V6.22                                                      08/01/2026  12:28:51  PAGE 2


            CODE    0689H     0039H     UNIT         ?PR?KEY_LOOP?KEY
            CODE    06C2H     0038H     UNIT         ?PR?_LCD_SHOWBINNUM?LCD1602
            CODE    06FAH     0033H     UNIT         ?PR?_LCD_POW?LCD1602
            CODE    072DH     0030H     UNIT         ?PR?_AT24C02_READBYTE?AT24C02
            CODE    075DH     002CH     UNIT         ?PR?DS18B20_READT?DS18B20
            CODE    0789H     0029H     UNIT         ?PR?_I2C_SENDBYTE?I2C
            CODE    07B2H     0024H     UNIT         ?PR?_AT24C02_WRITEBYTE?AT24C02
            CODE    07D6H     0023H     UNIT         ?PR?_LCD_SHOWSTRING?LCD1602
            CODE    07F9H     001EH     UNIT         ?PR?_LCD_WRITEDATA?LCD1602
            CODE    0817H     001EH     UNIT         ?PR?ONEWIRE_INIT?ONEWIRE
            CODE    0835H     001EH     UNIT         ?PR?I2C_RECEIVEBYTE?I2C
            CODE    0853H     001DH     UNIT         ?PR?_LCD_SHOWNUM?LCD1602
            CODE    0870H     001DH     UNIT         ?PR?ONEWIRE_RECEIVEBYTE?ONEWIRE
            CODE    088DH     001CH     UNIT         ?PR?ONEWIRE_RECEIVEBIT?ONEWIRE
            CODE    08A9H     001AH     UNIT         ?CO?MIAN
            CODE    08C3H     0019H     UNIT         ?PR?_ONEWIRE_SENDBYTE?ONEWIRE
            CODE    08DCH     0017H     UNIT         ?PR?TIMER0_INIT?TIMER0
            CODE    08F3H     0016H     UNIT         ?PR?_LCD_SETCURSOR?LCD1602
            CODE    0909H     0016H     UNIT         ?PR?_ONEWIRE_SENDBIT?ONEWIRE
            CODE    091FH     0016H     UNIT         ?PR?KEY_GETSTATE?KEY
            CODE    0935H     0015H     UNIT         ?PR?_DELAY?DELAY
            CODE    094AH     0014H     UNIT         ?PR?LCD_INIT?LCD1602
            CODE    095EH     000FH     UNIT         ?PR?LCD_DELAY?LCD1602
            CODE    096DH     000DH     UNIT         ?PR?DS18B20_CONVERTT?DS18B20
            CODE    097AH     000CH     UNIT         ?PR?I2C_RECEIVEACK?I2C
            CODE    0986H     000CH     UNIT         ?C_C51STARTUP
            CODE    0992H     000AH     UNIT         ?PR?_LCD_WRITECOMMAND?LCD1602
            CODE    099CH     000AH     UNIT         ?PR?_LCD_SHOWCHAR?LCD1602
            CODE    09A6H     000AH     UNIT         ?PR?_I2C_SENDACK?I2C
            CODE    09B0H     0009H     UNIT         ?PR?I2C_START?I2C
            CODE    09B9H     0006H     UNIT         ?PR?KEY?KEY



OVERLAY MAP OF MODULE:   .\Objects\project (MIAN)


SEGMENT                                   DATA_GROUP 
  +--> CALLED SEGMENT                   START    LENGTH
-------------------------------------------------------
?PR?TIMER0_ROUTINUE?MIAN                -----    -----
  +--> ?PR?KEY_LOOP?KEY

?PR?KEY_LOOP?KEY                        -----    -----
  +--> ?PR?KEY_GETSTATE?KEY

*** NEW ROOT ***************************************************

?C_C51STARTUP                           -----    -----
  +--> ?PR?MAIN?MIAN

?PR?MAIN?MIAN                           -----    -----
  +--> ?PR?DS18B20_CONVERTT?DS18B20
  +--> ?PR?_DELAY?DELAY
  +--> ?PR?_AT24C02_READBYTE?AT24C02
  +--> ?PR?LCD_INIT?LCD1602
  +--> ?CO?MIAN
BL51 BANKED LINKER/LOCATER V6.22                                                      08/01/2026  12:28:51  PAGE 3


  +--> ?PR?_LCD_SHOWSTRING?LCD1602
  +--> ?PR?_LCD_SHOWSIGNEDNUM?LCD1602
  +--> ?PR?TIMER0_INIT?TIMER0
  +--> ?PR?KEY?KEY
  +--> ?PR?DS18B20_READT?DS18B20
  +--> ?PR?_LCD_SHOWCHAR?LCD1602
  +--> ?PR?_LCD_SHOWNUM?LCD1602
  +--> ?PR?_AT24C02_WRITEBYTE?AT24C02

?PR?DS18B20_CONVERTT?DS18B20            -----    -----
  +--> ?PR?ONEWIRE_INIT?ONEWIRE
  +--> ?PR?_ONEWIRE_SENDBYTE?ONEWIRE

?PR?_ONEWIRE_SENDBYTE?ONEWIRE           -----    -----
  +--> ?PR?_ONEWIRE_SENDBIT?ONEWIRE

?PR?_AT24C02_READBYTE?AT24C02           0015H    0002H
  +--> ?PR?I2C_START?I2C
  +--> ?PR?_I2C_SENDBYTE?I2C
  +--> ?PR?I2C_RECEIVEACK?I2C
  +--> ?PR?I2C_RECEIVEBYTE?I2C
  +--> ?PR?_I2C_SENDACK?I2C
  +--> ?PR?I2C_STOP?I2C

?PR?LCD_INIT?LCD1602                    -----    -----
  +--> ?PR?_LCD_WRITECOMMAND?LCD1602

?PR?_LCD_WRITECOMMAND?LCD1602           -----    -----
  +--> ?PR?LCD_DELAY?LCD1602

?PR?_LCD_SHOWSTRING?LCD1602             0015H    0003H
  +--> ?PR?_LCD_SETCURSOR?LCD1602
  +--> ?PR?_LCD_WRITEDATA?LCD1602

?PR?_LCD_SETCURSOR?LCD1602              -----    -----
  +--> ?PR?_LCD_WRITECOMMAND?LCD1602

?PR?_LCD_WRITEDATA?LCD1602              -----    -----
  +--> ?PR?LCD_DELAY?LCD1602

?PR?_LCD_SHOWSIGNEDNUM?LCD1602          0015H    0007H
  +--> ?PR?_LCD_SETCURSOR?LCD1602
  +--> ?PR?_LCD_WRITEDATA?LCD1602
  +--> ?PR?_LCD_POW?LCD1602

?PR?_LCD_POW?LCD1602                    001CH    0004H

?PR?DS18B20_READT?DS18B20               0015H    0001H
  +--> ?PR?ONEWIRE_INIT?ONEWIRE
  +--> ?PR?_ONEWIRE_SENDBYTE?ONEWIRE
  +--> ?PR?ONEWIRE_RECEIVEBYTE?ONEWIRE

?PR?ONEWIRE_RECEIVEBYTE?ONEWIRE         -----    -----
  +--> ?PR?ONEWIRE_RECEIVEBIT?ONEWIRE

?PR?_LCD_SHOWCHAR?LCD1602               -----    -----
  +--> ?PR?_LCD_SETCURSOR?LCD1602
BL51 BANKED LINKER/LOCATER V6.22                                                      08/01/2026  12:28:51  PAGE 4


  +--> ?PR?_LCD_WRITEDATA?LCD1602

?PR?_LCD_SHOWNUM?LCD1602                0015H    0005H
  +--> ?PR?_LCD_SETCURSOR?LCD1602
  +--> ?PR?_LCD_POW?LCD1602
  +--> ?PR?_LCD_WRITEDATA?LCD1602

?PR?_AT24C02_WRITEBYTE?AT24C02          0015H    0003H
  +--> ?PR?I2C_START?I2C
  +--> ?PR?_I2C_SENDBYTE?I2C
  +--> ?PR?I2C_RECEIVEACK?I2C
  +--> ?PR?I2C_STOP?I2C



SYMBOL TABLE OF MODULE:  .\Objects\project (MIAN)

  VALUE           TYPE          NAME
  ----------------------------------

  -------         MODULE        MIAN
  C:0000H         SYMBOL        _ICE_DUMMY_
  D:000AH         PUBLIC        TLow
  C:039FH         PUBLIC        main
  D:008CH         PUBLIC        TH0
  D:008AH         PUBLIC        TL0
  D:000BH         PUBLIC        T
  D:000FH         PUBLIC        THigh
  D:0010H         PUBLIC        KeyNum
  C:05BEH         PUBLIC        Timer0_Routinue
  D:0011H         PUBLIC        TShow
  -------         PROC          MAIN
  C:039FH         LINE#         14
  C:039FH         LINE#         15
  C:039FH         LINE#         16
  C:03A2H         LINE#         17
  C:03A9H         LINE#         18
  C:03B0H         LINE#         19
  C:03B7H         LINE#         20
  C:03D6H         LINE#         21
  C:03DCH         LINE#         22
  C:03DFH         LINE#         23
  C:03ECH         LINE#         24
  C:03F9H         LINE#         25
  C:0406H         LINE#         26
  C:0417H         LINE#         27
  C:0428H         LINE#         28
  C:042BH         LINE#         29
  C:042BH         LINE#         30
  C:042BH         LINE#         31
  C:0430H         LINE#         33
  C:0433H         LINE#         34
  C:043EH         LINE#         35
  C:0450H         LINE#         36
  C:0450H         LINE#         37
  C:0459H         LINE#         38
  C:046CH         LINE#         39
BL51 BANKED LINKER/LOCATER V6.22                                                      08/01/2026  12:28:51  PAGE 5


  C:046EH         LINE#         41
  C:046EH         LINE#         42
  C:0477H         LINE#         43
  C:0483H         LINE#         44
  C:0483H         LINE#         45
  C:049CH         LINE#         46
  C:04A5H         LINE#         47
  C:04CFH         LINE#         49
  C:04D6H         LINE#         50
  C:04D6H         LINE#         51
  C:04D9H         LINE#         52
  C:04DBH         LINE#         53
  C:04E7H         LINE#         54
  C:04E7H         LINE#         55
  C:04ECH         LINE#         56
  C:04EEH         LINE#         57
  C:04FDH         LINE#         58
  C:04FDH         LINE#         59
  C:0502H         LINE#         60
  C:0504H         LINE#         61
  C:0513H         LINE#         62
  C:0513H         LINE#         63
  C:0518H         LINE#         64
  C:051AH         LINE#         65
  C:0526H         LINE#         66
  C:0526H         LINE#         67
  C:0537H         LINE#         68
  C:0548H         LINE#         69
  C:0554H         LINE#         70
  C:055BH         LINE#         71
  C:0567H         LINE#         72
  C:056EH         LINE#         73
  C:056EH         LINE#         74
  C:0583H         LINE#         75
  C:0583H         LINE#         76
  C:0589H         LINE#         77
  C:058BH         LINE#         78
  C:059EH         LINE#         79
  C:059EH         LINE#         80
  C:05ABH         LINE#         81
  C:05AEH         LINE#         83
  C:05AEH         LINE#         84
  C:05BBH         LINE#         85
  C:05BBH         LINE#         86
  -------         ENDPROC       MAIN
  -------         PROC          TIMER0_ROUTINUE
  -------         DO            
  D:0008H         SYMBOL        T0Count
  -------         ENDDO         
  C:05BEH         LINE#         88
  C:05DBH         LINE#         91
  C:05DEH         LINE#         92
  C:05E1H         LINE#         93
  C:05E9H         LINE#         94
  C:05F2H         LINE#         95
  C:05F2H         LINE#         96
  C:05F8H         LINE#         97
BL51 BANKED LINKER/LOCATER V6.22                                                      08/01/2026  12:28:51  PAGE 6


  C:05FBH         LINE#         98
  C:05FBH         LINE#         99
  -------         ENDPROC       TIMER0_ROUTINUE
  -------         ENDMOD        MIAN

  -------         MODULE        DELAY
  C:0000H         SYMBOL        _ICE_DUMMY_
  C:0935H         PUBLIC        _Delay
  -------         PROC          _DELAY
  D:0006H         SYMBOL        xms
  -------         DO            
  D:0005H         SYMBOL        i
  D:0004H         SYMBOL        j
  -------         ENDDO         
  C:0935H         LINE#         1
  C:0935H         LINE#         2
  C:0935H         LINE#         5
  C:093FH         LINE#         6
  C:093FH         LINE#         7
  C:0941H         LINE#         8
  C:0943H         LINE#         12
  C:0943H         LINE#         13
  C:0945H         LINE#         14
  C:0947H         LINE#         15
  C:0949H         LINE#         16
  -------         ENDPROC       _DELAY
  -------         ENDMOD        DELAY

  -------         MODULE        LCD1602
  C:0000H         SYMBOL        _ICE_DUMMY_
  D:0080H         PUBLIC        P0
  D:00A0H         PUBLIC        P2
  C:0992H         PUBLIC        _LCD_WriteCommand
  C:0853H         PUBLIC        _LCD_ShowNum
  C:06C2H         PUBLIC        _LCD_ShowBinNum
  C:0964H         PUBLIC        LCD_Delay
  C:0650H         PUBLIC        _LCD_ShowHexNum
  C:080DH         PUBLIC        _LCD_WriteData
  B:00A0H.7       PUBLIC        LCD_EN
  C:094AH         PUBLIC        LCD_Init
  C:07D6H         PUBLIC        _LCD_ShowString
  C:099CH         PUBLIC        _LCD_ShowChar
  B:00A0H.6       PUBLIC        LCD_RS
  B:00A0H.5       PUBLIC        LCD_RW
  C:08F3H         PUBLIC        _LCD_SetCursor
  C:0616H         PUBLIC        _LCD_ShowSignedNum
  C:0706H         PUBLIC        _LCD_Pow
  -------         PROC          L?0048
  -------         ENDPROC       L?0048
  -------         PROC          LCD_DELAY
  -------         DO            
  D:0007H         SYMBOL        i
  D:0006H         SYMBOL        j
  -------         ENDDO         
  C:0964H         LINE#         15
  C:0964H         LINE#         16
  C:0964H         LINE#         19
BL51 BANKED LINKER/LOCATER V6.22                                                      08/01/2026  12:28:51  PAGE 7


  C:0966H         LINE#         20
  C:0968H         LINE#         22
  C:0968H         LINE#         23
  C:096AH         LINE#         24
  C:096CH         LINE#         25
  -------         ENDPROC       LCD_DELAY
  -------         PROC          _LCD_WRITECOMMAND
  D:0007H         SYMBOL        Command
  C:0992H         LINE#         32
  C:0992H         LINE#         33
  C:0992H         LINE#         34
  C:0994H         LINE#         35
  C:0994H         LINE#         36
  C:0994H         LINE#         37
  C:0994H         LINE#         38
  C:0997H         LINE#         39
  C:0999H         LINE#         40
  -------         ENDPROC       _LCD_WRITECOMMAND
  -------         PROC          L?0047
  -------         ENDPROC       L?0047
  -------         PROC          _LCD_WRITEDATA
  D:0007H         SYMBOL        Data
  C:080DH         LINE#         48
  C:080DH         LINE#         49
  C:080DH         LINE#         50
  C:080FH         LINE#         51
  C:080FH         LINE#         52
  C:080FH         LINE#         53
  C:080FH         LINE#         54
  C:0812H         LINE#         55
  C:0814H         LINE#         56
  -------         ENDPROC       _LCD_WRITEDATA
  -------         PROC          _LCD_SETCURSOR
  D:0006H         SYMBOL        Line
  D:0005H         SYMBOL        Column
  C:08F3H         LINE#         65
  C:08F5H         LINE#         66
  C:08F5H         LINE#         67
  C:08F8H         LINE#         68
  C:08F8H         LINE#         69
  C:08FAH         LINE#         70
  C:08FCH         LINE#         71
  C:08FFH         LINE#         72
  C:08FFH         LINE#         73
  C:0908H         LINE#         74
  C:0908H         LINE#         75
  -------         ENDPROC       _LCD_SETCURSOR
  -------         PROC          LCD_INIT
  C:094AH         LINE#         82
  C:094AH         LINE#         83
  C:094AH         LINE#         84
  C:094FH         LINE#         85
  C:0954H         LINE#         86
  C:0959H         LINE#         87
  -------         ENDPROC       LCD_INIT
  -------         PROC          _LCD_SHOWCHAR
  D:0006H         SYMBOL        Line
BL51 BANKED LINKER/LOCATER V6.22                                                      08/01/2026  12:28:51  PAGE 8


  D:0005H         SYMBOL        Column
  D:0004H         SYMBOL        Char
  C:099CH         LINE#         97
  C:099EH         LINE#         98
  C:099EH         LINE#         99
  C:09A1H         LINE#         100
  -------         ENDPROC       _LCD_SHOWCHAR
  -------         PROC          _LCD_SHOWSTRING
  D:0007H         SYMBOL        Line
  D:0005H         SYMBOL        Column
  D:0015H         SYMBOL        String
  -------         DO            
  D:0005H         SYMBOL        i
  -------         ENDDO         
  C:07D6H         LINE#         110
  C:07DCH         LINE#         111
  C:07DCH         LINE#         113
  C:07DFH         LINE#         114
  C:07F2H         LINE#         115
  C:07F2H         LINE#         116
  C:07F5H         LINE#         117
  C:07F8H         LINE#         118
  -------         ENDPROC       _LCD_SHOWSTRING
  C:06FCH         SYMBOL        L?0046
  -------         PROC          L?0045
  -------         ENDPROC       L?0045
  C:06FCH         SYMBOL        L?0046
  -------         PROC          _LCD_POW
  D:001CH         SYMBOL        X
  D:001EH         SYMBOL        Y
  -------         DO            
  D:0003H         SYMBOL        i
  D:0006H         SYMBOL        Result
  -------         ENDDO         
  C:0706H         LINE#         123
  C:070EH         LINE#         124
  C:070EH         LINE#         126
  C:0712H         LINE#         127
  C:0722H         LINE#         128
  C:0722H         LINE#         129
  C:0729H         LINE#         130
  C:072CH         LINE#         131
  C:072CH         LINE#         132
  -------         ENDPROC       _LCD_POW
  -------         PROC          _LCD_SHOWNUM
  D:0007H         SYMBOL        Line
  D:0005H         SYMBOL        Column
  D:0017H         SYMBOL        Number
  D:0019H         SYMBOL        Length
  -------         DO            
  D:0002H         SYMBOL        i
  -------         ENDDO         
  C:0853H         LINE#         142
  C:0857H         LINE#         143
  C:0857H         LINE#         145
  C:085AH         LINE#         146
  C:0862H         LINE#         147
BL51 BANKED LINKER/LOCATER V6.22                                                      08/01/2026  12:28:51  PAGE 9


  C:0862H         LINE#         148
  C:086CH         LINE#         149
  C:086FH         LINE#         150
  -------         ENDPROC       _LCD_SHOWNUM
  -------         PROC          _LCD_SHOWSIGNEDNUM
  D:0007H         SYMBOL        Line
  D:0005H         SYMBOL        Column
  D:0002H         SYMBOL        Number
  D:0019H         SYMBOL        Length
  -------         DO            
  D:0002H         SYMBOL        i
  D:001AH         SYMBOL        Number1
  -------         ENDDO         
  C:0616H         LINE#         160
  C:0616H         LINE#         161
  C:0616H         LINE#         164
  C:0619H         LINE#         165
  C:0621H         LINE#         166
  C:0621H         LINE#         167
  C:0626H         LINE#         168
  C:062AH         LINE#         169
  C:062CH         LINE#         171
  C:062CH         LINE#         172
  C:0631H         LINE#         173
  C:063AH         LINE#         174
  C:063AH         LINE#         175
  C:0642H         LINE#         176
  C:0642H         LINE#         177
  C:064CH         LINE#         178
  C:064FH         LINE#         179
  -------         ENDPROC       _LCD_SHOWSIGNEDNUM
  -------         PROC          _LCD_SHOWHEXNUM
  D:0007H         SYMBOL        Line
  D:0005H         SYMBOL        Column
  D:0022H         SYMBOL        Number
  D:0024H         SYMBOL        Length
  -------         DO            
  D:0002H         SYMBOL        i
  D:0006H         SYMBOL        SingleNumber
  -------         ENDDO         
  C:0650H         LINE#         189
  C:0654H         LINE#         190
  C:0654H         LINE#         192
  C:0657H         LINE#         193
  C:065FH         LINE#         194
  C:065FH         LINE#         195
  C:0675H         LINE#         196
  C:067BH         LINE#         197
  C:067BH         LINE#         198
  C:067DH         LINE#         199
  C:067FH         LINE#         201
  C:067FH         LINE#         202
  C:0685H         LINE#         203
  C:0685H         LINE#         204
  C:0688H         LINE#         205
  -------         ENDPROC       _LCD_SHOWHEXNUM
  -------         PROC          _LCD_SHOWBINNUM
BL51 BANKED LINKER/LOCATER V6.22                                                      08/01/2026  12:28:51  PAGE 10


  D:0007H         SYMBOL        Line
  D:0005H         SYMBOL        Column
  D:0027H         SYMBOL        Number
  D:0029H         SYMBOL        Length
  -------         DO            
  D:0002H         SYMBOL        i
  -------         ENDDO         
  C:06C2H         LINE#         215
  C:06C6H         LINE#         216
  C:06C6H         LINE#         218
  C:06C9H         LINE#         219
  C:06D1H         LINE#         220
  C:06D1H         LINE#         221
  C:06F6H         LINE#         222
  C:06F9H         LINE#         223
  -------         ENDPROC       _LCD_SHOWBINNUM
  -------         ENDMOD        LCD1602

  -------         MODULE        ONEWIRE
  C:0000H         SYMBOL        _ICE_DUMMY_
  D:00B0H         PUBLIC        P3
  B:00A8H.7       PUBLIC        EA
  C:088DH         PUBLIC        OneWire_ReceiveBit
  B:00B0H.7       PUBLIC        OneWire_DQ
  C:0817H         PUBLIC        OneWire_Init
  C:08C3H         PUBLIC        _OneWire_SendByte
  C:0909H         PUBLIC        _OneWire_SendBit
  C:0870H         PUBLIC        OneWire_ReceiveByte
  -------         PROC          ONEWIRE_INIT
  -------         DO            
  D:0007H         SYMBOL        i
  D:0006H         SYMBOL        AckBit
  -------         ENDDO         
  C:0817H         LINE#         4
  C:0817H         LINE#         5
  C:0817H         LINE#         8
  C:0819H         LINE#         10
  C:081BH         LINE#         11
  C:081DH         LINE#         13
  C:0821H         LINE#         15
  C:0823H         LINE#         16
  C:0827H         LINE#         17
  C:082CH         LINE#         18
  C:0830H         LINE#         19
  C:0832H         LINE#         20
  C:0834H         LINE#         21
  -------         ENDPROC       ONEWIRE_INIT
  -------         PROC          _ONEWIRE_SENDBIT
  D:0007H         SYMBOL        Bit
  -------         DO            
  D:0006H         SYMBOL        i
  -------         ENDDO         
  C:0909H         LINE#         23
  C:0909H         LINE#         24
  C:0909H         LINE#         26
  C:090BH         LINE#         28
  C:090DH         LINE#         29
BL51 BANKED LINKER/LOCATER V6.22                                                      08/01/2026  12:28:51  PAGE 11


  C:0911H         LINE#         30
  C:0916H         LINE#         31
  C:091AH         LINE#         32
  C:091CH         LINE#         34
  C:091EH         LINE#         35
  -------         ENDPROC       _ONEWIRE_SENDBIT
  -------         PROC          ONEWIRE_RECEIVEBIT
  -------         DO            
  D:0007H         SYMBOL        i
  D:0006H         SYMBOL        Bit
  -------         ENDDO         
  C:088DH         LINE#         37
  C:088DH         LINE#         38
  C:088DH         LINE#         41
  C:088FH         LINE#         43
  C:0891H         LINE#         44
  C:0895H         LINE#         45
  C:0897H         LINE#         46
  C:089BH         LINE#         47
  C:08A0H         LINE#         48
  C:08A4H         LINE#         49
  C:08A6H         LINE#         50
  C:08A8H         LINE#         51
  -------         ENDPROC       ONEWIRE_RECEIVEBIT
  -------         PROC          _ONEWIRE_SENDBYTE
  D:0005H         SYMBOL        Byte
  -------         DO            
  D:0004H         SYMBOL        i
  -------         ENDDO         
  C:08C3H         LINE#         53
  C:08C5H         LINE#         54
  C:08C5H         LINE#         56
  C:08C7H         LINE#         57
  C:08C7H         LINE#         58
  C:08D7H         LINE#         59
  C:08DBH         LINE#         60
  -------         ENDPROC       _ONEWIRE_SENDBYTE
  -------         PROC          ONEWIRE_RECEIVEBYTE
  -------         DO            
  D:0004H         SYMBOL        i
  D:0005H         SYMBOL        Byte
  -------         ENDDO         
  C:0870H         LINE#         62
  C:0870H         LINE#         63
  C:0870H         LINE#         65
  C:0872H         LINE#         66
  C:0873H         LINE#         67
  C:0873H         LINE#         68
  C:0886H         LINE#         69
  C:088AH         LINE#         70
  C:088CH         LINE#         71
  -------         ENDPROC       ONEWIRE_RECEIVEBYTE
  -------         ENDMOD        ONEWIRE

  -------         MODULE        DS18B20
  C:0000H         SYMBOL        _ICE_DUMMY_
  C:096DH         PUBLIC        DS18B20_ConvertT
BL51 BANKED LINKER/LOCATER V6.22                                                      08/01/2026  12:28:51  PAGE 12


  C:075DH         PUBLIC        DS18B20_ReadT
  -------         PROC          DS18B20_CONVERTT
  C:096DH         LINE#         6
  C:096DH         LINE#         7
  C:096DH         LINE#         8
  C:0970H         LINE#         9
  C:0975H         LINE#         10
  -------         ENDPROC       DS18B20_CONVERTT
  -------         PROC          DS18B20_READT
  -------         DO            
  D:0015H         SYMBOL        TLSB
  D:0007H         SYMBOL        TMSB
  D:0006H         SYMBOL        Temp
  D:0004H         SYMBOL        T
  -------         ENDDO         
  C:075DH         LINE#         12
  C:075DH         LINE#         13
  C:075DH         LINE#         17
  C:0760H         LINE#         18
  C:0765H         LINE#         19
  C:076AH         LINE#         20
  C:076FH         LINE#         21
  C:0772H         LINE#         22
  C:0777H         LINE#         24
  C:0788H         LINE#         25
  C:0788H         LINE#         26
  -------         ENDPROC       DS18B20_READT
  -------         ENDMOD        DS18B20

  -------         MODULE        AT24C02
  C:0000H         SYMBOL        _ICE_DUMMY_
  C:072DH         PUBLIC        _AT24C02_ReadByte
  C:07B2H         PUBLIC        _AT24C02_WriteByte
  -------         PROC          _AT24C02_WRITEBYTE
  D:0015H         SYMBOL        WordAddress
  D:0016H         SYMBOL        Data
  C:07B2H         LINE#         11
  C:07B8H         LINE#         12
  C:07B8H         LINE#         13
  C:07BBH         LINE#         14
  C:07C0H         LINE#         15
  C:07C3H         LINE#         16
  C:07C8H         LINE#         17
  C:07CBH         LINE#         18
  C:07D0H         LINE#         19
  C:07D3H         LINE#         20
  -------         ENDPROC       _AT24C02_WRITEBYTE
  -------         PROC          _AT24C02_READBYTE
  D:0015H         SYMBOL        WordAddress
  -------         DO            
  D:0016H         SYMBOL        Data
  -------         ENDDO         
  C:072DH         LINE#         27
  C:072FH         LINE#         28
  C:072FH         LINE#         30
  C:0732H         LINE#         31
  C:0737H         LINE#         32
BL51 BANKED LINKER/LOCATER V6.22                                                      08/01/2026  12:28:51  PAGE 13


  C:073AH         LINE#         33
  C:073FH         LINE#         34
  C:0742H         LINE#         35
  C:0745H         LINE#         36
  C:074AH         LINE#         37
  C:074DH         LINE#         38
  C:0752H         LINE#         39
  C:0757H         LINE#         40
  C:075AH         LINE#         41
  C:075CH         LINE#         42
  -------         ENDPROC       _AT24C02_READBYTE
  -------         ENDMOD        AT24C02

  -------         MODULE        I2C
  C:0000H         SYMBOL        _ICE_DUMMY_
  B:00A0H.1       PUBLIC        I2C_SCL
  D:00A0H         PUBLIC        P2
  C:09B0H         PUBLIC        I2C_Start
  C:09A6H         PUBLIC        _I2C_SendAck
  C:0789H         PUBLIC        _I2C_SendByte
  C:0003H         PUBLIC        I2C_Stop
  C:097AH         PUBLIC        I2C_ReceiveAck
  B:00A0H.0       PUBLIC        I2C_SDA
  C:0835H         PUBLIC        I2C_ReceiveByte
  -------         PROC          I2C_START
  C:09B0H         LINE#         9
  C:09B0H         LINE#         10
  C:09B0H         LINE#         12
  C:09B2H         LINE#         13
  C:09B4H         LINE#         15
  C:09B6H         LINE#         16
  C:09B8H         LINE#         17
  -------         ENDPROC       I2C_START
  -------         PROC          I2C_STOP
  C:0003H         LINE#         23
  C:0003H         LINE#         24
  C:0003H         LINE#         26
  C:0005H         LINE#         28
  C:0007H         LINE#         29
  C:0009H         LINE#         30
  -------         ENDPROC       I2C_STOP
  -------         PROC          _I2C_SENDBYTE
  D:0005H         SYMBOL        Byte
  -------         DO            
  D:0003H         SYMBOL        i
  -------         ENDDO         
  C:0789H         LINE#         36
  C:078BH         LINE#         37
  C:078BH         LINE#         39
  C:078DH         LINE#         40
  C:078DH         LINE#         42
  C:07A9H         LINE#         44
  C:07ABH         LINE#         45
  C:07ADH         LINE#         46
  C:07B1H         LINE#         47
  -------         ENDPROC       _I2C_SENDBYTE
  -------         PROC          I2C_RECEIVEBYTE
BL51 BANKED LINKER/LOCATER V6.22                                                      08/01/2026  12:28:51  PAGE 14


  -------         DO            
  D:0006H         SYMBOL        i
  D:0007H         SYMBOL        Byte
  -------         ENDDO         
  C:0835H         LINE#         53
  C:0835H         LINE#         54
  C:0835H         LINE#         55
  C:0837H         LINE#         56
  C:0839H         LINE#         58
  C:083AH         LINE#         59
  C:083AH         LINE#         60
  C:083CH         LINE#         61
  C:083FH         LINE#         62
  C:083FH         LINE#         63
  C:084CH         LINE#         64
  C:084CH         LINE#         65
  C:084EH         LINE#         66
  C:0852H         LINE#         67
  C:0852H         LINE#         68
  -------         ENDPROC       I2C_RECEIVEBYTE
  -------         PROC          _I2C_SENDACK
  D:0007H         SYMBOL        AckBit
  C:09A6H         LINE#         74
  C:09A6H         LINE#         75
  C:09A6H         LINE#         76
  C:09ABH         LINE#         77
  C:09ADH         LINE#         78
  C:09AFH         LINE#         79
  -------         ENDPROC       _I2C_SENDACK
  -------         PROC          I2C_RECEIVEACK
  -------         DO            
  D:0007H         SYMBOL        AckBit
  -------         ENDDO         
  C:097AH         LINE#         85
  C:097AH         LINE#         86
  C:097AH         LINE#         88
  C:097CH         LINE#         89
  C:097EH         LINE#         90
  C:0983H         LINE#         91
  C:0985H         LINE#         92
  C:0985H         LINE#         93
  -------         ENDPROC       I2C_RECEIVEACK
  -------         ENDMOD        I2C

  -------         MODULE        TIMER0
  C:0000H         SYMBOL        _ICE_DUMMY_
  B:00A8H.7       PUBLIC        EA
  C:08DCH         PUBLIC        Timer0_Init
  D:0089H         PUBLIC        TMOD
  B:00A8H.1       PUBLIC        ET0
  B:0088H.5       PUBLIC        TF0
  D:008CH         PUBLIC        TH0
  D:008AH         PUBLIC        TL0
  B:00B8H.1       PUBLIC        PT0
  B:0088H.4       PUBLIC        TR0
  -------         PROC          TIMER0_INIT
  C:08DCH         LINE#         3
BL51 BANKED LINKER/LOCATER V6.22                                                      08/01/2026  12:28:51  PAGE 15


  C:08DCH         LINE#         4
  C:08DCH         LINE#         11
  C:08DFH         LINE#         12
  C:08E2H         LINE#         13
  C:08E5H         LINE#         14
  C:08E8H         LINE#         15
  C:08EAH         LINE#         16
  C:08ECH         LINE#         18
  C:08EEH         LINE#         19
  C:08F0H         LINE#         20
  C:08F2H         LINE#         21
  -------         ENDPROC       TIMER0_INIT
  -------         ENDMOD        TIMER0

  -------         MODULE        KEY
  C:0000H         SYMBOL        _ICE_DUMMY_
  B:00B0H.0       PUBLIC        P3_0
  B:00B0H.1       PUBLIC        P3_1
  B:00B0H.2       PUBLIC        P3_2
  B:00B0H.3       PUBLIC        P3_3
  D:002CH         PUBLIC        Key_KeyNumber
  C:0689H         PUBLIC        Key_Loop
  C:09B9H         PUBLIC        Key
  C:091FH         PUBLIC        Key_GetState
  -------         PROC          KEY
  -------         DO            
  D:0007H         SYMBOL        Temp
  -------         ENDDO         
  C:09B9H         LINE#         4
  C:09B9H         LINE#         5
  C:09B9H         LINE#         6
  C:09BAH         LINE#         7
  C:09BCH         LINE#         8
  C:09BEH         LINE#         9
  C:09BEH         LINE#         10
  -------         ENDPROC       KEY
  -------         PROC          KEY_GETSTATE
  -------         DO            
  D:0007H         SYMBOL        Keynumber
  -------         ENDDO         
  C:091FH         LINE#         11
  C:091FH         LINE#         12
  C:091FH         LINE#         13
  C:0921H         LINE#         14
  C:0925H         LINE#         15
  C:092AH         LINE#         16
  C:092FH         LINE#         17
  C:0934H         LINE#         18
  C:0934H         LINE#         19
  -------         ENDPROC       KEY_GETSTATE
  -------         PROC          KEY_LOOP
  -------         DO            
  D:002AH         SYMBOL        NowState
  D:002BH         SYMBOL        LastState
  -------         ENDDO         
  C:0689H         LINE#         20
  C:0689H         LINE#         21
BL51 BANKED LINKER/LOCATER V6.22                                                      08/01/2026  12:28:51  PAGE 16


  C:0689H         LINE#         23
  C:068CH         LINE#         24
  C:0691H         LINE#         25
  C:069AH         LINE#         26
  C:069AH         LINE#         27
  C:069DH         LINE#         28
  C:069DH         LINE#         29
  C:06A6H         LINE#         30
  C:06A6H         LINE#         31
  C:06A9H         LINE#         32
  C:06A9H         LINE#         33
  C:06B2H         LINE#         34
  C:06B2H         LINE#         35
  C:06B5H         LINE#         36
  C:06B5H         LINE#         37
  C:06BEH         LINE#         38
  C:06BEH         LINE#         39
  C:06C1H         LINE#         40
  C:06C1H         LINE#         41
  -------         ENDPROC       KEY_LOOP
  -------         ENDMOD        KEY

  -------         MODULE        ?C?FPMUL
  C:000EH         PUBLIC        ?C?FPMUL
  -------         ENDMOD        ?C?FPMUL

  -------         MODULE        ?C?FPDIV
  C:0117H         PUBLIC        ?C?FPDIV
  -------         ENDMOD        ?C?FPDIV

  -------         MODULE        ?C?FPCMP
  C:01B6H         PUBLIC        ?C?FPCMP
  C:01B4H         PUBLIC        ?C?FPCMP3
  -------         ENDMOD        ?C?FPCMP

  -------         MODULE        ?C?FPNEG
  C:022DH         PUBLIC        ?C?FPNEG
  -------         ENDMOD        ?C?FPNEG

  -------         MODULE        ?C?FCAST
  C:0248H         PUBLIC        ?C?FCASTC
  C:0243H         PUBLIC        ?C?FCASTI
  C:023EH         PUBLIC        ?C?FCASTL
  -------         ENDMOD        ?C?FCAST

  -------         MODULE        ?C?CASTF
  C:027CH         PUBLIC        ?C?CASTF
  -------         ENDMOD        ?C?CASTF

  -------         MODULE        ?C?CLDOPTR
  C:02FDH         PUBLIC        ?C?CLDOPTR
  -------         ENDMOD        ?C?CLDOPTR

  -------         MODULE        ?C?IMUL
  C:032AH         PUBLIC        ?C?IMUL
  -------         ENDMOD        ?C?IMUL

BL51 BANKED LINKER/LOCATER V6.22                                                      08/01/2026  12:28:51  PAGE 17


  -------         MODULE        ?C?UIDIV
  C:033CH         PUBLIC        ?C?UIDIV
  -------         ENDMOD        ?C?UIDIV

  -------         MODULE        ?C?LNEG
  C:0391H         PUBLIC        ?C?LNEG
  -------         ENDMOD        ?C?LNEG

Program Size: data=46.0 xdata=0 code=2494
LINK/LOCATE RUN COMPLETE.  0 WARNING(S),  0 ERROR(S)
