C51 COMPILER V9.54   MAIN                                                                  07/30/2026 12:23:04 PAGE 1   


C51 COMPILER V9.54, COMPILATION OF MODULE MAIN
OBJECT MODULE PLACED IN .\Objects\main.obj
COMPILER INVOKED BY: C:\Keil_v5\C51\BIN\C51.EXE main.c OPTIMIZE(8,SPEED) BROWSE DEBUG OBJECTEXTEND PRINT(.\Listings\main
                    -.lst) OBJECT(.\Objects\main.obj)

line level    source

   1          #include <REGX52.H>
   2          #include "Delay.h"
   3          #include "Key.h"
   4          #include "LCD1602.h"
   5          #include "AT24C02.h"
   6          unsigned char KeyNum;
   7          unsigned int Num;
   8          void main()
   9          {
  10   1              LCD_Init();
  11   1              LCD_ShowNum(1,1,Num,5);
  12   1              while(1)
  13   1              {
  14   2                      KeyNum=Key();
  15   2                      if(KeyNum==1)
  16   2                      {
  17   3                      Num++;
  18   3                      LCD_ShowNum(1,1,Num,5);
  19   3                      }
  20   2                      if(KeyNum==2)
  21   2                      {
  22   3                      Num--;
  23   3                      LCD_ShowNum(1,1,Num,5);
  24   3                      }
  25   2                      if(KeyNum==3)
  26   2                      {
  27   3                      AT24C02_WriteByte(0,Num%256);
  28   3                      Delay(5);
  29   3                      AT24C02_WriteByte(1,Num/256);
  30   3                      Delay(5);
  31   3                      LCD_ShowString(2,1,"Write OK");
  32   3                      Delay(100);
  33   3                      LCD_ShowString(2,1,"        ");
  34   3                      }
  35   2                      if(KeyNum==4)
  36   2                      {
  37   3                      Num=AT24C02_ReadByte(0);
  38   3                      Num|=AT24C02_ReadByte(1)<<8;
  39   3                      LCD_ShowNum(1,1,Num,5);
  40   3                      LCD_ShowString(2,1,"Read OK");
  41   3                      Delay(100);
  42   3                      LCD_ShowString(2,1,"       ");
  43   3                      }
  44   2              }
  45   1      }


MODULE INFORMATION:   STATIC OVERLAYABLE
   CODE SIZE        =    223    ----
   CONSTANT SIZE    =     34    ----
   XDATA SIZE       =   ----    ----
   PDATA SIZE       =   ----    ----
   DATA SIZE        =      3    ----
   IDATA SIZE       =   ----    ----
C51 COMPILER V9.54   MAIN                                                                  07/30/2026 12:23:04 PAGE 2   

   BIT SIZE         =   ----    ----
END OF MODULE INFORMATION.


C51 COMPILATION COMPLETE.  0 WARNING(S),  0 ERROR(S)
