BL51 BANKED LINKER/LOCATER V6.22                                                        08/01/2026  21:05:59  PAGE 1


BL51 BANKED LINKER/LOCATER V6.22, INVOKED BY:
C:\KEIL_V5\C51\BIN\BL51.EXE .\Objects\main.obj, .\Objects\LCD1602.obj, .\Objects\Delay.obj TO .\Objects\project PRINT (.
>> \Listings\project.m51) RAMSIZE (256)


MEMORY MODEL: SMALL


INPUT MODULES INCLUDED:
  .\Objects\main.obj (MAIN)
  .\Objects\LCD1602.obj (LCD1602)
  .\Objects\Delay.obj (DELAY)
  C:\KEIL_V5\C51\LIB\C51S.LIB (?C_STARTUP)
  C:\KEIL_V5\C51\LIB\C51S.LIB (?C?CLDOPTR)
  C:\KEIL_V5\C51\LIB\C51S.LIB (?C?IMUL)
  C:\KEIL_V5\C51\LIB\C51S.LIB (?C?UIDIV)


LINK MAP OF MODULE:  .\Objects\project (MAIN)


            TYPE    BASE      LENGTH    RELOCATION   SEGMENT NAME
            -----------------------------------------------------

            * * * * * * *   D A T A   M E M O R Y   * * * * * * *
            REG     0000H     0008H     ABSOLUTE     "REG BANK 0"
            DATA    0008H     000BH     UNIT         _DATA_GROUP_
            IDATA   0013H     0001H     UNIT         ?STACK

            * * * * * * *   C O D E   M E M O R Y   * * * * * * *
            CODE    0000H     0003H     ABSOLUTE     
            CODE    0003H     0094H     UNIT         ?C?LIB_CODE
            CODE    0097H     0075H     UNIT         ?PR?MAIN?MAIN
            CODE    010CH     0043H     UNIT         ?PR?_LCD_SHOWSIGNEDNUM?LCD1602
            CODE    014FH     0039H     UNIT         ?PR?_LCD_SHOWHEXNUM?LCD1602
            CODE    0188H     0038H     UNIT         ?PR?_LCD_SHOWBINNUM?LCD1602
            CODE    01C0H     0033H     UNIT         ?PR?_LCD_POW?LCD1602
            CODE    01F3H     0023H     UNIT         ?PR?_LCD_SHOWSTRING?LCD1602
            CODE    0216H     001EH     UNIT         ?PR?_LCD_WRITEDATA?LCD1602
            CODE    0234H     001DH     UNIT         ?PR?_LCD_SHOWNUM?LCD1602
            CODE    0251H     0018H     UNIT         ?CO?MAIN
            CODE    0269H     0015H     UNIT         ?PR?_DELAY?DELAY
            CODE    027EH     0014H     UNIT         ?PR?LCD_INIT?LCD1602
            CODE    0292H     0010H     UNIT         ?PR?_LCD_SETCURSOR?LCD1602
            CODE    02A2H     000FH     UNIT         ?PR?LCD_DELAY?LCD1602
            CODE    02B1H     000CH     UNIT         ?C_C51STARTUP
            CODE    02BDH     000AH     UNIT         ?PR?_LCD_WRITECOMMAND?LCD1602
            CODE    02C7H     000AH     UNIT         ?PR?_LCD_SHOWCHAR?LCD1602



OVERLAY MAP OF MODULE:   .\Objects\project (MAIN)


SEGMENT                                  DATA_GROUP 
  +--> CALLED SEGMENT                  START    LENGTH
------------------------------------------------------
?C_C51STARTUP                          -----    -----
BL51 BANKED LINKER/LOCATER V6.22                                                      08/01/2026  21:05:59  PAGE 2


  +--> ?PR?MAIN?MAIN

?PR?MAIN?MAIN                          -----    -----
  +--> ?PR?LCD_INIT?LCD1602
  +--> ?PR?_LCD_SHOWCHAR?LCD1602
  +--> ?CO?MAIN
  +--> ?PR?_LCD_SHOWSTRING?LCD1602
  +--> ?PR?_LCD_SHOWNUM?LCD1602
  +--> ?PR?_LCD_SHOWSIGNEDNUM?LCD1602
  +--> ?PR?_LCD_SHOWHEXNUM?LCD1602
  +--> ?PR?_LCD_SHOWBINNUM?LCD1602
  +--> ?PR?_LCD_WRITECOMMAND?LCD1602
  +--> ?PR?_DELAY?DELAY

?PR?LCD_INIT?LCD1602                   -----    -----
  +--> ?PR?_LCD_WRITECOMMAND?LCD1602

?PR?_LCD_WRITECOMMAND?LCD1602          -----    -----
  +--> ?PR?LCD_DELAY?LCD1602

?PR?_LCD_SHOWCHAR?LCD1602              -----    -----
  +--> ?PR?_LCD_SETCURSOR?LCD1602
  +--> ?PR?_LCD_WRITEDATA?LCD1602

?PR?_LCD_SETCURSOR?LCD1602             -----    -----
  +--> ?PR?_LCD_WRITECOMMAND?LCD1602

?PR?_LCD_WRITEDATA?LCD1602             -----    -----
  +--> ?PR?LCD_DELAY?LCD1602

?PR?_LCD_SHOWSTRING?LCD1602            0008H    0003H
  +--> ?PR?_LCD_SETCURSOR?LCD1602
  +--> ?PR?_LCD_WRITEDATA?LCD1602

?PR?_LCD_SHOWNUM?LCD1602               0008H    0005H
  +--> ?PR?_LCD_SETCURSOR?LCD1602
  +--> ?PR?_LCD_POW?LCD1602
  +--> ?PR?_LCD_WRITEDATA?LCD1602

?PR?_LCD_POW?LCD1602                   000FH    0004H

?PR?_LCD_SHOWSIGNEDNUM?LCD1602         0008H    0007H
  +--> ?PR?_LCD_SETCURSOR?LCD1602
  +--> ?PR?_LCD_WRITEDATA?LCD1602
  +--> ?PR?_LCD_POW?LCD1602

?PR?_LCD_SHOWHEXNUM?LCD1602            0008H    0005H
  +--> ?PR?_LCD_SETCURSOR?LCD1602
  +--> ?PR?_LCD_POW?LCD1602
  +--> ?PR?_LCD_WRITEDATA?LCD1602

?PR?_LCD_SHOWBINNUM?LCD1602            0008H    0005H
  +--> ?PR?_LCD_SETCURSOR?LCD1602
  +--> ?PR?_LCD_POW?LCD1602
  +--> ?PR?_LCD_WRITEDATA?LCD1602


BL51 BANKED LINKER/LOCATER V6.22                                                      08/01/2026  21:05:59  PAGE 3



SYMBOL TABLE OF MODULE:  .\Objects\project (MAIN)

  VALUE           TYPE          NAME
  ----------------------------------

  -------         MODULE        MAIN
  C:0000H         SYMBOL        _ICE_DUMMY_
  C:0097H         PUBLIC        main
  -------         PROC          MAIN
  C:0097H         LINE#         4
  C:0097H         LINE#         5
  C:0097H         LINE#         6
  C:009AH         LINE#         7
  C:00A3H         LINE#         8
  C:00B0H         LINE#         9
  C:00BEH         LINE#         10
  C:00CCH         LINE#         11
  C:00DAH         LINE#         12
  C:00E8H         LINE#         13
  C:00F1H         LINE#         14
  C:00FEH         LINE#         15
  C:00FEH         LINE#         16
  C:00FEH         LINE#         17
  C:0103H         LINE#         18
  C:010AH         LINE#         19
  -------         ENDPROC       MAIN
  -------         ENDMOD        MAIN

  -------         MODULE        LCD1602
  C:0000H         SYMBOL        _ICE_DUMMY_
  D:0080H         PUBLIC        P0
  D:00A0H         PUBLIC        P2
  C:02BDH         PUBLIC        _LCD_WriteCommand
  C:0234H         PUBLIC        _LCD_ShowNum
  C:0188H         PUBLIC        _LCD_ShowBinNum
  C:02A8H         PUBLIC        LCD_Delay
  C:014FH         PUBLIC        _LCD_ShowHexNum
  C:022AH         PUBLIC        _LCD_WriteData
  C:027EH         PUBLIC        LCD_Init
  C:01F3H         PUBLIC        _LCD_ShowString
  C:02C7H         PUBLIC        _LCD_ShowChar
  B:00A0H.6       PUBLIC        LCD_RS
  B:00A0H.5       PUBLIC        LCD_RW
  C:0292H         PUBLIC        _LCD_SetCursor
  C:010CH         PUBLIC        _LCD_ShowSignedNum
  C:01CCH         PUBLIC        _LCD_Pow
  B:00A0H.7       PUBLIC        LCD_E
  -------         PROC          L?0047
  -------         ENDPROC       L?0047
  -------         PROC          LCD_DELAY
  -------         DO            
  D:0007H         SYMBOL        i
  D:0006H         SYMBOL        j
  -------         ENDDO         
  C:02A8H         LINE#         7
  C:02A8H         LINE#         8
BL51 BANKED LINKER/LOCATER V6.22                                                      08/01/2026  21:05:59  PAGE 4


  C:02A8H         LINE#         10
  C:02AAH         LINE#         11
  C:02ACH         LINE#         13
  C:02ACH         LINE#         14
  C:02AEH         LINE#         15
  C:02B0H         LINE#         16
  -------         ENDPROC       LCD_DELAY
  -------         PROC          _LCD_WRITECOMMAND
  D:0007H         SYMBOL        Command
  C:02BDH         LINE#         17
  C:02BDH         LINE#         18
  C:02BDH         LINE#         19
  C:02BFH         LINE#         20
  C:02BFH         LINE#         21
  C:02BFH         LINE#         22
  C:02BFH         LINE#         23
  C:02C2H         LINE#         24
  C:02C4H         LINE#         25
  -------         ENDPROC       _LCD_WRITECOMMAND
  -------         PROC          L?0046
  -------         ENDPROC       L?0046
  -------         PROC          _LCD_WRITEDATA
  D:0007H         SYMBOL        Data
  C:022AH         LINE#         27
  C:022AH         LINE#         28
  C:022AH         LINE#         29
  C:022CH         LINE#         30
  C:022CH         LINE#         31
  C:022CH         LINE#         32
  C:022CH         LINE#         33
  C:022FH         LINE#         34
  C:0231H         LINE#         35
  -------         ENDPROC       _LCD_WRITEDATA
  -------         PROC          LCD_INIT
  C:027EH         LINE#         37
  C:027EH         LINE#         38
  C:027EH         LINE#         39
  C:0283H         LINE#         40
  C:0288H         LINE#         41
  C:028DH         LINE#         42
  -------         ENDPROC       LCD_INIT
  -------         PROC          _LCD_SETCURSOR
  D:0007H         SYMBOL        Line
  D:0005H         SYMBOL        Column
  C:0292H         LINE#         44
  C:0292H         LINE#         45
  C:0292H         LINE#         46
  C:0296H         LINE#         47
  C:0296H         LINE#         48
  C:0297H         LINE#         49
  C:0299H         LINE#         51
  C:0299H         LINE#         52
  C:02A1H         LINE#         53
  C:02A1H         LINE#         54
  -------         ENDPROC       _LCD_SETCURSOR
  -------         PROC          _LCD_SHOWCHAR
  D:0006H         SYMBOL        Line
BL51 BANKED LINKER/LOCATER V6.22                                                      08/01/2026  21:05:59  PAGE 5


  D:0005H         SYMBOL        Column
  D:0004H         SYMBOL        Char
  C:02C7H         LINE#         55
  C:02C9H         LINE#         56
  C:02C9H         LINE#         57
  C:02CCH         LINE#         58
  -------         ENDPROC       _LCD_SHOWCHAR
  -------         PROC          _LCD_SHOWSTRING
  D:0007H         SYMBOL        Line
  D:0005H         SYMBOL        Column
  D:0008H         SYMBOL        String
  -------         DO            
  D:0005H         SYMBOL        i
  -------         ENDDO         
  C:01F3H         LINE#         60
  C:01F9H         LINE#         61
  C:01F9H         LINE#         63
  C:01FCH         LINE#         64
  C:020FH         LINE#         65
  C:020FH         LINE#         66
  C:0212H         LINE#         67
  C:0215H         LINE#         68
  -------         ENDPROC       _LCD_SHOWSTRING
  C:01C2H         SYMBOL        L?0045
  -------         PROC          L?0044
  -------         ENDPROC       L?0044
  C:01C2H         SYMBOL        L?0045
  -------         PROC          _LCD_POW
  D:000FH         SYMBOL        X
  D:0011H         SYMBOL        Y
  -------         DO            
  D:0003H         SYMBOL        i
  D:0006H         SYMBOL        Result
  -------         ENDDO         
  C:01CCH         LINE#         69
  C:01D4H         LINE#         70
  C:01D4H         LINE#         72
  C:01D8H         LINE#         73
  C:01E8H         LINE#         74
  C:01E8H         LINE#         75
  C:01EFH         LINE#         76
  C:01F2H         LINE#         77
  C:01F2H         LINE#         78
  -------         ENDPROC       _LCD_POW
  -------         PROC          _LCD_SHOWNUM
  D:0007H         SYMBOL        Line
  D:0005H         SYMBOL        Column
  D:000AH         SYMBOL        Number
  D:000CH         SYMBOL        Length
  -------         DO            
  D:0002H         SYMBOL        i
  -------         ENDDO         
  C:0234H         LINE#         79
  C:0238H         LINE#         80
  C:0238H         LINE#         82
  C:023BH         LINE#         83
  C:0243H         LINE#         84
BL51 BANKED LINKER/LOCATER V6.22                                                      08/01/2026  21:05:59  PAGE 6


  C:0243H         LINE#         85
  C:024DH         LINE#         86
  C:0250H         LINE#         87
  -------         ENDPROC       _LCD_SHOWNUM
  -------         PROC          _LCD_SHOWSIGNEDNUM
  D:0007H         SYMBOL        Line
  D:0005H         SYMBOL        Column
  D:0002H         SYMBOL        Number
  D:000CH         SYMBOL        Length
  -------         DO            
  D:0002H         SYMBOL        i
  D:000DH         SYMBOL        Number1
  -------         ENDDO         
  C:010CH         LINE#         88
  C:010CH         LINE#         89
  C:010CH         LINE#         92
  C:010FH         LINE#         93
  C:0117H         LINE#         94
  C:0117H         LINE#         95
  C:011CH         LINE#         96
  C:0120H         LINE#         97
  C:0120H         LINE#         98
  C:012BH         LINE#         99
  C:012BH         LINE#         100
  C:0130H         LINE#         101
  C:0139H         LINE#         102
  C:0139H         LINE#         103
  C:0141H         LINE#         104
  C:0141H         LINE#         105
  C:014BH         LINE#         106
  C:014EH         LINE#         107
  -------         ENDPROC       _LCD_SHOWSIGNEDNUM
  -------         PROC          _LCD_SHOWHEXNUM
  D:0007H         SYMBOL        Line
  D:0005H         SYMBOL        Column
  D:000AH         SYMBOL        Number
  D:000CH         SYMBOL        Length
  -------         DO            
  D:0002H         SYMBOL        i
  D:0006H         SYMBOL        SingleNumber
  -------         ENDDO         
  C:014FH         LINE#         108
  C:0153H         LINE#         109
  C:0153H         LINE#         112
  C:0156H         LINE#         113
  C:015EH         LINE#         114
  C:015EH         LINE#         115
  C:0174H         LINE#         116
  C:017AH         LINE#         117
  C:017AH         LINE#         118
  C:017CH         LINE#         119
  C:017EH         LINE#         121
  C:017EH         LINE#         122
  C:0184H         LINE#         123
  C:0184H         LINE#         124
  C:0187H         LINE#         125
  -------         ENDPROC       _LCD_SHOWHEXNUM
BL51 BANKED LINKER/LOCATER V6.22                                                      08/01/2026  21:05:59  PAGE 7


  -------         PROC          _LCD_SHOWBINNUM
  D:0007H         SYMBOL        Line
  D:0005H         SYMBOL        Column
  D:000AH         SYMBOL        Number
  D:000CH         SYMBOL        Length
  -------         DO            
  D:0002H         SYMBOL        i
  -------         ENDDO         
  C:0188H         LINE#         126
  C:018CH         LINE#         127
  C:018CH         LINE#         129
  C:018FH         LINE#         130
  C:0197H         LINE#         131
  C:0197H         LINE#         132
  C:01BCH         LINE#         133
  C:01BFH         LINE#         134
  -------         ENDPROC       _LCD_SHOWBINNUM
  -------         ENDMOD        LCD1602

  -------         MODULE        DELAY
  C:0000H         SYMBOL        _ICE_DUMMY_
  C:0269H         PUBLIC        _Delay
  -------         PROC          _DELAY
  D:0006H         SYMBOL        xms
  -------         DO            
  D:0005H         SYMBOL        i
  D:0004H         SYMBOL        j
  -------         ENDDO         
  C:0269H         LINE#         1
  C:0269H         LINE#         2
  C:0269H         LINE#         5
  C:0273H         LINE#         6
  C:0273H         LINE#         7
  C:0275H         LINE#         8
  C:0277H         LINE#         12
  C:0277H         LINE#         13
  C:0279H         LINE#         14
  C:027BH         LINE#         15
  C:027DH         LINE#         16
  -------         ENDPROC       _DELAY
  -------         ENDMOD        DELAY

  -------         MODULE        ?C?CLDOPTR
  C:0003H         PUBLIC        ?C?CLDOPTR
  -------         ENDMOD        ?C?CLDOPTR

  -------         MODULE        ?C?IMUL
  C:0030H         PUBLIC        ?C?IMUL
  -------         ENDMOD        ?C?IMUL

  -------         MODULE        ?C?UIDIV
  C:0042H         PUBLIC        ?C?UIDIV
  -------         ENDMOD        ?C?UIDIV

Program Size: data=20.0 xdata=0 code=721
LINK/LOCATE RUN COMPLETE.  0 WARNING(S),  0 ERROR(S)
