C51 COMPILER V9.54   MAIN                                                                  08/03/2026 16:15:27 PAGE 1   


C51 COMPILER V9.54, COMPILATION OF MODULE MAIN
OBJECT MODULE PLACED IN .\Objects\main.obj
COMPILER INVOKED BY: C:\Keil_v5\C51\BIN\C51.EXE main.c OPTIMIZE(8,SPEED) BROWSE DEBUG OBJECTEXTEND PRINT(.\Listings\main
                    -.lst) OBJECT(.\Objects\main.obj)

line level    source

   1          #include <REGX52.H>
   2          #include "Delay.h"
   3          #include "Key.h"
   4          #include "Nixie.h"
   5          #include "Motor.h"
   6          #include "IR.h"
   7          
   8          unsigned char Command,Speed;
   9          void main()
  10          {
  11   1              while(1)
  12   1              {
  13   2                      Motor_Init();
  14   2                      IR_Init();
  15   2                      if(IR_GetDataFlag())
  16   2                      {
  17   3                              Speed++;
  18   3                              Speed%=4;
  19   3                              Command=IR_GetDataFlag();
  20   3                              if(Command==IR_0){Speed=0;}
  21   3                              if(Command==IR_1){Speed=1;}
  22   3                              if(Command==IR_2){Speed=2;}
  23   3                              if(Command==IR_3){Speed=3;}
  24   3                              if(Speed==0){Motor_SetSpeed(0);}
  25   3                              if(Speed==1){Motor_SetSpeed(25);}
  26   3                              if(Speed==2){Motor_SetSpeed(50);}
  27   3                              if(Speed==3){Motor_SetSpeed(100);}
  28   3                      }
  29   2                      Nixie(1,Speed);
  30   2              }
  31   1      }


MODULE INFORMATION:   STATIC OVERLAYABLE
   CODE SIZE        =    106    ----
   CONSTANT SIZE    =   ----    ----
   XDATA SIZE       =   ----    ----
   PDATA SIZE       =   ----    ----
   DATA SIZE        =      2    ----
   IDATA SIZE       =   ----    ----
   BIT SIZE         =   ----    ----
END OF MODULE INFORMATION.


C51 COMPILATION COMPLETE.  0 WARNING(S),  0 ERROR(S)
