C51 COMPILER V9.54   MOTOR                                                                 08/03/2026 16:08:59 PAGE 1   


C51 COMPILER V9.54, COMPILATION OF MODULE MOTOR
OBJECT MODULE PLACED IN .\Objects\Motor.obj
COMPILER INVOKED BY: C:\Keil_v5\C51\BIN\C51.EXE Motor.c OPTIMIZE(8,SPEED) BROWSE DEBUG OBJECTEXTEND PRINT(.\Listings\Mot
                    -or.lst) OBJECT(.\Objects\Motor.obj)

line level    source

   1          #include <REGX52.H>
   2          #include "Timer1.h"
   3          sbit Motor=P1^0;
   4          unsigned char Counter,Compare;
   5          void Motor_Init(void)
   6          {
   7   1              Timer1_Init();
   8   1      }
   9          void Motor_SetSpeed(unsigned char Speed)
  10          {
  11   1              Compare=Speed;
  12   1      }
  13          void Timer1_Routinue() interrupt 3
  14          {
  15   1              unsigned char T1Count;
  16   1              TL1=0x9C;
  17   1              TH1=0xFF;
  18   1              Counter++;
  19   1              Counter%=100;
  20   1              if(Counter<Compare){Motor=1;}
  21   1              else{Motor=0;}
  22   1              T1Count++;
  23   1              if(T1Count>20)
  24   1              {
  25   2                      T1Count=0;
  26   2                      Key_Loop();
*** WARNING C206 IN LINE 26 OF Motor.c: 'Key_Loop': missing function-prototype
  27   2              }
  28   1      }


MODULE INFORMATION:   STATIC OVERLAYABLE
   CODE SIZE        =    107    ----
   CONSTANT SIZE    =   ----    ----
   XDATA SIZE       =   ----    ----
   PDATA SIZE       =   ----    ----
   DATA SIZE        =      2       1
   IDATA SIZE       =   ----    ----
   BIT SIZE         =   ----    ----
END OF MODULE INFORMATION.


C51 COMPILATION COMPLETE.  1 WARNING(S),  0 ERROR(S)
