BL51 BANKED LINKER/LOCATER V6.22                                                        08/03/2026  16:15:27  PAGE 1


BL51 BANKED LINKER/LOCATER V6.22, INVOKED BY:
C:\KEIL_V5\C51\BIN\BL51.EXE .\Objects\main.obj, .\Objects\Delay.obj, .\Objects\Key.obj, .\Objects\Nixie.obj, .\Objects\T
>> imer1.obj, .\Objects\Int0.obj, .\Objects\IR.obj, .\Objects\Motor.obj, .\Objects\Timer0.obj TO .\Objects\project PRINT
>>  (.\Listings\project.m51) RAMSIZE (256) DISABLEWARNING (16)


MEMORY MODEL: SMALL


INPUT MODULES INCLUDED:
  .\Objects\main.obj (MAIN)
  .\Objects\Delay.obj (DELAY)
  .\Objects\Key.obj (KEY)
  .\Objects\Nixie.obj (NIXIE)
  .\Objects\Timer1.obj (TIMER1)
  .\Objects\Int0.obj (INT0)
  .\Objects\IR.obj (IR)
  .\Objects\Motor.obj (MOTOR)
  .\Objects\Timer0.obj (TIMER0)
  C:\KEIL_V5\C51\LIB\C51S.LIB (?C_STARTUP)
  C:\KEIL_V5\C51\LIB\C51S.LIB (?C_INIT)


LINK MAP OF MODULE:  .\Objects\project (MAIN)


            TYPE    BASE      LENGTH    RELOCATION   SEGMENT NAME
            -----------------------------------------------------

            * * * * * * *   D A T A   M E M O R Y   * * * * * * *
            REG     0000H     0008H     ABSOLUTE     "REG BANK 0"
            DATA    0008H     000CH     UNIT         ?DT?IR
            DATA    0014H     000AH     UNIT         ?DT?NIXIE
            DATA    001EH     0003H     UNIT         ?DT?KEY
            DATA    0021H     0002H     UNIT         ?DT?MAIN
            DATA    0023H     0002H     UNIT         ?DT?MOTOR
            DATA    0025H     0001H     UNIT         _DATA_GROUP_
            IDATA   0026H     0001H     UNIT         ?STACK

            * * * * * * *   C O D E   M E M O R Y   * * * * * * *
            CODE    0000H     0003H     ABSOLUTE     
            CODE    0003H     0003H     ABSOLUTE     
            CODE    0006H     0015H     UNIT         ?PR?_DELAY?DELAY
            CODE    001BH     0003H     ABSOLUTE     
            CODE    001EH     014CH     UNIT         ?PR?INT0_ROUTINE?IR
            CODE    016AH     008CH     UNIT         ?C_C51STARTUP
            CODE    01F6H     006AH     UNIT         ?PR?MAIN?MAIN
            CODE    0260H     0066H     UNIT         ?PR?_NIXIE?NIXIE
            CODE    02C6H     0065H     UNIT         ?PR?TIMER1_ROUTINUE?MOTOR
            CODE    032BH     0039H     UNIT         ?PR?KEY_LOOP?KEY
            CODE    0364H     0017H     UNIT         ?PR?TIMER1_INIT?TIMER1
            CODE    037BH     0016H     UNIT         ?PR?KEY_GETSTATE?KEY
            CODE    0391H     0011H     UNIT         ?PR?TIMER0_INIT?TIMER0
            CODE    03A2H     000DH     UNIT         ?C_INITSEG
            CODE    03AFH     000DH     UNIT         ?PR?IR_GETDATAFLAG?IR
            CODE    03BCH     000DH     UNIT         ?PR?IR_GETREPEAT?IR
            CODE    03C9H     000BH     UNIT         ?PR?INT0_INIT?INT0
            CODE    03D4H     000BH     UNIT         ?PR?_TIMER0_SETCOUNTER?TIMER0
BL51 BANKED LINKER/LOCATER V6.22                                                      08/03/2026  16:15:27  PAGE 2


            CODE    03DFH     0009H     UNIT         ?PR?TIMER0_GETCOUNTER?TIMER0
            CODE    03E8H     0006H     UNIT         ?PR?KEY?KEY
            CODE    03EEH     0006H     UNIT         ?PR?IR_INIT?IR
            CODE    03F4H     0006H     UNIT         ?PR?_TIMER0_RUN?TIMER0
            CODE    03FAH     0003H     UNIT         ?PR?IR_GETADDRESS?IR
            CODE    03FDH     0003H     UNIT         ?PR?IR_GETCOMMAND?IR
            CODE    0400H     0003H     UNIT         ?PR?MOTOR_INIT?MOTOR
            CODE    0403H     0003H     UNIT         ?PR?_MOTOR_SETSPEED?MOTOR



OVERLAY MAP OF MODULE:   .\Objects\project (MAIN)


SEGMENT                                 DATA_GROUP 
  +--> CALLED SEGMENT                 START    LENGTH
-----------------------------------------------------
?PR?INT0_ROUTINE?IR                   -----    -----
  +--> ?PR?_TIMER0_SETCOUNTER?TIMER0
  +--> ?PR?_TIMER0_RUN?TIMER0
  +--> ?PR?TIMER0_GETCOUNTER?TIMER0

*** NEW ROOT ***************************************************

?PR?TIMER1_ROUTINUE?MOTOR             0025H    0001H
  +--> ?PR?KEY_LOOP?KEY

?PR?KEY_LOOP?KEY                      -----    -----
  +--> ?PR?KEY_GETSTATE?KEY

*** NEW ROOT ***************************************************

?C_C51STARTUP                         -----    -----
  +--> ?PR?MAIN?MAIN
  +--> ?C_INITSEG

?PR?MAIN?MAIN                         -----    -----
  +--> ?PR?MOTOR_INIT?MOTOR
  +--> ?PR?IR_INIT?IR
  +--> ?PR?IR_GETDATAFLAG?IR
  +--> ?PR?_MOTOR_SETSPEED?MOTOR
  +--> ?PR?_NIXIE?NIXIE

?PR?MOTOR_INIT?MOTOR                  -----    -----
  +--> ?PR?TIMER1_INIT?TIMER1

?PR?IR_INIT?IR                        -----    -----
  +--> ?PR?TIMER0_INIT?TIMER0
  +--> ?PR?INT0_INIT?INT0



SYMBOL TABLE OF MODULE:  .\Objects\project (MAIN)

  VALUE           TYPE          NAME
  ----------------------------------

BL51 BANKED LINKER/LOCATER V6.22                                                      08/03/2026  16:15:27  PAGE 3


  -------         MODULE        MAIN
  C:0000H         SYMBOL        _ICE_DUMMY_
  C:01F6H         PUBLIC        main
  D:0021H         PUBLIC        Command
  D:0022H         PUBLIC        Speed
  -------         PROC          MAIN
  C:01F6H         LINE#         9
  C:01F6H         LINE#         10
  C:01F6H         LINE#         11
  C:01F6H         LINE#         12
  C:01F6H         LINE#         13
  C:01F9H         LINE#         14
  C:01FCH         LINE#         15
  C:0202H         LINE#         16
  C:0202H         LINE#         17
  C:0204H         LINE#         18
  C:0207H         LINE#         19
  C:020CH         LINE#         20
  C:0214H         LINE#         21
  C:021CH         LINE#         22
  C:0224H         LINE#         23
  C:022CH         LINE#         24
  C:0234H         LINE#         25
  C:023EH         LINE#         26
  C:0248H         LINE#         27
  C:0252H         LINE#         28
  C:0252H         LINE#         29
  C:025EH         LINE#         30
  -------         ENDPROC       MAIN
  -------         ENDMOD        MAIN

  -------         MODULE        DELAY
  C:0000H         SYMBOL        _ICE_DUMMY_
  C:0006H         PUBLIC        _Delay
  -------         PROC          _DELAY
  D:0006H         SYMBOL        xms
  -------         DO            
  D:0005H         SYMBOL        i
  D:0004H         SYMBOL        j
  -------         ENDDO         
  C:0006H         LINE#         1
  C:0006H         LINE#         2
  C:0006H         LINE#         5
  C:0010H         LINE#         6
  C:0010H         LINE#         7
  C:0012H         LINE#         8
  C:0014H         LINE#         12
  C:0014H         LINE#         13
  C:0016H         LINE#         14
  C:0018H         LINE#         15
  C:001AH         LINE#         16
  -------         ENDPROC       _DELAY
  -------         ENDMOD        DELAY

  -------         MODULE        KEY
  C:0000H         SYMBOL        _ICE_DUMMY_
  B:00B0H.0       PUBLIC        P3_0
BL51 BANKED LINKER/LOCATER V6.22                                                      08/03/2026  16:15:27  PAGE 4


  B:00B0H.1       PUBLIC        P3_1
  B:00B0H.2       PUBLIC        P3_2
  B:00B0H.3       PUBLIC        P3_3
  D:0020H         PUBLIC        Key_KeyNumber
  C:032BH         PUBLIC        Key_Loop
  C:03E8H         PUBLIC        Key
  C:037BH         PUBLIC        Key_GetState
  -------         PROC          KEY
  -------         DO            
  D:0007H         SYMBOL        Temp
  -------         ENDDO         
  C:03E8H         LINE#         4
  C:03E8H         LINE#         5
  C:03E8H         LINE#         6
  C:03E9H         LINE#         7
  C:03EBH         LINE#         8
  C:03EDH         LINE#         9
  C:03EDH         LINE#         10
  -------         ENDPROC       KEY
  -------         PROC          KEY_GETSTATE
  -------         DO            
  D:0007H         SYMBOL        Keynumber
  -------         ENDDO         
  C:037BH         LINE#         11
  C:037BH         LINE#         12
  C:037BH         LINE#         13
  C:037DH         LINE#         14
  C:0381H         LINE#         15
  C:0386H         LINE#         16
  C:038BH         LINE#         17
  C:0390H         LINE#         18
  C:0390H         LINE#         19
  -------         ENDPROC       KEY_GETSTATE
  -------         PROC          KEY_LOOP
  -------         DO            
  D:001EH         SYMBOL        NowState
  D:001FH         SYMBOL        LastState
  -------         ENDDO         
  C:032BH         LINE#         20
  C:032BH         LINE#         21
  C:032BH         LINE#         23
  C:032EH         LINE#         24
  C:0333H         LINE#         25
  C:033CH         LINE#         26
  C:033CH         LINE#         27
  C:033FH         LINE#         28
  C:033FH         LINE#         29
  C:0348H         LINE#         30
  C:0348H         LINE#         31
  C:034BH         LINE#         32
  C:034BH         LINE#         33
  C:0354H         LINE#         34
  C:0354H         LINE#         35
  C:0357H         LINE#         36
  C:0357H         LINE#         37
  C:0360H         LINE#         38
  C:0360H         LINE#         39
BL51 BANKED LINKER/LOCATER V6.22                                                      08/03/2026  16:15:27  PAGE 5


  C:0363H         LINE#         40
  C:0363H         LINE#         41
  -------         ENDPROC       KEY_LOOP
  -------         ENDMOD        KEY

  -------         MODULE        NIXIE
  C:0000H         SYMBOL        _ICE_DUMMY_
  C:0260H         PUBLIC        _Nixie
  D:0080H         PUBLIC        P0
  B:00A0H.2       PUBLIC        P2_2
  B:00A0H.3       PUBLIC        P2_3
  B:00A0H.4       PUBLIC        P2_4
  D:0014H         PUBLIC        NixieNumber
  -------         PROC          _NIXIE
  D:0006H         SYMBOL        locat
  D:0004H         SYMBOL        num
  C:0260H         LINE#         5
  C:0260H         LINE#         6
  C:0260H         LINE#         7
  C:0290H         LINE#         8
  C:0290H         LINE#         9
  C:0294H         LINE#         10
  C:0298H         LINE#         11
  C:029CH         LINE#         12
  C:02A0H         LINE#         13
  C:02A8H         LINE#         14
  C:02B0H         LINE#         15
  C:02B8H         LINE#         16
  C:02BEH         LINE#         17
  C:02BEH         LINE#         18
  C:02C5H         LINE#         21
  -------         ENDPROC       _NIXIE
  -------         ENDMOD        NIXIE

  -------         MODULE        TIMER1
  C:0000H         SYMBOL        _ICE_DUMMY_
  B:00A8H.7       PUBLIC        EA
  C:0364H         PUBLIC        Timer1_Init
  D:0089H         PUBLIC        TMOD
  B:00A8H.3       PUBLIC        ET1
  B:0088H.7       PUBLIC        TF1
  D:008DH         PUBLIC        TH1
  D:008BH         PUBLIC        TL1
  B:00B8H.3       PUBLIC        PT1
  B:0088H.6       PUBLIC        TR1
  -------         PROC          TIMER1_INIT
  C:0364H         LINE#         3
  C:0364H         LINE#         4
  C:0364H         LINE#         5
  C:0367H         LINE#         6
  C:036AH         LINE#         7
  C:036DH         LINE#         8
  C:0370H         LINE#         9
  C:0372H         LINE#         10
  C:0374H         LINE#         12
  C:0376H         LINE#         13
  C:0378H         LINE#         14
BL51 BANKED LINKER/LOCATER V6.22                                                      08/03/2026  16:15:27  PAGE 6


  C:037AH         LINE#         15
  -------         ENDPROC       TIMER1_INIT
  -------         ENDMOD        TIMER1

  -------         MODULE        INT0
  C:0000H         SYMBOL        _ICE_DUMMY_
  B:00A8H.7       PUBLIC        EA
  B:0088H.1       PUBLIC        IE0
  B:00A8H.0       PUBLIC        EX0
  B:0088H.0       PUBLIC        IT0
  C:03C9H         PUBLIC        Int0_Init
  B:00B8H.0       PUBLIC        PX0
  -------         PROC          INT0_INIT
  C:03C9H         LINE#         2
  C:03C9H         LINE#         3
  C:03C9H         LINE#         4
  C:03CBH         LINE#         5
  C:03CDH         LINE#         6
  C:03CFH         LINE#         7
  C:03D1H         LINE#         8
  C:03D3H         LINE#         9
  -------         ENDPROC       INT0_INIT
  -------         ENDMOD        INT0

  -------         MODULE        IR
  C:0000H         SYMBOL        _ICE_DUMMY_
  D:0008H         PUBLIC        IR_State
  C:03BCH         PUBLIC        IR_GetRepeat
  D:0009H         PUBLIC        IR_Time
  C:03EEH         PUBLIC        IR_Init
  C:03AFH         PUBLIC        IR_GetDataFlag
  C:001EH         PUBLIC        Int0_Routine
  D:000BH         PUBLIC        IR_Command
  D:000CH         PUBLIC        IR_Address
  D:000DH         PUBLIC        IR_RepeatFlag
  C:03FDH         PUBLIC        IR_GetCommand
  C:03FAH         PUBLIC        IR_GetAddress
  D:000EH         PUBLIC        IR_pData
  D:000FH         PUBLIC        IR_DataFlag
  D:0010H         PUBLIC        IR_Data
  -------         PROC          IR_INIT
  C:03EEH         LINE#         14
  C:03EEH         LINE#         15
  C:03EEH         LINE#         16
  C:03F1H         LINE#         17
  -------         ENDPROC       IR_INIT
  -------         PROC          IR_GETDATAFLAG
  C:03AFH         LINE#         19
  C:03AFH         LINE#         20
  C:03AFH         LINE#         21
  C:03B3H         LINE#         22
  C:03B3H         LINE#         23
  C:03B6H         LINE#         24
  C:03B9H         LINE#         25
  C:03B9H         LINE#         26
  C:03BBH         LINE#         27
  -------         ENDPROC       IR_GETDATAFLAG
BL51 BANKED LINKER/LOCATER V6.22                                                      08/03/2026  16:15:27  PAGE 7


  -------         PROC          IR_GETREPEAT
  C:03BCH         LINE#         28
  C:03BCH         LINE#         29
  C:03BCH         LINE#         30
  C:03C0H         LINE#         31
  C:03C0H         LINE#         32
  C:03C3H         LINE#         33
  C:03C6H         LINE#         34
  C:03C6H         LINE#         35
  C:03C8H         LINE#         36
  -------         ENDPROC       IR_GETREPEAT
  -------         PROC          IR_GETADDRESS
  C:03FAH         LINE#         37
  C:03FAH         LINE#         38
  C:03FAH         LINE#         39
  C:03FCH         LINE#         40
  -------         ENDPROC       IR_GETADDRESS
  -------         PROC          IR_GETCOMMAND
  C:03FDH         LINE#         41
  C:03FDH         LINE#         42
  C:03FDH         LINE#         43
  C:03FFH         LINE#         44
  -------         ENDPROC       IR_GETCOMMAND
  -------         PROC          INT0_ROUTINE
  C:001EH         LINE#         45
  C:003BH         LINE#         47
  C:003FH         LINE#         48
  C:003FH         LINE#         49
  C:0044H         LINE#         50
  C:0049H         LINE#         51
  C:0049H         LINE#         52
  C:004BH         LINE#         53
  C:0051H         LINE#         54
  C:0051H         LINE#         55
  C:0058H         LINE#         56
  C:005EH         LINE#         57
  C:0073H         LINE#         58
  C:0079H         LINE#         59
  C:008EH         LINE#         60
  C:008EH         LINE#         61
  C:0091H         LINE#         62
  C:0091H         LINE#         63
  C:0091H         LINE#         64
  C:0094H         LINE#         66
  C:0094H         LINE#         67
  C:0097H         LINE#         68
  C:0097H         LINE#         69
  C:009AH         LINE#         70
  C:00A3H         LINE#         71
  C:00A3H         LINE#         72
  C:00AAH         LINE#         73
  C:00B0H         LINE#         74
  C:00C5H         LINE#         75
  C:00C5H         LINE#         77
  C:00E5H         LINE#         78
  C:00E5H         LINE#         79
  C:00E7H         LINE#         80
BL51 BANKED LINKER/LOCATER V6.22                                                      08/03/2026  16:15:27  PAGE 8


  C:00FCH         LINE#         81
  C:00FCH         LINE#         83
  C:011EH         LINE#         84
  C:0120H         LINE#         85
  C:0122H         LINE#         87
  C:0122H         LINE#         89
  C:0125H         LINE#         90
  C:0128H         LINE#         91
  C:0128H         LINE#         92
  C:012FH         LINE#         93
  C:012FH         LINE#         94
  C:0132H         LINE#         95
  C:013EH         LINE#         96
  C:013EH         LINE#         97
  C:0141H         LINE#         98
  C:0144H         LINE#         99
  C:0147H         LINE#         100
  C:0147H         LINE#         101
  C:014CH         LINE#         102
  C:014FH         LINE#         103
  C:014FH         LINE#         104
  C:014FH         LINE#         105
  -------         ENDPROC       INT0_ROUTINE
  -------         ENDMOD        IR

  -------         MODULE        MOTOR
  C:0000H         SYMBOL        _ICE_DUMMY_
  D:0090H         PUBLIC        P1
  C:0400H         PUBLIC        Motor_Init
  B:0090H.0       PUBLIC        Motor
  C:0403H         PUBLIC        _Motor_SetSpeed
  D:0023H         PUBLIC        Compare
  D:008DH         PUBLIC        TH1
  D:008BH         PUBLIC        TL1
  D:0024H         PUBLIC        Counter
  C:02C6H         PUBLIC        Timer1_Routinue
  -------         PROC          MOTOR_INIT
  C:0400H         LINE#         5
  C:0400H         LINE#         6
  C:0400H         LINE#         7
  -------         ENDPROC       MOTOR_INIT
  -------         PROC          _MOTOR_SETSPEED
  D:0007H         SYMBOL        Speed
  C:0403H         LINE#         9
  C:0403H         LINE#         10
  C:0403H         LINE#         11
  C:0405H         LINE#         12
  -------         ENDPROC       _MOTOR_SETSPEED
  -------         PROC          TIMER1_ROUTINUE
  -------         DO            
  D:0025H         SYMBOL        T1Count
  -------         ENDDO         
  C:02C6H         LINE#         13
  C:02E3H         LINE#         16
  C:02E6H         LINE#         17
  C:02E9H         LINE#         18
  C:02EBH         LINE#         19
BL51 BANKED LINKER/LOCATER V6.22                                                      08/03/2026  16:15:27  PAGE 9


  C:02F4H         LINE#         20
  C:02FFH         LINE#         21
  C:0301H         LINE#         22
  C:0303H         LINE#         23
  C:030AH         LINE#         24
  C:030AH         LINE#         25
  C:030DH         LINE#         26
  C:0310H         LINE#         27
  C:0310H         LINE#         28
  -------         ENDPROC       TIMER1_ROUTINUE
  -------         ENDMOD        MOTOR

  -------         MODULE        TIMER0
  C:0000H         SYMBOL        _ICE_DUMMY_
  C:03DFH         PUBLIC        Timer0_GetCounter
  C:03D4H         PUBLIC        _Timer0_SetCounter
  C:0391H         PUBLIC        Timer0_Init
  D:0089H         PUBLIC        TMOD
  B:0088H.5       PUBLIC        TF0
  C:03F4H         PUBLIC        _Timer0_Run
  D:008CH         PUBLIC        TH0
  D:008AH         PUBLIC        TL0
  B:0088H.4       PUBLIC        TR0
  -------         PROC          TIMER0_INIT
  C:0391H         LINE#         3
  C:0391H         LINE#         4
  C:0391H         LINE#         5
  C:0394H         LINE#         6
  C:0397H         LINE#         7
  C:039AH         LINE#         8
  C:039DH         LINE#         9
  C:039FH         LINE#         10
  C:03A1H         LINE#         11
  -------         ENDPROC       TIMER0_INIT
  -------         PROC          _TIMER0_SETCOUNTER
  D:0004H         SYMBOL        Value
  C:03D4H         LINE#         12
  C:03D8H         LINE#         13
  C:03D8H         LINE#         14
  C:03DAH         LINE#         15
  C:03DEH         LINE#         16
  -------         ENDPROC       _TIMER0_SETCOUNTER
  -------         PROC          TIMER0_GETCOUNTER
  C:03DFH         LINE#         17
  C:03DFH         LINE#         18
  C:03DFH         LINE#         19
  C:03E7H         LINE#         20
  -------         ENDPROC       TIMER0_GETCOUNTER
  -------         PROC          _TIMER0_RUN
  D:0007H         SYMBOL        Flag
  C:03F4H         LINE#         21
  C:03F4H         LINE#         22
  C:03F4H         LINE#         23
  C:03F9H         LINE#         24
  -------         ENDPROC       _TIMER0_RUN
  -------         ENDMOD        TIMER0

BL51 BANKED LINKER/LOCATER V6.22                                                      08/03/2026  16:15:27  PAGE 10


Program Size: data=39.0 xdata=0 code=1030
LINK/LOCATE RUN COMPLETE.  0 WARNING(S),  0 ERROR(S)
