C51 COMPILER V9.54   BUZZER                                                                07/28/2026 10:45:27 PAGE 1   


C51 COMPILER V9.54, COMPILATION OF MODULE BUZZER
OBJECT MODULE PLACED IN .\Objects\Buzzer.obj
COMPILER INVOKED BY: C:\Keil_v5\C51\BIN\C51.EXE Buzzer.c OPTIMIZE(8,SPEED) BROWSE DEBUG OBJECTEXTEND PRINT(.\Listings\Bu
                    -zzer.lst) OBJECT(.\Objects\Buzzer.obj)

line level    source

   1          #include <REGX52.H>
   2          #include <INTRINS.H>
   3          
   4          //蜂鸣器端口
   5          sbit Buzzer=P2^5;
   6          /**
   7             * @brief 蜂鸣器私有延时函数。延时500us
   8             * @param 无
   9             * @retval 无
  10             */
  11          void Buzzer_Delay500us()                //@11.0592MHz
  12          {
  13   1              unsigned char i;
  14   1              _nop_();
  15   1              i = 227;
  16   1              while (--i);
  17   1      }
  18          /**
  19             * @brief 蜂鸣器发声
  20             * @param ms 发声的时长
  21             * @retval 无
  22             */
  23          void Buzzer_Time(unsigned int ms)
  24          {
  25   1              unsigned int i;
  26   1              for(i=0;i<ms*2;i++)
  27   1              {
  28   2                      Buzzer=!Buzzer;
  29   2                      Buzzer_Delay500us();
  30   2              }
  31   1      }
  32          


MODULE INFORMATION:   STATIC OVERLAYABLE
   CODE SIZE        =     40    ----
   CONSTANT SIZE    =   ----    ----
   XDATA SIZE       =   ----    ----
   PDATA SIZE       =   ----    ----
   DATA SIZE        =   ----    ----
   IDATA SIZE       =   ----    ----
   BIT SIZE         =   ----    ----
END OF MODULE INFORMATION.


C51 COMPILATION COMPLETE.  0 WARNING(S),  0 ERROR(S)
