BL51 BANKED LINKER/LOCATER V6.22                                                        07/28/2026  10:45:27  PAGE 1


BL51 BANKED LINKER/LOCATER V6.22, INVOKED BY:
C:\KEIL_V5\C51\BIN\BL51.EXE .\Objects\main.obj, .\Objects\Delay.obj, .\Objects\Key.obj, .\Objects\Nixie.obj, .\Objects\B
>> uzzer.obj TO .\Objects\project PRINT (.\Listings\project.m51) RAMSIZE (256)


MEMORY MODEL: SMALL


INPUT MODULES INCLUDED:
  .\Objects\main.obj (MAIN)
  .\Objects\Delay.obj (DELAY)
  .\Objects\Key.obj (KEY)
  .\Objects\Nixie.obj (NIXIE)
  .\Objects\Buzzer.obj (BUZZER)
  C:\KEIL_V5\C51\LIB\C51S.LIB (?C_STARTUP)
  C:\KEIL_V5\C51\LIB\C51S.LIB (?C_INIT)


LINK MAP OF MODULE:  .\Objects\project (MAIN)


            TYPE    BASE      LENGTH    RELOCATION   SEGMENT NAME
            -----------------------------------------------------

            * * * * * * *   D A T A   M E M O R Y   * * * * * * *
            REG     0000H     0008H     ABSOLUTE     "REG BANK 0"
            DATA    0008H     000AH     UNIT         ?DT?NIXIE
            DATA    0012H     0001H     UNIT         ?DT?MAIN
            DATA    0013H     0001H     UNIT         _DATA_GROUP_
            IDATA   0014H     0001H     UNIT         ?STACK

            * * * * * * *   C O D E   M E M O R Y   * * * * * * *
            CODE    0000H     0003H     ABSOLUTE     
            CODE    0003H     008CH     UNIT         ?C_C51STARTUP
            CODE    008FH     0066H     UNIT         ?PR?_NIXIE?NIXIE
            CODE    00F5H     0061H     UNIT         ?PR?KEY?KEY
            CODE    0156H     0025H     UNIT         ?PR?MAIN?MAIN
            CODE    017BH     0022H     UNIT         ?PR?_BUZZER_TIME?BUZZER
            CODE    019DH     0015H     UNIT         ?PR?_DELAY?DELAY
            CODE    01B2H     000DH     UNIT         ?C_INITSEG
            CODE    01BFH     0006H     UNIT         ?PR?BUZZER_DELAY500US?BUZZER



OVERLAY MAP OF MODULE:   .\Objects\project (MAIN)


SEGMENT                                DATA_GROUP 
  +--> CALLED SEGMENT                START    LENGTH
----------------------------------------------------
?C_C51STARTUP                        -----    -----
  +--> ?PR?MAIN?MAIN
  +--> ?C_INITSEG

?PR?MAIN?MAIN                        -----    -----
  +--> ?PR?_NIXIE?NIXIE
  +--> ?PR?KEY?KEY
  +--> ?PR?_BUZZER_TIME?BUZZER
BL51 BANKED LINKER/LOCATER V6.22                                                      07/28/2026  10:45:27  PAGE 2



?PR?KEY?KEY                          0013H    0001H
  +--> ?PR?_DELAY?DELAY

?PR?_BUZZER_TIME?BUZZER              -----    -----
  +--> ?PR?BUZZER_DELAY500US?BUZZER



SYMBOL TABLE OF MODULE:  .\Objects\project (MAIN)

  VALUE           TYPE          NAME
  ----------------------------------

  -------         MODULE        MAIN
  C:0000H         SYMBOL        _ICE_DUMMY_
  C:0156H         PUBLIC        main
  D:0012H         PUBLIC        KeyNum
  -------         PROC          MAIN
  C:0156H         LINE#         8
  C:0156H         LINE#         9
  C:0156H         LINE#         10
  C:015FH         LINE#         11
  C:015FH         LINE#         12
  C:015FH         LINE#         13
  C:0164H         LINE#         14
  C:0168H         LINE#         15
  C:0168H         LINE#         16
  C:0172H         LINE#         17
  C:0179H         LINE#         18
  C:0179H         LINE#         19
  -------         ENDPROC       MAIN
  -------         ENDMOD        MAIN

  -------         MODULE        DELAY
  C:0000H         SYMBOL        _ICE_DUMMY_
  C:019DH         PUBLIC        _Delay
  -------         PROC          _DELAY
  D:0006H         SYMBOL        xms
  -------         DO            
  D:0005H         SYMBOL        i
  D:0004H         SYMBOL        j
  -------         ENDDO         
  C:019DH         LINE#         1
  C:019DH         LINE#         2
  C:019DH         LINE#         5
  C:01A7H         LINE#         6
  C:01A7H         LINE#         7
  C:01A9H         LINE#         8
  C:01ABH         LINE#         12
  C:01ABH         LINE#         13
  C:01ADH         LINE#         14
  C:01AFH         LINE#         15
  C:01B1H         LINE#         16
  -------         ENDPROC       _DELAY
  -------         ENDMOD        DELAY

BL51 BANKED LINKER/LOCATER V6.22                                                      07/28/2026  10:45:27  PAGE 3


  -------         MODULE        KEY
  C:0000H         SYMBOL        _ICE_DUMMY_
  B:00B0H.0       PUBLIC        P3_0
  B:00B0H.1       PUBLIC        P3_1
  B:00B0H.2       PUBLIC        P3_2
  B:00B0H.3       PUBLIC        P3_3
  C:00F5H         PUBLIC        Key
  -------         PROC          KEY
  -------         DO            
  D:0013H         SYMBOL        Keynumber
  -------         ENDDO         
  C:00F5H         LINE#         3
  C:00F5H         LINE#         4
  C:00F5H         LINE#         5
  C:00F8H         LINE#         6
  C:010EH         LINE#         7
  C:0125H         LINE#         8
  C:013CH         LINE#         9
  C:0153H         LINE#         10
  C:0155H         LINE#         11
  -------         ENDPROC       KEY
  -------         ENDMOD        KEY

  -------         MODULE        NIXIE
  C:0000H         SYMBOL        _ICE_DUMMY_
  C:008FH         PUBLIC        _Nixie
  D:0080H         PUBLIC        P0
  B:00A0H.2       PUBLIC        P2_2
  B:00A0H.3       PUBLIC        P2_3
  B:00A0H.4       PUBLIC        P2_4
  D:0008H         PUBLIC        NixieNumber
  -------         PROC          _NIXIE
  D:0006H         SYMBOL        locat
  D:0004H         SYMBOL        num
  C:008FH         LINE#         5
  C:008FH         LINE#         6
  C:008FH         LINE#         7
  C:00BFH         LINE#         8
  C:00BFH         LINE#         9
  C:00C3H         LINE#         10
  C:00C7H         LINE#         11
  C:00CBH         LINE#         12
  C:00CFH         LINE#         13
  C:00D7H         LINE#         14
  C:00DFH         LINE#         15
  C:00E7H         LINE#         16
  C:00EDH         LINE#         17
  C:00EDH         LINE#         18
  C:00F4H         LINE#         21
  -------         ENDPROC       _NIXIE
  -------         ENDMOD        NIXIE

  -------         MODULE        BUZZER
  C:0000H         SYMBOL        _ICE_DUMMY_
  D:00A0H         PUBLIC        P2
  B:00A0H.5       PUBLIC        Buzzer
  C:01BFH         PUBLIC        Buzzer_Delay500us
BL51 BANKED LINKER/LOCATER V6.22                                                      07/28/2026  10:45:27  PAGE 4


  C:017BH         PUBLIC        _Buzzer_Time
  -------         PROC          BUZZER_DELAY500US
  -------         DO            
  D:0007H         SYMBOL        i
  -------         ENDDO         
  C:01BFH         LINE#         11
  C:01BFH         LINE#         12
  C:01BFH         LINE#         14
  C:01C0H         LINE#         15
  C:01C2H         LINE#         16
  C:01C4H         LINE#         17
  -------         ENDPROC       BUZZER_DELAY500US
  -------         PROC          _BUZZER_TIME
  D:0004H         SYMBOL        ms
  -------         DO            
  D:0002H         SYMBOL        i
  -------         ENDDO         
  C:017BH         LINE#         23
  C:017FH         LINE#         24
  C:017FH         LINE#         26
  C:0190H         LINE#         27
  C:0190H         LINE#         28
  C:0192H         LINE#         29
  C:0195H         LINE#         30
  C:019CH         LINE#         31
  -------         ENDPROC       _BUZZER_TIME
  -------         ENDMOD        BUZZER

Program Size: data=21.0 xdata=0 code=453
LINK/LOCATE RUN COMPLETE.  0 WARNING(S),  0 ERROR(S)
