C51 COMPILER V9.54   LCD1602                                                               08/02/2026 23:28:11 PAGE 1   


C51 COMPILER V9.54, COMPILATION OF MODULE LCD1602
OBJECT MODULE PLACED IN .\Objects\LCD1602.obj
COMPILER INVOKED BY: C:\Keil_v5\C51\BIN\C51.EXE LCD1602.c OPTIMIZE(8,SPEED) BROWSE DEBUG OBJECTEXTEND PRINT(.\Listings\L
                    -CD1602.lst) OBJECT(.\Objects\LCD1602.obj)

line level    source

   1          #include <REGX52.H>
   2          //引脚定义
   3          sbit LCD_RS=P2^6;
   4          sbit LCD_RW=P2^5;
   5          sbit LCD_E=P2^7;
   6          #define LCD_DataPort  P0
   7          void LCD_Delay()                //@11.0592MHz，延时1ms
   8          {
   9   1              unsigned char i, j;
  10   1              i = 2;
  11   1              j = 199;
  12   1              do
  13   1              {
  14   2                      while (--j);
  15   2              } while (--i);
  16   1      }
  17          void LCD_WriteCommand(unsigned char Command)
  18          {
  19   1              LCD_RS=0;
  20   1              LCD_RW=0;
  21   1              LCD_DataPort=Command;
  22   1              LCD_E=1;
  23   1              LCD_Delay();
  24   1              LCD_E=0;
  25   1              LCD_Delay();
  26   1      }
  27          void LCD_WriteData(unsigned char Data)
  28          {
  29   1              LCD_RS=1;
  30   1              LCD_RW=0;
  31   1              LCD_DataPort=Data;
  32   1              LCD_E=1;
  33   1              LCD_Delay();
  34   1              LCD_E=0;
  35   1              LCD_Delay();
  36   1      }
  37          void LCD_Init()
  38          {
  39   1              LCD_WriteCommand(0x38);
  40   1              LCD_WriteCommand(0x0C);
  41   1              LCD_WriteCommand(0x06);
  42   1              LCD_WriteCommand(0x01);
  43   1      }
  44          void LCD_SetCursor(unsigned char Line,unsigned char Column)//设置光标位置
  45          {
  46   1              if(Line==1)
  47   1              {
  48   2                      LCD_WriteCommand(0x80|(Column-1));//列从1开始，地址从0开始
  49   2              }
  50   1              else
  51   1              {
  52   2                      LCD_WriteCommand(0x80|(Column-1)+0x40);//第二行地址从0x40开始
  53   2              }
  54   1      }
C51 COMPILER V9.54   LCD1602                                                               08/02/2026 23:28:11 PAGE 2   

  55          void LCD_ShowChar(unsigned char Line,unsigned char Column,unsigned char Char)
  56          {
  57   1              LCD_SetCursor(Line,Column);
  58   1              LCD_WriteData(Char);
  59   1      }
  60          void LCD_ShowString(unsigned char Line,unsigned char Column,unsigned char *String)//其中*表示传递数
             -组首位地址/利用指针传递数组，或写成String[]
  61          {
  62   1              unsigned char i;
  63   1              LCD_SetCursor(Line,Column);
  64   1              for(i=0;String[i]!='\0';i++)
  65   1              {
  66   2                      LCD_WriteData(String[i]);
  67   2              }
  68   1      }
  69          int LCD_Pow(int X,int Y)//幂函数
  70          {
  71   1              unsigned char i;
  72   1              int Result=1;
  73   1              for(i=0;i<Y;i++)
  74   1              {
  75   2                      Result*=X;
  76   2              }
  77   1              return Result;
  78   1      }
  79          void LCD_ShowNum(unsigned char Line,unsigned char Column,unsigned int Number,unsigned char Length)
  80          {
  81   1              unsigned char i;
  82   1              LCD_SetCursor(Line,Column);
  83   1              for(i=Length;i>0;i--)
  84   1              {
  85   2                      LCD_WriteData('0'+Number/LCD_Pow(10,i-1)%10);
  86   2              }
  87   1      }
  88          void LCD_ShowSignedNum(unsigned char Line,unsigned char Column,int Number,unsigned char Length)
  89          {
  90   1              unsigned char i;
  91   1              unsigned int Number1;//避免后续正负转换无法转换-32768，int范围-32768~32767
  92   1              LCD_SetCursor(Line,Column);
  93   1              if(Number>=0)
  94   1              {
  95   2                      LCD_WriteData('+');
  96   2                      Number1=Number;
  97   2              }
  98   1              if(Number<=0)
  99   1              {
 100   2                      LCD_WriteData('-');
 101   2                      Number1=-Number;
 102   2              }
 103   1              for(i=Length;i>0;i--)
 104   1              {
 105   2                      LCD_WriteData('0'+Number1/LCD_Pow(10,i-1)%10);
 106   2              }
 107   1      }
 108          void LCD_ShowHexNum(unsigned char Line,unsigned char Column,unsigned int Number,unsigned char Length)
 109          {
 110   1              unsigned char i;
 111   1              unsigned char SingleNumber;
 112   1              LCD_SetCursor(Line,Column);
 113   1              for(i=Length;i>0;i--)
 114   1              {
 115   2                      SingleNumber=Number/LCD_Pow(16,i-1)%16;
C51 COMPILER V9.54   LCD1602                                                               08/02/2026 23:28:11 PAGE 3   

 116   2                      if(SingleNumber<10)
 117   2                      {
 118   3                              LCD_WriteData('0'+SingleNumber);
 119   3                      }
 120   2                      else
 121   2                      {
 122   3                              LCD_WriteData('A'+SingleNumber-10);
 123   3                      }
 124   2              }
 125   1      }
 126          void LCD_ShowBinNum(unsigned char Line,unsigned char Column,unsigned int Number,unsigned char Length)//显
             -示2进制
 127          {
 128   1              unsigned char i;
 129   1              LCD_SetCursor(Line,Column);
 130   1              for(i=Length;i>0;i--)
 131   1              {
 132   2                      LCD_WriteData('0'+Number/LCD_Pow(2,i-1)%2);
 133   2              }
 134   1      }


MODULE INFORMATION:   STATIC OVERLAYABLE
   CODE SIZE        =    396    ----
   CONSTANT SIZE    =   ----    ----
   XDATA SIZE       =   ----    ----
   PDATA SIZE       =   ----    ----
   DATA SIZE        =   ----      29
   IDATA SIZE       =   ----    ----
   BIT SIZE         =   ----    ----
END OF MODULE INFORMATION.


C51 COMPILATION COMPLETE.  0 WARNING(S),  0 ERROR(S)
