C51 COMPILER V9.54   MAIN                                                                  08/02/2026 23:28:11 PAGE 1   


C51 COMPILER V9.54, COMPILATION OF MODULE MAIN
OBJECT MODULE PLACED IN .\Objects\main.obj
COMPILER INVOKED BY: C:\Keil_v5\C51\BIN\C51.EXE main.c OPTIMIZE(8,SPEED) BROWSE DEBUG OBJECTEXTEND PRINT(.\Listings\main
                    -.lst) OBJECT(.\Objects\main.obj)

line level    source

   1          #include <REGX52.H>
   2          #include "Delay.h"
   3          #include "LCD1602.h"
   4          #include "XPT2046.h"
   5          unsigned int ADValue;
   6          void main()
   7          {
   8   1              LCD_Init();
   9   1              LCD_ShowString(1,1,"ADJ  NTC  RG");//电位器、热敏电阻、光敏电阻
  10   1              while(1)
  11   1              {
  12   2                      ADValue=XPT2046_ReadAD(XPT2046_XP_8);
  13   2                      LCD_ShowNum(2,1,ADValue,3);
  14   2                      ADValue=XPT2046_ReadAD(XPT2046_YP_8);
  15   2                      LCD_ShowNum(2,6,ADValue,3);
  16   2                      ADValue=XPT2046_ReadAD(XPT2046_VBAT_8);
  17   2                      LCD_ShowNum(2,11,ADValue,3);
  18   2                      Delay(10);
  19   2              }
  20   1      }


MODULE INFORMATION:   STATIC OVERLAYABLE
   CODE SIZE        =     94    ----
   CONSTANT SIZE    =     13    ----
   XDATA SIZE       =   ----    ----
   PDATA SIZE       =   ----    ----
   DATA SIZE        =      2    ----
   IDATA SIZE       =   ----    ----
   BIT SIZE         =   ----    ----
END OF MODULE INFORMATION.


C51 COMPILATION COMPLETE.  0 WARNING(S),  0 ERROR(S)
