BL51 BANKED LINKER/LOCATER V6.22                                                        08/02/2026  23:30:40  PAGE 1


BL51 BANKED LINKER/LOCATER V6.22, INVOKED BY:
C:\KEIL_V5\C51\BIN\BL51.EXE .\Objects\Delay.obj, .\Objects\LCD1602.obj, .\Objects\main.obj, .\Objects\XPT2046.obj TO .\O
>> bjects\project PRINT (.\Listings\project.m51) RAMSIZE (256)


MEMORY MODEL: SMALL


INPUT MODULES INCLUDED:
  .\Objects\Delay.obj (DELAY)
  .\Objects\LCD1602.obj (LCD1602)
  .\Objects\main.obj (MAIN)
  .\Objects\XPT2046.obj (XPT2046)
  C:\KEIL_V5\C51\LIB\C51S.LIB (?C_STARTUP)
  C:\KEIL_V5\C51\LIB\C51S.LIB (?C?CLDOPTR)
  C:\KEIL_V5\C51\LIB\C51S.LIB (?C?IMUL)
  C:\KEIL_V5\C51\LIB\C51S.LIB (?C?UIDIV)


LINK MAP OF MODULE:  .\Objects\project (DELAY)


            TYPE    BASE      LENGTH    RELOCATION   SEGMENT NAME
            -----------------------------------------------------

            * * * * * * *   D A T A   M E M O R Y   * * * * * * *
            REG     0000H     0008H     ABSOLUTE     "REG BANK 0"
            DATA    0008H     0009H     UNIT         _DATA_GROUP_
            DATA    0011H     0007H     UNIT         ?DT?_LCD_SHOWSIGNEDNUM?LCD1602
            DATA    0018H     0005H     UNIT         ?DT?_LCD_SHOWHEXNUM?LCD1602
            DATA    001DH     0005H     UNIT         ?DT?_LCD_SHOWBINNUM?LCD1602
            DATA    0022H     0002H     UNIT         ?DT?MAIN
            IDATA   0024H     0001H     UNIT         ?STACK

            * * * * * * *   C O D E   M E M O R Y   * * * * * * *
            CODE    0000H     0003H     ABSOLUTE     
            CODE    0003H     0094H     UNIT         ?C?LIB_CODE
            CODE    0097H     0075H     UNIT         ?PR?_XPT2046_READAD?XPT2046
            CODE    010CH     005EH     UNIT         ?PR?MAIN?MAIN
            CODE    016AH     0043H     UNIT         ?PR?_LCD_SHOWSIGNEDNUM?LCD1602
            CODE    01ADH     0039H     UNIT         ?PR?_LCD_SHOWHEXNUM?LCD1602
            CODE    01E6H     0038H     UNIT         ?PR?_LCD_SHOWBINNUM?LCD1602
            CODE    021EH     0033H     UNIT         ?PR?_LCD_POW?LCD1602
            CODE    0251H     0023H     UNIT         ?PR?_LCD_SHOWSTRING?LCD1602
            CODE    0274H     001EH     UNIT         ?PR?_LCD_WRITEDATA?LCD1602
            CODE    0292H     001DH     UNIT         ?PR?_LCD_SHOWNUM?LCD1602
            CODE    02AFH     0015H     UNIT         ?PR?_DELAY?DELAY
            CODE    02C4H     0014H     UNIT         ?PR?LCD_INIT?LCD1602
            CODE    02D8H     0010H     UNIT         ?PR?_LCD_SETCURSOR?LCD1602
            CODE    02E8H     000FH     UNIT         ?PR?LCD_DELAY?LCD1602
            CODE    02F7H     000DH     UNIT         ?CO?MAIN
            CODE    0304H     000CH     UNIT         ?C_C51STARTUP
            CODE    0310H     000AH     UNIT         ?PR?_LCD_WRITECOMMAND?LCD1602
            CODE    031AH     000AH     UNIT         ?PR?_LCD_SHOWCHAR?LCD1602



OVERLAY MAP OF MODULE:   .\Objects\project (DELAY)
BL51 BANKED LINKER/LOCATER V6.22                                                      08/02/2026  23:30:40  PAGE 2




SEGMENT                                  DATA_GROUP 
  +--> CALLED SEGMENT                  START    LENGTH
------------------------------------------------------
?C_C51STARTUP                          -----    -----
  +--> ?PR?MAIN?MAIN

?PR?MAIN?MAIN                          -----    -----
  +--> ?PR?LCD_INIT?LCD1602
  +--> ?CO?MAIN
  +--> ?PR?_LCD_SHOWSTRING?LCD1602
  +--> ?PR?_XPT2046_READAD?XPT2046
  +--> ?PR?_LCD_SHOWNUM?LCD1602
  +--> ?PR?_DELAY?DELAY

?PR?LCD_INIT?LCD1602                   -----    -----
  +--> ?PR?_LCD_WRITECOMMAND?LCD1602

?PR?_LCD_WRITECOMMAND?LCD1602          -----    -----
  +--> ?PR?LCD_DELAY?LCD1602

?PR?_LCD_SHOWSTRING?LCD1602            0008H    0003H
  +--> ?PR?_LCD_SETCURSOR?LCD1602
  +--> ?PR?_LCD_WRITEDATA?LCD1602

?PR?_LCD_SETCURSOR?LCD1602             -----    -----
  +--> ?PR?_LCD_WRITECOMMAND?LCD1602

?PR?_LCD_WRITEDATA?LCD1602             -----    -----
  +--> ?PR?LCD_DELAY?LCD1602

?PR?_XPT2046_READAD?XPT2046            0008H    0004H
  +--> ?PR?_DELAY?DELAY

?PR?_LCD_SHOWNUM?LCD1602               0008H    0005H
  +--> ?PR?_LCD_SETCURSOR?LCD1602
  +--> ?PR?_LCD_POW?LCD1602
  +--> ?PR?_LCD_WRITEDATA?LCD1602

?PR?_LCD_POW?LCD1602                   000DH    0004H



SYMBOL TABLE OF MODULE:  .\Objects\project (DELAY)

  VALUE           TYPE          NAME
  ----------------------------------

  -------         MODULE        DELAY
  C:0000H         SYMBOL        _ICE_DUMMY_
  C:02AFH         PUBLIC        _Delay
  -------         PROC          _DELAY
  D:0006H         SYMBOL        xms
  -------         DO            
  D:0005H         SYMBOL        i
  D:0004H         SYMBOL        j
BL51 BANKED LINKER/LOCATER V6.22                                                      08/02/2026  23:30:40  PAGE 3


  -------         ENDDO         
  C:02AFH         LINE#         1
  C:02AFH         LINE#         2
  C:02AFH         LINE#         5
  C:02B9H         LINE#         6
  C:02B9H         LINE#         7
  C:02BBH         LINE#         8
  C:02BDH         LINE#         12
  C:02BDH         LINE#         13
  C:02BFH         LINE#         14
  C:02C1H         LINE#         15
  C:02C3H         LINE#         16
  -------         ENDPROC       _DELAY
  -------         ENDMOD        DELAY

  -------         MODULE        LCD1602
  C:0000H         SYMBOL        _ICE_DUMMY_
  D:0080H         PUBLIC        P0
  D:00A0H         PUBLIC        P2
  C:0310H         PUBLIC        _LCD_WriteCommand
  C:0292H         PUBLIC        _LCD_ShowNum
  C:01E6H         PUBLIC        _LCD_ShowBinNum
  C:02EEH         PUBLIC        LCD_Delay
  C:01ADH         PUBLIC        _LCD_ShowHexNum
  C:0288H         PUBLIC        _LCD_WriteData
  C:02C4H         PUBLIC        LCD_Init
  C:0251H         PUBLIC        _LCD_ShowString
  C:031AH         PUBLIC        _LCD_ShowChar
  B:00A0H.6       PUBLIC        LCD_RS
  B:00A0H.5       PUBLIC        LCD_RW
  C:02D8H         PUBLIC        _LCD_SetCursor
  C:016AH         PUBLIC        _LCD_ShowSignedNum
  C:022AH         PUBLIC        _LCD_Pow
  B:00A0H.7       PUBLIC        LCD_E
  -------         PROC          L?0047
  -------         ENDPROC       L?0047
  -------         PROC          LCD_DELAY
  -------         DO            
  D:0007H         SYMBOL        i
  D:0006H         SYMBOL        j
  -------         ENDDO         
  C:02EEH         LINE#         7
  C:02EEH         LINE#         8
  C:02EEH         LINE#         10
  C:02F0H         LINE#         11
  C:02F2H         LINE#         13
  C:02F2H         LINE#         14
  C:02F4H         LINE#         15
  C:02F6H         LINE#         16
  -------         ENDPROC       LCD_DELAY
  -------         PROC          _LCD_WRITECOMMAND
  D:0007H         SYMBOL        Command
  C:0310H         LINE#         17
  C:0310H         LINE#         18
  C:0310H         LINE#         19
  C:0312H         LINE#         20
  C:0312H         LINE#         21
BL51 BANKED LINKER/LOCATER V6.22                                                      08/02/2026  23:30:40  PAGE 4


  C:0312H         LINE#         22
  C:0312H         LINE#         23
  C:0315H         LINE#         24
  C:0317H         LINE#         25
  -------         ENDPROC       _LCD_WRITECOMMAND
  -------         PROC          L?0046
  -------         ENDPROC       L?0046
  -------         PROC          _LCD_WRITEDATA
  D:0007H         SYMBOL        Data
  C:0288H         LINE#         27
  C:0288H         LINE#         28
  C:0288H         LINE#         29
  C:028AH         LINE#         30
  C:028AH         LINE#         31
  C:028AH         LINE#         32
  C:028AH         LINE#         33
  C:028DH         LINE#         34
  C:028FH         LINE#         35
  -------         ENDPROC       _LCD_WRITEDATA
  -------         PROC          LCD_INIT
  C:02C4H         LINE#         37
  C:02C4H         LINE#         38
  C:02C4H         LINE#         39
  C:02C9H         LINE#         40
  C:02CEH         LINE#         41
  C:02D3H         LINE#         42
  -------         ENDPROC       LCD_INIT
  -------         PROC          _LCD_SETCURSOR
  D:0007H         SYMBOL        Line
  D:0005H         SYMBOL        Column
  C:02D8H         LINE#         44
  C:02D8H         LINE#         45
  C:02D8H         LINE#         46
  C:02DCH         LINE#         47
  C:02DCH         LINE#         48
  C:02DDH         LINE#         49
  C:02DFH         LINE#         51
  C:02DFH         LINE#         52
  C:02E7H         LINE#         53
  C:02E7H         LINE#         54
  -------         ENDPROC       _LCD_SETCURSOR
  -------         PROC          _LCD_SHOWCHAR
  D:0006H         SYMBOL        Line
  D:0005H         SYMBOL        Column
  D:0004H         SYMBOL        Char
  C:031AH         LINE#         55
  C:031CH         LINE#         56
  C:031CH         LINE#         57
  C:031FH         LINE#         58
  -------         ENDPROC       _LCD_SHOWCHAR
  -------         PROC          _LCD_SHOWSTRING
  D:0007H         SYMBOL        Line
  D:0005H         SYMBOL        Column
  D:0008H         SYMBOL        String
  -------         DO            
  D:0005H         SYMBOL        i
  -------         ENDDO         
BL51 BANKED LINKER/LOCATER V6.22                                                      08/02/2026  23:30:40  PAGE 5


  C:0251H         LINE#         60
  C:0257H         LINE#         61
  C:0257H         LINE#         63
  C:025AH         LINE#         64
  C:026DH         LINE#         65
  C:026DH         LINE#         66
  C:0270H         LINE#         67
  C:0273H         LINE#         68
  -------         ENDPROC       _LCD_SHOWSTRING
  C:0220H         SYMBOL        L?0045
  -------         PROC          L?0044
  -------         ENDPROC       L?0044
  C:0220H         SYMBOL        L?0045
  -------         PROC          _LCD_POW
  D:000DH         SYMBOL        X
  D:000FH         SYMBOL        Y
  -------         DO            
  D:0003H         SYMBOL        i
  D:0006H         SYMBOL        Result
  -------         ENDDO         
  C:022AH         LINE#         69
  C:0232H         LINE#         70
  C:0232H         LINE#         72
  C:0236H         LINE#         73
  C:0246H         LINE#         74
  C:0246H         LINE#         75
  C:024DH         LINE#         76
  C:0250H         LINE#         77
  C:0250H         LINE#         78
  -------         ENDPROC       _LCD_POW
  -------         PROC          _LCD_SHOWNUM
  D:0007H         SYMBOL        Line
  D:0005H         SYMBOL        Column
  D:000AH         SYMBOL        Number
  D:000CH         SYMBOL        Length
  -------         DO            
  D:0002H         SYMBOL        i
  -------         ENDDO         
  C:0292H         LINE#         79
  C:0296H         LINE#         80
  C:0296H         LINE#         82
  C:0299H         LINE#         83
  C:02A1H         LINE#         84
  C:02A1H         LINE#         85
  C:02ABH         LINE#         86
  C:02AEH         LINE#         87
  -------         ENDPROC       _LCD_SHOWNUM
  -------         PROC          _LCD_SHOWSIGNEDNUM
  D:0007H         SYMBOL        Line
  D:0005H         SYMBOL        Column
  D:0002H         SYMBOL        Number
  D:0015H         SYMBOL        Length
  -------         DO            
  D:0002H         SYMBOL        i
  D:0016H         SYMBOL        Number1
  -------         ENDDO         
  C:016AH         LINE#         88
BL51 BANKED LINKER/LOCATER V6.22                                                      08/02/2026  23:30:40  PAGE 6


  C:016AH         LINE#         89
  C:016AH         LINE#         92
  C:016DH         LINE#         93
  C:0175H         LINE#         94
  C:0175H         LINE#         95
  C:017AH         LINE#         96
  C:017EH         LINE#         97
  C:017EH         LINE#         98
  C:0189H         LINE#         99
  C:0189H         LINE#         100
  C:018EH         LINE#         101
  C:0197H         LINE#         102
  C:0197H         LINE#         103
  C:019FH         LINE#         104
  C:019FH         LINE#         105
  C:01A9H         LINE#         106
  C:01ACH         LINE#         107
  -------         ENDPROC       _LCD_SHOWSIGNEDNUM
  -------         PROC          _LCD_SHOWHEXNUM
  D:0007H         SYMBOL        Line
  D:0005H         SYMBOL        Column
  D:001AH         SYMBOL        Number
  D:001CH         SYMBOL        Length
  -------         DO            
  D:0002H         SYMBOL        i
  D:0006H         SYMBOL        SingleNumber
  -------         ENDDO         
  C:01ADH         LINE#         108
  C:01B1H         LINE#         109
  C:01B1H         LINE#         112
  C:01B4H         LINE#         113
  C:01BCH         LINE#         114
  C:01BCH         LINE#         115
  C:01D2H         LINE#         116
  C:01D8H         LINE#         117
  C:01D8H         LINE#         118
  C:01DAH         LINE#         119
  C:01DCH         LINE#         121
  C:01DCH         LINE#         122
  C:01E2H         LINE#         123
  C:01E2H         LINE#         124
  C:01E5H         LINE#         125
  -------         ENDPROC       _LCD_SHOWHEXNUM
  -------         PROC          _LCD_SHOWBINNUM
  D:0007H         SYMBOL        Line
  D:0005H         SYMBOL        Column
  D:001FH         SYMBOL        Number
  D:0021H         SYMBOL        Length
  -------         DO            
  D:0002H         SYMBOL        i
  -------         ENDDO         
  C:01E6H         LINE#         126
  C:01EAH         LINE#         127
  C:01EAH         LINE#         129
  C:01EDH         LINE#         130
  C:01F5H         LINE#         131
  C:01F5H         LINE#         132
BL51 BANKED LINKER/LOCATER V6.22                                                      08/02/2026  23:30:40  PAGE 7


  C:021AH         LINE#         133
  C:021DH         LINE#         134
  -------         ENDPROC       _LCD_SHOWBINNUM
  -------         ENDMOD        LCD1602

  -------         MODULE        MAIN
  C:0000H         SYMBOL        _ICE_DUMMY_
  D:0022H         PUBLIC        ADValue
  C:010CH         PUBLIC        main
  -------         PROC          MAIN
  C:010CH         LINE#         6
  C:010CH         LINE#         7
  C:010CH         LINE#         8
  C:010FH         LINE#         9
  C:011CH         LINE#         10
  C:011CH         LINE#         11
  C:011CH         LINE#         12
  C:0125H         LINE#         13
  C:0133H         LINE#         14
  C:013CH         LINE#         15
  C:014AH         LINE#         16
  C:0153H         LINE#         17
  C:0161H         LINE#         18
  C:0168H         LINE#         19
  -------         ENDPROC       MAIN
  -------         ENDMOD        MAIN

  -------         MODULE        XPT2046
  C:0000H         SYMBOL        _ICE_DUMMY_
  D:00B0H         PUBLIC        P3
  B:00B0H.4       PUBLIC        XPT2046_DIN
  C:0097H         PUBLIC        _XPT2046_ReadAD
  B:00B0H.5       PUBLIC        XPT2046_CS
  B:00B0H.6       PUBLIC        XPT2046_DCLK
  B:00B0H.7       PUBLIC        XPT2046_DOUT
  -------         PROC          _XPT2046_READAD
  D:0008H         SYMBOL        Command
  -------         DO            
  D:0009H         SYMBOL        ADValue
  D:000BH         SYMBOL        i
  -------         ENDDO         
  C:0097H         LINE#         7
  C:0099H         LINE#         8
  C:0099H         LINE#         9
  C:009EH         LINE#         12
  C:00A0H         LINE#         13
  C:00A2H         LINE#         14
  C:00A4H         LINE#         15
  C:00A4H         LINE#         16
  C:00BDH         LINE#         17
  C:00BFH         LINE#         18
  C:00C1H         LINE#         19
  C:00C8H         LINE#         20
  C:00CBH         LINE#         21
  C:00CBH         LINE#         22
  C:00CDH         LINE#         24
  C:00CFH         LINE#         25
BL51 BANKED LINKER/LOCATER V6.22                                                      08/02/2026  23:30:40  PAGE 8


  C:00D6H         LINE#         26
  C:00D9H         LINE#         27
  C:00EDH         LINE#         28
  C:00F6H         LINE#         29
  C:00F8H         LINE#         30
  C:00FDH         LINE#         31
  C:00FDH         LINE#         32
  C:0101H         LINE#         33
  C:0101H         LINE#         35
  C:0101H         LINE#         36
  C:010BH         LINE#         37
  C:010BH         LINE#         38
  -------         ENDPROC       _XPT2046_READAD
  -------         ENDMOD        XPT2046

  -------         MODULE        ?C?CLDOPTR
  C:0003H         PUBLIC        ?C?CLDOPTR
  -------         ENDMOD        ?C?CLDOPTR

  -------         MODULE        ?C?IMUL
  C:0030H         PUBLIC        ?C?IMUL
  -------         ENDMOD        ?C?IMUL

  -------         MODULE        ?C?UIDIV
  C:0042H         PUBLIC        ?C?UIDIV
  -------         ENDMOD        ?C?UIDIV

*** WARNING L16: UNCALLED SEGMENT, IGNORED FOR OVERLAY PROCESS
    SEGMENT: ?PR?_LCD_SHOWCHAR?LCD1602

*** WARNING L16: UNCALLED SEGMENT, IGNORED FOR OVERLAY PROCESS
    SEGMENT: ?PR?_LCD_SHOWSIGNEDNUM?LCD1602

*** WARNING L16: UNCALLED SEGMENT, IGNORED FOR OVERLAY PROCESS
    SEGMENT: ?PR?_LCD_SHOWHEXNUM?LCD1602

*** WARNING L16: UNCALLED SEGMENT, IGNORED FOR OVERLAY PROCESS
    SEGMENT: ?PR?_LCD_SHOWBINNUM?LCD1602

Program Size: data=37.0 xdata=0 code=804
LINK/LOCATE RUN COMPLETE.  4 WARNING(S),  0 ERROR(S)
