C51 COMPILER V9.54   XPT2046                                                               08/02/2026 23:30:40 PAGE 1   


C51 COMPILER V9.54, COMPILATION OF MODULE XPT2046
OBJECT MODULE PLACED IN .\Objects\XPT2046.obj
COMPILER INVOKED BY: C:\Keil_v5\C51\BIN\C51.EXE XPT2046.c OPTIMIZE(8,SPEED) BROWSE DEBUG OBJECTEXTEND PRINT(.\Listings\X
                    -PT2046.lst) OBJECT(.\Objects\XPT2046.obj)

line level    source

   1          #include <REGX52.H>
   2          #include "Delay.h"
   3          sbit XPT2046_CS=P3^5;
   4          sbit XPT2046_DCLK=P3^6;
   5          sbit XPT2046_DIN=P3^4;
   6          sbit XPT2046_DOUT=P3^7;
   7          unsigned int XPT2046_ReadAD(unsigned char Command)
   8          {
   9   1              unsigned int ADValue=0;
  10   1              unsigned char i;
  11   1              //先初始化
  12   1              XPT2046_DCLK=0;//先置0时钟
  13   1              XPT2046_CS=0;//开始
  14   1              for(i=0;i<8;i++)
  15   1              {
  16   2                      XPT2046_DIN=Command&(0x80>>i);
  17   2                      XPT2046_DCLK=1;//上升沿采样
  18   2                      XPT2046_DCLK=0;
  19   2              }
  20   1              for(i=0;i<16;i++)
  21   1              {
  22   2                      XPT2046_DCLK=1;
  23   2                      //Delay(1);
  24   2                      XPT2046_DCLK=0;//下降沿读出
  25   2                      Delay(10);
  26   2                      if(XPT2046_DOUT)
  27   2                      {ADValue|=0x8000>>i;}
  28   2              }
  29   1              XPT2046_CS=1;//结束
  30   1              if(Command&0x08)//倒数第四位决定分辨率
  31   1              {
  32   2                      return ADValue>>8;//2字节共16位低位不足用0填充，需要右移回来得到实际大小
  33   2              }
  34   1              else
  35   1              {
  36   2                      return ADValue>>14;
  37   2              }
  38   1      }


MODULE INFORMATION:   STATIC OVERLAYABLE
   CODE SIZE        =    117    ----
   CONSTANT SIZE    =   ----    ----
   XDATA SIZE       =   ----    ----
   PDATA SIZE       =   ----    ----
   DATA SIZE        =   ----       4
   IDATA SIZE       =   ----    ----
   BIT SIZE         =   ----    ----
END OF MODULE INFORMATION.


C51 COMPILATION COMPLETE.  0 WARNING(S),  0 ERROR(S)
