C51 COMPILER V9.54   KEY                                                                   08/02/2026 10:15:14 PAGE 1   


C51 COMPILER V9.54, COMPILATION OF MODULE KEY
OBJECT MODULE PLACED IN .\Objects\Key.obj
COMPILER INVOKED BY: C:\Keil_v5\C51\BIN\C51.EXE Key.c OPTIMIZE(8,SPEED) BROWSE DEBUG OBJECTEXTEND PRINT(.\Listings\Key.l
                    -st) OBJECT(.\Objects\Key.obj)

line level    source

   1          #include <REGX52.H>
   2          #include "Delay.h"
   3          unsigned char Key_KeyNumber;
   4          unsigned char Key(void)
   5          {
   6   1              unsigned char Temp=0;
   7   1              Temp=Key_KeyNumber;
   8   1              Key_KeyNumber=0;//避免不断返回同一值，清零
   9   1              return Temp;
  10   1      }
  11          unsigned char Key_GetState()
  12          {
  13   1              unsigned char Keynumber=0;
  14   1              if(P3_1==0){Keynumber=1;}
  15   1              if(P3_0==0){Keynumber=2;}
  16   1              if(P3_2==0){Keynumber=3;}
  17   1              if(P3_3==0){Keynumber=4;}
  18   1              return Keynumber;
  19   1      }
  20          void Key_Loop(void)
  21          {
  22   1              static unsigned char NowState,LastState;
  23   1              LastState=NowState;
  24   1              NowState=Key_GetState();
  25   1              if(LastState==1&&NowState==0)
  26   1              {
  27   2                      Key_KeyNumber=1;
  28   2              }
  29   1              if(LastState==2&&NowState==0)
  30   1              {
  31   2                      Key_KeyNumber=2;
  32   2              }
  33   1              if(LastState==3&&NowState==0)
  34   1              {
  35   2                      Key_KeyNumber=3;
  36   2              }
  37   1              if(LastState==4&&NowState==0)
  38   1              {
  39   2                      Key_KeyNumber=4;
  40   2              }
  41   1      }


MODULE INFORMATION:   STATIC OVERLAYABLE
   CODE SIZE        =     85    ----
   CONSTANT SIZE    =   ----    ----
   XDATA SIZE       =   ----    ----
   PDATA SIZE       =   ----    ----
   DATA SIZE        =      3    ----
   IDATA SIZE       =   ----    ----
   BIT SIZE         =   ----    ----
END OF MODULE INFORMATION.


C51 COMPILATION COMPLETE.  0 WARNING(S),  0 ERROR(S)
