C51 COMPILER V9.54   MAIN                                                                  08/02/2026 11:12:15 PAGE 1   


C51 COMPILER V9.54, COMPILATION OF MODULE MAIN
OBJECT MODULE PLACED IN .\Objects\main.obj
COMPILER INVOKED BY: C:\Keil_v5\C51\BIN\C51.EXE main.c OPTIMIZE(8,SPEED) BROWSE DEBUG OBJECTEXTEND PRINT(.\Listings\main
                    -.lst) OBJECT(.\Objects\main.obj)

line level    source

   1          #include <REGX52.H>
   2          #include "Delay.h"
   3          #include "Key.h"
   4          #include "Nixie.h"
   5          #include "Timer0.h"
   6          sbit Motor=P1^0;
   7          unsigned char Counter,Compare;
   8          unsigned char KeyNum,Speed;
   9          void main()
  10          {
  11   1              Timer0_Init();
  12   1              while(1)
  13   1              {
  14   2                      KeyNum=Key();
  15   2                      if(KeyNum==1)
  16   2                      {
  17   3                              Speed++;
  18   3                              Speed%=4;
  19   3                              if(Speed==0){Compare=0;}
  20   3                              if(Speed==1){Compare=25;}
  21   3                              if(Speed==2){Compare=50;}
  22   3                              if(Speed==3){Compare=100;}
  23   3                      }
  24   2                      Nixie(1,Speed);
  25   2              }
  26   1      }
  27          void Timer0_Routinue() interrupt 1
  28          {
  29   1              unsigned char T0Count;
  30   1              TL0=0x9C;
  31   1              TH0=0xFF;
  32   1              Counter++;
  33   1              Counter%=100;
  34   1              if(Counter<Compare){Motor=1;}
  35   1              else{Motor=0;}
  36   1              T0Count++;
  37   1              if(T0Count>20)
  38   1              {
  39   2                      T0Count=0;
  40   2                      Key_Loop();
  41   2              }
  42   1      }


MODULE INFORMATION:   STATIC OVERLAYABLE
   CODE SIZE        =    164    ----
   CONSTANT SIZE    =   ----    ----
   XDATA SIZE       =   ----    ----
   PDATA SIZE       =   ----    ----
   DATA SIZE        =      4       1
   IDATA SIZE       =   ----    ----
   BIT SIZE         =   ----    ----
END OF MODULE INFORMATION.


C51 COMPILATION COMPLETE.  0 WARNING(S),  0 ERROR(S)
