BL51 BANKED LINKER/LOCATER V6.22                                                        08/02/2026  11:14:26  PAGE 1


BL51 BANKED LINKER/LOCATER V6.22, INVOKED BY:
C:\KEIL_V5\C51\BIN\BL51.EXE .\Objects\main.obj, .\Objects\Delay.obj, .\Objects\Key.obj, .\Objects\Nixie.obj, .\Objects\T
>> imer0.obj TO .\Objects\project PRINT (.\Listings\project.m51) RAMSIZE (256) DISABLEWARNING (16)


MEMORY MODEL: SMALL


INPUT MODULES INCLUDED:
  .\Objects\main.obj (MAIN)
  .\Objects\Delay.obj (DELAY)
  .\Objects\Key.obj (KEY)
  .\Objects\Nixie.obj (NIXIE)
  .\Objects\Timer0.obj (TIMER0)
  C:\KEIL_V5\C51\LIB\C51S.LIB (?C_STARTUP)
  C:\KEIL_V5\C51\LIB\C51S.LIB (?C_INIT)


LINK MAP OF MODULE:  .\Objects\project (MAIN)


            TYPE    BASE      LENGTH    RELOCATION   SEGMENT NAME
            -----------------------------------------------------

            * * * * * * *   D A T A   M E M O R Y   * * * * * * *
            REG     0000H     0008H     ABSOLUTE     "REG BANK 0"
            DATA    0008H     000AH     UNIT         ?DT?NIXIE
            DATA    0012H     0004H     UNIT         ?DT?MAIN
            DATA    0016H     0003H     UNIT         ?DT?KEY
            DATA    0019H     0001H     UNIT         _DATA_GROUP_
            IDATA   001AH     0001H     UNIT         ?STACK

            * * * * * * *   C O D E   M E M O R Y   * * * * * * *
            CODE    0000H     0003H     ABSOLUTE     
            CODE    0003H     0006H     UNIT         ?PR?KEY?KEY
                    0009H     0002H                  *** GAP ***
            CODE    000BH     0003H     ABSOLUTE     
            CODE    000EH     008CH     UNIT         ?C_C51STARTUP
            CODE    009AH     0066H     UNIT         ?PR?_NIXIE?NIXIE
            CODE    0100H     0065H     UNIT         ?PR?TIMER0_ROUTINUE?MAIN
            CODE    0165H     003FH     UNIT         ?PR?MAIN?MAIN
            CODE    01A4H     0039H     UNIT         ?PR?KEY_LOOP?KEY
            CODE    01DDH     0017H     UNIT         ?PR?TIMER0_INIT?TIMER0
            CODE    01F4H     0016H     UNIT         ?PR?KEY_GETSTATE?KEY
            CODE    020AH     0015H     UNIT         ?PR?_DELAY?DELAY
            CODE    021FH     000DH     UNIT         ?C_INITSEG



OVERLAY MAP OF MODULE:   .\Objects\project (MAIN)


SEGMENT                            DATA_GROUP 
  +--> CALLED SEGMENT            START    LENGTH
------------------------------------------------
?PR?TIMER0_ROUTINUE?MAIN         0019H    0001H
  +--> ?PR?KEY_LOOP?KEY

BL51 BANKED LINKER/LOCATER V6.22                                                      08/02/2026  11:14:26  PAGE 2


?PR?KEY_LOOP?KEY                 -----    -----
  +--> ?PR?KEY_GETSTATE?KEY

*** NEW ROOT ***************************************************

?C_C51STARTUP                    -----    -----
  +--> ?PR?MAIN?MAIN
  +--> ?C_INITSEG

?PR?MAIN?MAIN                    -----    -----
  +--> ?PR?TIMER0_INIT?TIMER0
  +--> ?PR?KEY?KEY
  +--> ?PR?_NIXIE?NIXIE



SYMBOL TABLE OF MODULE:  .\Objects\project (MAIN)

  VALUE           TYPE          NAME
  ----------------------------------

  -------         MODULE        MAIN
  C:0000H         SYMBOL        _ICE_DUMMY_
  D:0090H         PUBLIC        P1
  B:0090H.0       PUBLIC        Motor
  C:0165H         PUBLIC        main
  D:0012H         PUBLIC        Compare
  D:008CH         PUBLIC        TH0
  D:008AH         PUBLIC        TL0
  D:0013H         PUBLIC        KeyNum
  D:0014H         PUBLIC        Counter
  D:0015H         PUBLIC        Speed
  C:0100H         PUBLIC        Timer0_Routinue
  -------         PROC          MAIN
  C:0165H         LINE#         9
  C:0165H         LINE#         10
  C:0165H         LINE#         11
  C:0168H         LINE#         12
  C:0168H         LINE#         13
  C:0168H         LINE#         14
  C:016DH         LINE#         15
  C:0173H         LINE#         16
  C:0173H         LINE#         17
  C:0175H         LINE#         18
  C:0178H         LINE#         19
  C:017EH         LINE#         20
  C:0186H         LINE#         21
  C:018EH         LINE#         22
  C:0196H         LINE#         23
  C:0196H         LINE#         24
  C:01A2H         LINE#         25
  -------         ENDPROC       MAIN
  -------         PROC          TIMER0_ROUTINUE
  -------         DO            
  D:0019H         SYMBOL        T0Count
  -------         ENDDO         
  C:0100H         LINE#         27
BL51 BANKED LINKER/LOCATER V6.22                                                      08/02/2026  11:14:26  PAGE 3


  C:011DH         LINE#         30
  C:0120H         LINE#         31
  C:0123H         LINE#         32
  C:0125H         LINE#         33
  C:012EH         LINE#         34
  C:0139H         LINE#         35
  C:013BH         LINE#         36
  C:013DH         LINE#         37
  C:0144H         LINE#         38
  C:0144H         LINE#         39
  C:0147H         LINE#         40
  C:014AH         LINE#         41
  C:014AH         LINE#         42
  -------         ENDPROC       TIMER0_ROUTINUE
  -------         ENDMOD        MAIN

  -------         MODULE        DELAY
  C:0000H         SYMBOL        _ICE_DUMMY_
  C:020AH         PUBLIC        _Delay
  -------         PROC          _DELAY
  D:0006H         SYMBOL        xms
  -------         DO            
  D:0005H         SYMBOL        i
  D:0004H         SYMBOL        j
  -------         ENDDO         
  C:020AH         LINE#         1
  C:020AH         LINE#         2
  C:020AH         LINE#         5
  C:0214H         LINE#         6
  C:0214H         LINE#         7
  C:0216H         LINE#         8
  C:0218H         LINE#         12
  C:0218H         LINE#         13
  C:021AH         LINE#         14
  C:021CH         LINE#         15
  C:021EH         LINE#         16
  -------         ENDPROC       _DELAY
  -------         ENDMOD        DELAY

  -------         MODULE        KEY
  C:0000H         SYMBOL        _ICE_DUMMY_
  B:00B0H.0       PUBLIC        P3_0
  B:00B0H.1       PUBLIC        P3_1
  B:00B0H.2       PUBLIC        P3_2
  B:00B0H.3       PUBLIC        P3_3
  D:0018H         PUBLIC        Key_KeyNumber
  C:01A4H         PUBLIC        Key_Loop
  C:0003H         PUBLIC        Key
  C:01F4H         PUBLIC        Key_GetState
  -------         PROC          KEY
  -------         DO            
  D:0007H         SYMBOL        Temp
  -------         ENDDO         
  C:0003H         LINE#         4
  C:0003H         LINE#         5
  C:0003H         LINE#         6
  C:0004H         LINE#         7
BL51 BANKED LINKER/LOCATER V6.22                                                      08/02/2026  11:14:26  PAGE 4


  C:0006H         LINE#         8
  C:0008H         LINE#         9
  C:0008H         LINE#         10
  -------         ENDPROC       KEY
  -------         PROC          KEY_GETSTATE
  -------         DO            
  D:0007H         SYMBOL        Keynumber
  -------         ENDDO         
  C:01F4H         LINE#         11
  C:01F4H         LINE#         12
  C:01F4H         LINE#         13
  C:01F6H         LINE#         14
  C:01FAH         LINE#         15
  C:01FFH         LINE#         16
  C:0204H         LINE#         17
  C:0209H         LINE#         18
  C:0209H         LINE#         19
  -------         ENDPROC       KEY_GETSTATE
  -------         PROC          KEY_LOOP
  -------         DO            
  D:0016H         SYMBOL        NowState
  D:0017H         SYMBOL        LastState
  -------         ENDDO         
  C:01A4H         LINE#         20
  C:01A4H         LINE#         21
  C:01A4H         LINE#         23
  C:01A7H         LINE#         24
  C:01ACH         LINE#         25
  C:01B5H         LINE#         26
  C:01B5H         LINE#         27
  C:01B8H         LINE#         28
  C:01B8H         LINE#         29
  C:01C1H         LINE#         30
  C:01C1H         LINE#         31
  C:01C4H         LINE#         32
  C:01C4H         LINE#         33
  C:01CDH         LINE#         34
  C:01CDH         LINE#         35
  C:01D0H         LINE#         36
  C:01D0H         LINE#         37
  C:01D9H         LINE#         38
  C:01D9H         LINE#         39
  C:01DCH         LINE#         40
  C:01DCH         LINE#         41
  -------         ENDPROC       KEY_LOOP
  -------         ENDMOD        KEY

  -------         MODULE        NIXIE
  C:0000H         SYMBOL        _ICE_DUMMY_
  C:009AH         PUBLIC        _Nixie
  D:0080H         PUBLIC        P0
  B:00A0H.2       PUBLIC        P2_2
  B:00A0H.3       PUBLIC        P2_3
  B:00A0H.4       PUBLIC        P2_4
  D:0008H         PUBLIC        NixieNumber
  -------         PROC          _NIXIE
  D:0006H         SYMBOL        locat
BL51 BANKED LINKER/LOCATER V6.22                                                      08/02/2026  11:14:26  PAGE 5


  D:0004H         SYMBOL        num
  C:009AH         LINE#         5
  C:009AH         LINE#         6
  C:009AH         LINE#         7
  C:00CAH         LINE#         8
  C:00CAH         LINE#         9
  C:00CEH         LINE#         10
  C:00D2H         LINE#         11
  C:00D6H         LINE#         12
  C:00DAH         LINE#         13
  C:00E2H         LINE#         14
  C:00EAH         LINE#         15
  C:00F2H         LINE#         16
  C:00F8H         LINE#         17
  C:00F8H         LINE#         18
  C:00FFH         LINE#         21
  -------         ENDPROC       _NIXIE
  -------         ENDMOD        NIXIE

  -------         MODULE        TIMER0
  C:0000H         SYMBOL        _ICE_DUMMY_
  B:00A8H.7       PUBLIC        EA
  C:01DDH         PUBLIC        Timer0_Init
  D:0089H         PUBLIC        TMOD
  B:00A8H.1       PUBLIC        ET0
  B:0088H.5       PUBLIC        TF0
  D:008CH         PUBLIC        TH0
  D:008AH         PUBLIC        TL0
  B:00B8H.1       PUBLIC        PT0
  B:0088H.4       PUBLIC        TR0
  -------         PROC          TIMER0_INIT
  C:01DDH         LINE#         3
  C:01DDH         LINE#         4
  C:01DDH         LINE#         11
  C:01E0H         LINE#         12
  C:01E3H         LINE#         13
  C:01E6H         LINE#         14
  C:01E9H         LINE#         15
  C:01EBH         LINE#         16
  C:01EDH         LINE#         18
  C:01EFH         LINE#         19
  C:01F1H         LINE#         20
  C:01F3H         LINE#         21
  -------         ENDPROC       TIMER0_INIT
  -------         ENDMOD        TIMER0

Program Size: data=27.0 xdata=0 code=554
LINK/LOCATE RUN COMPLETE.  0 WARNING(S),  0 ERROR(S)
