C51 COMPILER V9.54   MAIN                                                                  07/25/2026 10:11:58 PAGE 1   


C51 COMPILER V9.54, COMPILATION OF MODULE MAIN
OBJECT MODULE PLACED IN .\Objects\main.obj
COMPILER INVOKED BY: C:\Keil_v5\C51\BIN\C51.EXE main.c OPTIMIZE(8,SPEED) BROWSE DEBUG OBJECTEXTEND PRINT(.\Listings\main
                    -.lst) OBJECT(.\Objects\main.obj)

line level    source

   1          #include <REGX52.H>
   2          #include "Delay.h"
   3          
   4          sbit RCK=P3^5;//把P3的第5位声明为RCLK时钟
   5          sbit SCK=P3^6;//SRCLK
   6          sbit SER=P3^4;//SER寄存器
   7          
   8          #define MATRIX_LED_PORT P0
   9          /**
  10             * @brief 74H595写入1个字节
  11             * @param 要写入的字节
  12             * @retval 无
  13             */
  14          void _74HC595_WriteByte(unsigned char Byte)
  15          {
  16   1              unsigned char i;
  17   1              for(i=0;i<8;i++)
  18   1              {
  19   2                      SER=Byte&(0x80>>i);
  20   2                      SCK=1;
  21   2                      SCK=0;
  22   2              }
  23   1              RCK=1;//发送到IO口上准备输出
  24   1              RCK=0;//置零
  25   1      }
  26          /**
  27             * @brief LED点阵屏显示一列数据
  28             * @param Column要选择的列，范围：0~7，0在最左边
  29             * @param Data选择列显示的数据，高位在上，1为亮，0为灭
  30             * @retval 无
  31             */
  32          void MatrixLED_ShowColumn(unsigned char Column,Data)
  33          {
  34   1              _74HC595_WriteByte(Data);
  35   1              MATRIX_LED_PORT=~(0x80>>Column);
  36   1              Delay(1);
  37   1              MATRIX_LED_PORT=0xFF;
  38   1      }
  39          void main()
  40          {
  41   1              SCK=0;
  42   1              RCK=0;
  43   1              //_74HC595_WriteByte(0xAA);P0=0;
  44   1              while(1)
  45   1              {
  46   2                      MatrixLED_ShowColumn(0,0x3C);
  47   2                      MatrixLED_ShowColumn(1,0x42);
  48   2                      MatrixLED_ShowColumn(2,0xA9);
  49   2                      MatrixLED_ShowColumn(3,0x85);
  50   2                      MatrixLED_ShowColumn(4,0x85);
  51   2                      MatrixLED_ShowColumn(5,0xA9);
  52   2                      MatrixLED_ShowColumn(6,0x42);
  53   2                      MatrixLED_ShowColumn(7,0x3C);
  54   2              }
C51 COMPILER V9.54   MAIN                                                                  07/25/2026 10:11:58 PAGE 2   

  55   1      }


MODULE INFORMATION:   STATIC OVERLAYABLE
   CODE SIZE        =    157    ----
   CONSTANT SIZE    =   ----    ----
   XDATA SIZE       =   ----    ----
   PDATA SIZE       =   ----    ----
   DATA SIZE        =   ----    ----
   IDATA SIZE       =   ----    ----
   BIT SIZE         =   ----    ----
END OF MODULE INFORMATION.


C51 COMPILATION COMPLETE.  0 WARNING(S),  0 ERROR(S)
