BL51 BANKED LINKER/LOCATER V6.22                                                        07/31/2026  21:26:28  PAGE 1


BL51 BANKED LINKER/LOCATER V6.22, INVOKED BY:
C:\KEIL_V5\C51\BIN\BL51.EXE .\Objects\mian.obj, .\Objects\Key.obj, .\Objects\Delay.obj, .\Objects\LCD1602.obj, .\Objects
>> \OneWire.obj, .\Objects\DS18B20.obj TO .\Objects\project PRINT (.\Listings\project.m51) RAMSIZE (256) DISABLEWARNING 
>> (16)


MEMORY MODEL: SMALL WITH FLOATING POINT ARITHMETIC


INPUT MODULES INCLUDED:
  .\Objects\mian.obj (MIAN)
  .\Objects\Key.obj (KEY)
  .\Objects\Delay.obj (DELAY)
  .\Objects\LCD1602.obj (LCD1602)
  .\Objects\OneWire.obj (ONEWIRE)
  .\Objects\DS18B20.obj (DS18B20)
  C:\KEIL_V5\C51\LIB\C51FPS.LIB (?C?FPMUL)
  C:\KEIL_V5\C51\LIB\C51FPS.LIB (?C?FPDIV)
  C:\KEIL_V5\C51\LIB\C51FPS.LIB (?C?FPCMP)
  C:\KEIL_V5\C51\LIB\C51FPS.LIB (?C?FPNEG)
  C:\KEIL_V5\C51\LIB\C51FPS.LIB (?C?FCAST)
  C:\KEIL_V5\C51\LIB\C51FPS.LIB (?C?CASTF)
  C:\KEIL_V5\C51\LIB\C51FPS.LIB (?C?FPGETOPN)
  C:\KEIL_V5\C51\LIB\C51S.LIB (?C_STARTUP)
  C:\KEIL_V5\C51\LIB\C51S.LIB (?C?CLDOPTR)
  C:\KEIL_V5\C51\LIB\C51S.LIB (?C?IMUL)
  C:\KEIL_V5\C51\LIB\C51S.LIB (?C?UIDIV)
  C:\KEIL_V5\C51\LIB\C51S.LIB (?C?ULDIV)
  C:\KEIL_V5\C51\LIB\C51S.LIB (?C?LNEG)


LINK MAP OF MODULE:  .\Objects\project (MIAN)


            TYPE    BASE      LENGTH    RELOCATION   SEGMENT NAME
            -----------------------------------------------------

            * * * * * * *   D A T A   M E M O R Y   * * * * * * *
            REG     0000H     0008H     ABSOLUTE     "REG BANK 0"
            DATA    0008H     0009H     UNIT         _DATA_GROUP_
            DATA    0011H     0007H     UNIT         ?DT?_LCD_SHOWSIGNEDNUM?LCD1602
            DATA    0018H     0005H     UNIT         ?DT?_LCD_SHOWHEXNUM?LCD1602
            DATA    001DH     0005H     UNIT         ?DT?_LCD_SHOWBINNUM?LCD1602
            DATA    0022H     0004H     UNIT         ?DT?MIAN
            DATA    0026H     0003H     UNIT         ?DT?KEY
            IDATA   0029H     0001H     UNIT         ?STACK

            * * * * * * *   C O D E   M E M O R Y   * * * * * * *
            CODE    0000H     0003H     ABSOLUTE     
            CODE    0003H     045FH     UNIT         ?C?LIB_CODE
            CODE    0462H     00A6H     UNIT         ?PR?MAIN?MIAN
            CODE    0508H     003AH     UNIT         ?PR?_LCD_SHOWSIGNEDNUM?LCD1602
            CODE    0542H     0039H     UNIT         ?PR?KEY_LOOP?KEY
            CODE    057BH     0039H     UNIT         ?PR?_LCD_SHOWHEXNUM?LCD1602
            CODE    05B4H     0038H     UNIT         ?PR?_LCD_SHOWBINNUM?LCD1602
            CODE    05ECH     0033H     UNIT         ?PR?_LCD_POW?LCD1602
            CODE    061FH     002CH     UNIT         ?PR?DS18B20_READT?DS18B20
            CODE    064BH     0023H     UNIT         ?PR?_LCD_SHOWSTRING?LCD1602
BL51 BANKED LINKER/LOCATER V6.22                                                      07/31/2026  21:26:28  PAGE 2


            CODE    066EH     001EH     UNIT         ?PR?_LCD_WRITEDATA?LCD1602
            CODE    068CH     001DH     UNIT         ?PR?_LCD_SHOWNUM?LCD1602
            CODE    06A9H     001DH     UNIT         ?PR?ONEWIRE_RECEIVEBYTE?ONEWIRE
            CODE    06C6H     001AH     UNIT         ?PR?ONEWIRE_INIT?ONEWIRE
            CODE    06E0H     0019H     UNIT         ?PR?_ONEWIRE_SENDBYTE?ONEWIRE
            CODE    06F9H     0018H     UNIT         ?PR?ONEWIRE_RECEIVEBIT?ONEWIRE
            CODE    0711H     0016H     UNIT         ?PR?KEY_GETSTATE?KEY
            CODE    0727H     0016H     UNIT         ?PR?_LCD_SETCURSOR?LCD1602
            CODE    073DH     0015H     UNIT         ?PR?_DELAY?DELAY
            CODE    0752H     0014H     UNIT         ?PR?LCD_INIT?LCD1602
            CODE    0766H     0012H     UNIT         ?PR?_ONEWIRE_SENDBIT?ONEWIRE
            CODE    0778H     000FH     UNIT         ?PR?LCD_DELAY?LCD1602
            CODE    0787H     000DH     UNIT         ?CO?MIAN
            CODE    0794H     000DH     UNIT         ?PR?DS18B20_CONVERTT?DS18B20
            CODE    07A1H     000CH     UNIT         ?C_C51STARTUP
            CODE    07ADH     000AH     UNIT         ?PR?_LCD_WRITECOMMAND?LCD1602
            CODE    07B7H     000AH     UNIT         ?PR?_LCD_SHOWCHAR?LCD1602
            CODE    07C1H     0006H     UNIT         ?PR?KEY?KEY



OVERLAY MAP OF MODULE:   .\Objects\project (MIAN)


SEGMENT                                   DATA_GROUP 
  +--> CALLED SEGMENT                   START    LENGTH
-------------------------------------------------------
?C_C51STARTUP                           -----    -----
  +--> ?PR?MAIN?MIAN

?PR?MAIN?MIAN                           -----    -----
  +--> ?PR?LCD_INIT?LCD1602
  +--> ?CO?MIAN
  +--> ?PR?_LCD_SHOWSTRING?LCD1602
  +--> ?PR?DS18B20_CONVERTT?DS18B20
  +--> ?PR?DS18B20_READT?DS18B20
  +--> ?PR?_LCD_SHOWCHAR?LCD1602
  +--> ?PR?_LCD_SHOWNUM?LCD1602

?PR?LCD_INIT?LCD1602                    -----    -----
  +--> ?PR?_LCD_WRITECOMMAND?LCD1602

?PR?_LCD_WRITECOMMAND?LCD1602           -----    -----
  +--> ?PR?LCD_DELAY?LCD1602

?PR?_LCD_SHOWSTRING?LCD1602             0008H    0003H
  +--> ?PR?_LCD_SETCURSOR?LCD1602
  +--> ?PR?_LCD_WRITEDATA?LCD1602

?PR?_LCD_SETCURSOR?LCD1602              -----    -----
  +--> ?PR?_LCD_WRITECOMMAND?LCD1602

?PR?_LCD_WRITEDATA?LCD1602              -----    -----
  +--> ?PR?LCD_DELAY?LCD1602

?PR?DS18B20_CONVERTT?DS18B20            -----    -----
  +--> ?PR?ONEWIRE_INIT?ONEWIRE
BL51 BANKED LINKER/LOCATER V6.22                                                      07/31/2026  21:26:28  PAGE 3


  +--> ?PR?_ONEWIRE_SENDBYTE?ONEWIRE

?PR?_ONEWIRE_SENDBYTE?ONEWIRE           -----    -----
  +--> ?PR?_ONEWIRE_SENDBIT?ONEWIRE

?PR?DS18B20_READT?DS18B20               0008H    0001H
  +--> ?PR?ONEWIRE_INIT?ONEWIRE
  +--> ?PR?_ONEWIRE_SENDBYTE?ONEWIRE
  +--> ?PR?ONEWIRE_RECEIVEBYTE?ONEWIRE

?PR?ONEWIRE_RECEIVEBYTE?ONEWIRE         -----    -----
  +--> ?PR?ONEWIRE_RECEIVEBIT?ONEWIRE

?PR?_LCD_SHOWCHAR?LCD1602               -----    -----
  +--> ?PR?_LCD_SETCURSOR?LCD1602
  +--> ?PR?_LCD_WRITEDATA?LCD1602

?PR?_LCD_SHOWNUM?LCD1602                0008H    0005H
  +--> ?PR?_LCD_SETCURSOR?LCD1602
  +--> ?PR?_LCD_POW?LCD1602
  +--> ?PR?_LCD_WRITEDATA?LCD1602

?PR?_LCD_POW?LCD1602                    000DH    0004H



SYMBOL TABLE OF MODULE:  .\Objects\project (MIAN)

  VALUE           TYPE          NAME
  ----------------------------------

  -------         MODULE        MIAN
  C:0000H         SYMBOL        _ICE_DUMMY_
  C:0462H         PUBLIC        main
  D:0022H         PUBLIC        T
  -------         PROC          MAIN
  C:0462H         LINE#         8
  C:0462H         LINE#         9
  C:0462H         LINE#         10
  C:0465H         LINE#         11
  C:0472H         LINE#         12
  C:0472H         LINE#         13
  C:0472H         LINE#         14
  C:0475H         LINE#         15
  C:0480H         LINE#         16
  C:0492H         LINE#         17
  C:0492H         LINE#         18
  C:049BH         LINE#         19
  C:04AEH         LINE#         20
  C:04B0H         LINE#         22
  C:04B0H         LINE#         23
  C:04B9H         LINE#         24
  C:04B9H         LINE#         26
  C:04D2H         LINE#         27
  C:04DBH         LINE#         28
  C:0505H         LINE#         29
  -------         ENDPROC       MAIN
BL51 BANKED LINKER/LOCATER V6.22                                                      07/31/2026  21:26:28  PAGE 4


  -------         ENDMOD        MIAN

  -------         MODULE        KEY
  C:0000H         SYMBOL        _ICE_DUMMY_
  B:00B0H.0       PUBLIC        P3_0
  B:00B0H.1       PUBLIC        P3_1
  B:00B0H.2       PUBLIC        P3_2
  B:00B0H.3       PUBLIC        P3_3
  D:0028H         PUBLIC        Key_KeyNumber
  C:0542H         PUBLIC        Key_Loop
  C:07C1H         PUBLIC        Key
  C:0711H         PUBLIC        Key_GetState
  -------         PROC          KEY
  -------         DO            
  D:0007H         SYMBOL        Temp
  -------         ENDDO         
  C:07C1H         LINE#         4
  C:07C1H         LINE#         5
  C:07C1H         LINE#         6
  C:07C2H         LINE#         7
  C:07C4H         LINE#         8
  C:07C6H         LINE#         9
  C:07C6H         LINE#         10
  -------         ENDPROC       KEY
  -------         PROC          KEY_GETSTATE
  -------         DO            
  D:0007H         SYMBOL        Keynumber
  -------         ENDDO         
  C:0711H         LINE#         11
  C:0711H         LINE#         12
  C:0711H         LINE#         13
  C:0713H         LINE#         14
  C:0717H         LINE#         15
  C:071CH         LINE#         16
  C:0721H         LINE#         17
  C:0726H         LINE#         18
  C:0726H         LINE#         19
  -------         ENDPROC       KEY_GETSTATE
  -------         PROC          KEY_LOOP
  -------         DO            
  D:0026H         SYMBOL        NowState
  D:0027H         SYMBOL        LastState
  -------         ENDDO         
  C:0542H         LINE#         20
  C:0542H         LINE#         21
  C:0542H         LINE#         23
  C:0545H         LINE#         24
  C:054AH         LINE#         25
  C:0553H         LINE#         26
  C:0553H         LINE#         27
  C:0556H         LINE#         28
  C:0556H         LINE#         29
  C:055FH         LINE#         30
  C:055FH         LINE#         31
  C:0562H         LINE#         32
  C:0562H         LINE#         33
  C:056BH         LINE#         34
BL51 BANKED LINKER/LOCATER V6.22                                                      07/31/2026  21:26:28  PAGE 5


  C:056BH         LINE#         35
  C:056EH         LINE#         36
  C:056EH         LINE#         37
  C:0577H         LINE#         38
  C:0577H         LINE#         39
  C:057AH         LINE#         40
  C:057AH         LINE#         41
  -------         ENDPROC       KEY_LOOP
  -------         ENDMOD        KEY

  -------         MODULE        DELAY
  C:0000H         SYMBOL        _ICE_DUMMY_
  C:073DH         PUBLIC        _Delay
  -------         PROC          _DELAY
  D:0006H         SYMBOL        xms
  -------         DO            
  D:0005H         SYMBOL        i
  D:0004H         SYMBOL        j
  -------         ENDDO         
  C:073DH         LINE#         1
  C:073DH         LINE#         2
  C:073DH         LINE#         5
  C:0747H         LINE#         6
  C:0747H         LINE#         7
  C:0749H         LINE#         8
  C:074BH         LINE#         12
  C:074BH         LINE#         13
  C:074DH         LINE#         14
  C:074FH         LINE#         15
  C:0751H         LINE#         16
  -------         ENDPROC       _DELAY
  -------         ENDMOD        DELAY

  -------         MODULE        LCD1602
  C:0000H         SYMBOL        _ICE_DUMMY_
  D:0080H         PUBLIC        P0
  D:00A0H         PUBLIC        P2
  C:07ADH         PUBLIC        _LCD_WriteCommand
  C:068CH         PUBLIC        _LCD_ShowNum
  C:05B4H         PUBLIC        _LCD_ShowBinNum
  C:077EH         PUBLIC        LCD_Delay
  C:057BH         PUBLIC        _LCD_ShowHexNum
  C:0682H         PUBLIC        _LCD_WriteData
  B:00A0H.7       PUBLIC        LCD_EN
  C:0752H         PUBLIC        LCD_Init
  C:064BH         PUBLIC        _LCD_ShowString
  C:07B7H         PUBLIC        _LCD_ShowChar
  B:00A0H.6       PUBLIC        LCD_RS
  B:00A0H.5       PUBLIC        LCD_RW
  C:0727H         PUBLIC        _LCD_SetCursor
  C:0508H         PUBLIC        _LCD_ShowSignedNum
  C:05F8H         PUBLIC        _LCD_Pow
  -------         PROC          L?0048
  -------         ENDPROC       L?0048
  -------         PROC          LCD_DELAY
  -------         DO            
  D:0007H         SYMBOL        i
BL51 BANKED LINKER/LOCATER V6.22                                                      07/31/2026  21:26:28  PAGE 6


  D:0006H         SYMBOL        j
  -------         ENDDO         
  C:077EH         LINE#         15
  C:077EH         LINE#         16
  C:077EH         LINE#         19
  C:0780H         LINE#         20
  C:0782H         LINE#         22
  C:0782H         LINE#         23
  C:0784H         LINE#         24
  C:0786H         LINE#         25
  -------         ENDPROC       LCD_DELAY
  -------         PROC          _LCD_WRITECOMMAND
  D:0007H         SYMBOL        Command
  C:07ADH         LINE#         32
  C:07ADH         LINE#         33
  C:07ADH         LINE#         34
  C:07AFH         LINE#         35
  C:07AFH         LINE#         36
  C:07AFH         LINE#         37
  C:07AFH         LINE#         38
  C:07B2H         LINE#         39
  C:07B4H         LINE#         40
  -------         ENDPROC       _LCD_WRITECOMMAND
  -------         PROC          L?0047
  -------         ENDPROC       L?0047
  -------         PROC          _LCD_WRITEDATA
  D:0007H         SYMBOL        Data
  C:0682H         LINE#         48
  C:0682H         LINE#         49
  C:0682H         LINE#         50
  C:0684H         LINE#         51
  C:0684H         LINE#         52
  C:0684H         LINE#         53
  C:0684H         LINE#         54
  C:0687H         LINE#         55
  C:0689H         LINE#         56
  -------         ENDPROC       _LCD_WRITEDATA
  -------         PROC          _LCD_SETCURSOR
  D:0006H         SYMBOL        Line
  D:0005H         SYMBOL        Column
  C:0727H         LINE#         65
  C:0729H         LINE#         66
  C:0729H         LINE#         67
  C:072CH         LINE#         68
  C:072CH         LINE#         69
  C:072EH         LINE#         70
  C:0730H         LINE#         71
  C:0733H         LINE#         72
  C:0733H         LINE#         73
  C:073CH         LINE#         74
  C:073CH         LINE#         75
  -------         ENDPROC       _LCD_SETCURSOR
  -------         PROC          LCD_INIT
  C:0752H         LINE#         82
  C:0752H         LINE#         83
  C:0752H         LINE#         84
  C:0757H         LINE#         85
BL51 BANKED LINKER/LOCATER V6.22                                                      07/31/2026  21:26:28  PAGE 7


  C:075CH         LINE#         86
  C:0761H         LINE#         87
  -------         ENDPROC       LCD_INIT
  -------         PROC          _LCD_SHOWCHAR
  D:0006H         SYMBOL        Line
  D:0005H         SYMBOL        Column
  D:0004H         SYMBOL        Char
  C:07B7H         LINE#         97
  C:07B9H         LINE#         98
  C:07B9H         LINE#         99
  C:07BCH         LINE#         100
  -------         ENDPROC       _LCD_SHOWCHAR
  -------         PROC          _LCD_SHOWSTRING
  D:0007H         SYMBOL        Line
  D:0005H         SYMBOL        Column
  D:0008H         SYMBOL        String
  -------         DO            
  D:0005H         SYMBOL        i
  -------         ENDDO         
  C:064BH         LINE#         110
  C:0651H         LINE#         111
  C:0651H         LINE#         113
  C:0654H         LINE#         114
  C:0667H         LINE#         115
  C:0667H         LINE#         116
  C:066AH         LINE#         117
  C:066DH         LINE#         118
  -------         ENDPROC       _LCD_SHOWSTRING
  C:05EEH         SYMBOL        L?0046
  -------         PROC          L?0045
  -------         ENDPROC       L?0045
  C:05EEH         SYMBOL        L?0046
  -------         PROC          _LCD_POW
  D:000DH         SYMBOL        X
  D:000FH         SYMBOL        Y
  -------         DO            
  D:0003H         SYMBOL        i
  D:0006H         SYMBOL        Result
  -------         ENDDO         
  C:05F8H         LINE#         123
  C:0600H         LINE#         124
  C:0600H         LINE#         126
  C:0604H         LINE#         127
  C:0614H         LINE#         128
  C:0614H         LINE#         129
  C:061BH         LINE#         130
  C:061EH         LINE#         131
  C:061EH         LINE#         132
  -------         ENDPROC       _LCD_POW
  -------         PROC          _LCD_SHOWNUM
  D:0007H         SYMBOL        Line
  D:0005H         SYMBOL        Column
  D:000AH         SYMBOL        Number
  D:000CH         SYMBOL        Length
  -------         DO            
  D:0002H         SYMBOL        i
  -------         ENDDO         
BL51 BANKED LINKER/LOCATER V6.22                                                      07/31/2026  21:26:28  PAGE 8


  C:068CH         LINE#         142
  C:0690H         LINE#         143
  C:0690H         LINE#         145
  C:0693H         LINE#         146
  C:069BH         LINE#         147
  C:069BH         LINE#         148
  C:06A5H         LINE#         149
  C:06A8H         LINE#         150
  -------         ENDPROC       _LCD_SHOWNUM
  -------         PROC          _LCD_SHOWSIGNEDNUM
  D:0007H         SYMBOL        Line
  D:0005H         SYMBOL        Column
  D:0002H         SYMBOL        Number
  D:0015H         SYMBOL        Length
  -------         DO            
  D:0002H         SYMBOL        i
  D:0016H         SYMBOL        Number1
  -------         ENDDO         
  C:0508H         LINE#         160
  C:0508H         LINE#         161
  C:0508H         LINE#         164
  C:050BH         LINE#         165
  C:0513H         LINE#         166
  C:0513H         LINE#         167
  C:0518H         LINE#         168
  C:051CH         LINE#         169
  C:051EH         LINE#         171
  C:051EH         LINE#         172
  C:0523H         LINE#         173
  C:052CH         LINE#         174
  C:052CH         LINE#         175
  C:0534H         LINE#         176
  C:0534H         LINE#         177
  C:053EH         LINE#         178
  C:0541H         LINE#         179
  -------         ENDPROC       _LCD_SHOWSIGNEDNUM
  -------         PROC          _LCD_SHOWHEXNUM
  D:0007H         SYMBOL        Line
  D:0005H         SYMBOL        Column
  D:001AH         SYMBOL        Number
  D:001CH         SYMBOL        Length
  -------         DO            
  D:0002H         SYMBOL        i
  D:0006H         SYMBOL        SingleNumber
  -------         ENDDO         
  C:057BH         LINE#         189
  C:057FH         LINE#         190
  C:057FH         LINE#         192
  C:0582H         LINE#         193
  C:058AH         LINE#         194
  C:058AH         LINE#         195
  C:05A0H         LINE#         196
  C:05A6H         LINE#         197
  C:05A6H         LINE#         198
  C:05A8H         LINE#         199
  C:05AAH         LINE#         201
  C:05AAH         LINE#         202
BL51 BANKED LINKER/LOCATER V6.22                                                      07/31/2026  21:26:28  PAGE 9


  C:05B0H         LINE#         203
  C:05B0H         LINE#         204
  C:05B3H         LINE#         205
  -------         ENDPROC       _LCD_SHOWHEXNUM
  -------         PROC          _LCD_SHOWBINNUM
  D:0007H         SYMBOL        Line
  D:0005H         SYMBOL        Column
  D:001FH         SYMBOL        Number
  D:0021H         SYMBOL        Length
  -------         DO            
  D:0002H         SYMBOL        i
  -------         ENDDO         
  C:05B4H         LINE#         215
  C:05B8H         LINE#         216
  C:05B8H         LINE#         218
  C:05BBH         LINE#         219
  C:05C3H         LINE#         220
  C:05C3H         LINE#         221
  C:05E8H         LINE#         222
  C:05EBH         LINE#         223
  -------         ENDPROC       _LCD_SHOWBINNUM
  -------         ENDMOD        LCD1602

  -------         MODULE        ONEWIRE
  C:0000H         SYMBOL        _ICE_DUMMY_
  D:00B0H         PUBLIC        P3
  C:06F9H         PUBLIC        OneWire_ReceiveBit
  B:00B0H.7       PUBLIC        OneWire_DQ
  C:06C6H         PUBLIC        OneWire_Init
  C:06E0H         PUBLIC        _OneWire_SendByte
  C:0766H         PUBLIC        _OneWire_SendBit
  C:06A9H         PUBLIC        OneWire_ReceiveByte
  -------         PROC          ONEWIRE_INIT
  -------         DO            
  D:0007H         SYMBOL        i
  D:0006H         SYMBOL        AckBit
  -------         ENDDO         
  C:06C6H         LINE#         4
  C:06C6H         LINE#         5
  C:06C6H         LINE#         9
  C:06C8H         LINE#         10
  C:06CAH         LINE#         12
  C:06CEH         LINE#         14
  C:06D0H         LINE#         15
  C:06D4H         LINE#         16
  C:06D9H         LINE#         17
  C:06DDH         LINE#         18
  C:06DFH         LINE#         19
  -------         ENDPROC       ONEWIRE_INIT
  -------         PROC          _ONEWIRE_SENDBIT
  D:0007H         SYMBOL        Bit
  -------         DO            
  D:0006H         SYMBOL        i
  -------         ENDDO         
  C:0766H         LINE#         21
  C:0766H         LINE#         22
  C:0766H         LINE#         25
BL51 BANKED LINKER/LOCATER V6.22                                                      07/31/2026  21:26:28  PAGE 10


  C:0768H         LINE#         26
  C:076CH         LINE#         27
  C:0771H         LINE#         28
  C:0775H         LINE#         29
  C:0777H         LINE#         31
  -------         ENDPROC       _ONEWIRE_SENDBIT
  -------         PROC          ONEWIRE_RECEIVEBIT
  -------         DO            
  D:0007H         SYMBOL        i
  D:0006H         SYMBOL        Bit
  -------         ENDDO         
  C:06F9H         LINE#         33
  C:06F9H         LINE#         34
  C:06F9H         LINE#         38
  C:06FBH         LINE#         39
  C:06FFH         LINE#         40
  C:0701H         LINE#         41
  C:0705H         LINE#         42
  C:070AH         LINE#         43
  C:070EH         LINE#         44
  C:0710H         LINE#         45
  -------         ENDPROC       ONEWIRE_RECEIVEBIT
  -------         PROC          _ONEWIRE_SENDBYTE
  D:0005H         SYMBOL        Byte
  -------         DO            
  D:0004H         SYMBOL        i
  -------         ENDDO         
  C:06E0H         LINE#         47
  C:06E2H         LINE#         48
  C:06E2H         LINE#         50
  C:06E4H         LINE#         51
  C:06E4H         LINE#         52
  C:06F4H         LINE#         53
  C:06F8H         LINE#         54
  -------         ENDPROC       _ONEWIRE_SENDBYTE
  -------         PROC          ONEWIRE_RECEIVEBYTE
  -------         DO            
  D:0004H         SYMBOL        i
  D:0005H         SYMBOL        Byte
  -------         ENDDO         
  C:06A9H         LINE#         56
  C:06A9H         LINE#         57
  C:06A9H         LINE#         59
  C:06ABH         LINE#         60
  C:06ACH         LINE#         61
  C:06ACH         LINE#         62
  C:06BFH         LINE#         63
  C:06C3H         LINE#         64
  C:06C5H         LINE#         65
  -------         ENDPROC       ONEWIRE_RECEIVEBYTE
  -------         ENDMOD        ONEWIRE

  -------         MODULE        DS18B20
  C:0000H         SYMBOL        _ICE_DUMMY_
  C:0794H         PUBLIC        DS18B20_ConvertT
  C:061FH         PUBLIC        DS18B20_ReadT
  -------         PROC          DS18B20_CONVERTT
BL51 BANKED LINKER/LOCATER V6.22                                                      07/31/2026  21:26:28  PAGE 11


  C:0794H         LINE#         6
  C:0794H         LINE#         7
  C:0794H         LINE#         8
  C:0797H         LINE#         9
  C:079CH         LINE#         10
  -------         ENDPROC       DS18B20_CONVERTT
  -------         PROC          DS18B20_READT
  -------         DO            
  D:0008H         SYMBOL        TLSB
  D:0007H         SYMBOL        TMSB
  D:0006H         SYMBOL        Temp
  D:0004H         SYMBOL        T
  -------         ENDDO         
  C:061FH         LINE#         12
  C:061FH         LINE#         13
  C:061FH         LINE#         17
  C:0622H         LINE#         18
  C:0627H         LINE#         19
  C:062CH         LINE#         20
  C:0631H         LINE#         21
  C:0634H         LINE#         22
  C:0639H         LINE#         24
  C:064AH         LINE#         25
  C:064AH         LINE#         26
  -------         ENDPROC       DS18B20_READT
  -------         ENDMOD        DS18B20

  -------         MODULE        ?C?FPMUL
  C:0003H         PUBLIC        ?C?FPMUL
  -------         ENDMOD        ?C?FPMUL

  -------         MODULE        ?C?FPDIV
  C:010CH         PUBLIC        ?C?FPDIV
  -------         ENDMOD        ?C?FPDIV

  -------         MODULE        ?C?FPCMP
  C:01ABH         PUBLIC        ?C?FPCMP
  C:01A9H         PUBLIC        ?C?FPCMP3
  -------         ENDMOD        ?C?FPCMP

  -------         MODULE        ?C?FPNEG
  C:0222H         PUBLIC        ?C?FPNEG
  -------         ENDMOD        ?C?FPNEG

  -------         MODULE        ?C?FCAST
  C:023DH         PUBLIC        ?C?FCASTC
  C:0238H         PUBLIC        ?C?FCASTI
  C:0233H         PUBLIC        ?C?FCASTL
  -------         ENDMOD        ?C?FCAST

  -------         MODULE        ?C?CASTF
  C:0271H         PUBLIC        ?C?CASTF
  -------         ENDMOD        ?C?CASTF

  -------         MODULE        ?C?CLDOPTR
  C:02F2H         PUBLIC        ?C?CLDOPTR
  -------         ENDMOD        ?C?CLDOPTR
BL51 BANKED LINKER/LOCATER V6.22                                                      07/31/2026  21:26:28  PAGE 12



  -------         MODULE        ?C?IMUL
  C:031FH         PUBLIC        ?C?IMUL
  -------         ENDMOD        ?C?IMUL

  -------         MODULE        ?C?UIDIV
  C:0331H         PUBLIC        ?C?UIDIV
  -------         ENDMOD        ?C?UIDIV

  -------         MODULE        ?C?ULDIV
  C:03C2H         PUBLIC        ?C?ULDIV
  -------         ENDMOD        ?C?ULDIV

  -------         MODULE        ?C?LNEG
  C:0454H         PUBLIC        ?C?LNEG
  -------         ENDMOD        ?C?LNEG

Program Size: data=42.0 xdata=0 code=1991
LINK/LOCATE RUN COMPLETE.  0 WARNING(S),  0 ERROR(S)
