BL51 BANKED LINKER/LOCATER V6.22                                                        07/31/2026  21:39:09  PAGE 1


BL51 BANKED LINKER/LOCATER V6.22, INVOKED BY:
C:\KEIL_V5\C51\BIN\BL51.EXE .\Objects\mian.obj, .\Objects\Key.obj, .\Objects\Delay.obj, .\Objects\LCD1602.obj, .\Objects
>> \OneWire.obj, .\Objects\DS18B20.obj TO .\Objects\project PRINT (.\Listings\project.m51) RAMSIZE (256) DISABLEWARNING 
>> (16)


MEMORY MODEL: SMALL WITH FLOATING POINT ARITHMETIC


INPUT MODULES INCLUDED:
  .\Objects\mian.obj (MIAN)
  .\Objects\Key.obj (KEY)
  .\Objects\Delay.obj (DELAY)
  .\Objects\LCD1602.obj (LCD1602)
  .\Objects\OneWire.obj (ONEWIRE)
  .\Objects\DS18B20.obj (DS18B20)
  C:\KEIL_V5\C51\LIB\C51FPS.LIB (?C?FPMUL)
  C:\KEIL_V5\C51\LIB\C51FPS.LIB (?C?FPDIV)
  C:\KEIL_V5\C51\LIB\C51FPS.LIB (?C?FPCMP)
  C:\KEIL_V5\C51\LIB\C51FPS.LIB (?C?FPNEG)
  C:\KEIL_V5\C51\LIB\C51FPS.LIB (?C?FCAST)
  C:\KEIL_V5\C51\LIB\C51FPS.LIB (?C?CASTF)
  C:\KEIL_V5\C51\LIB\C51FPS.LIB (?C?FPGETOPN)
  C:\KEIL_V5\C51\LIB\C51S.LIB (?C_STARTUP)
  C:\KEIL_V5\C51\LIB\C51S.LIB (?C?CLDOPTR)
  C:\KEIL_V5\C51\LIB\C51S.LIB (?C?IMUL)
  C:\KEIL_V5\C51\LIB\C51S.LIB (?C?UIDIV)
  C:\KEIL_V5\C51\LIB\C51S.LIB (?C?ULDIV)
  C:\KEIL_V5\C51\LIB\C51S.LIB (?C?LNEG)


LINK MAP OF MODULE:  .\Objects\project (MIAN)


            TYPE    BASE      LENGTH    RELOCATION   SEGMENT NAME
            -----------------------------------------------------

            * * * * * * *   D A T A   M E M O R Y   * * * * * * *
            REG     0000H     0008H     ABSOLUTE     "REG BANK 0"
            DATA    0008H     0009H     UNIT         _DATA_GROUP_
            DATA    0011H     0007H     UNIT         ?DT?_LCD_SHOWSIGNEDNUM?LCD1602
            DATA    0018H     0005H     UNIT         ?DT?_LCD_SHOWHEXNUM?LCD1602
            DATA    001DH     0005H     UNIT         ?DT?_LCD_SHOWBINNUM?LCD1602
            DATA    0022H     0004H     UNIT         ?DT?MIAN
            DATA    0026H     0003H     UNIT         ?DT?KEY
            IDATA   0029H     0001H     UNIT         ?STACK

            * * * * * * *   C O D E   M E M O R Y   * * * * * * *
            CODE    0000H     0003H     ABSOLUTE     
            CODE    0003H     045FH     UNIT         ?C?LIB_CODE
            CODE    0462H     00B0H     UNIT         ?PR?MAIN?MIAN
            CODE    0512H     003AH     UNIT         ?PR?_LCD_SHOWSIGNEDNUM?LCD1602
            CODE    054CH     0039H     UNIT         ?PR?KEY_LOOP?KEY
            CODE    0585H     0039H     UNIT         ?PR?_LCD_SHOWHEXNUM?LCD1602
            CODE    05BEH     0038H     UNIT         ?PR?_LCD_SHOWBINNUM?LCD1602
            CODE    05F6H     0033H     UNIT         ?PR?_LCD_POW?LCD1602
            CODE    0629H     002CH     UNIT         ?PR?DS18B20_READT?DS18B20
            CODE    0655H     0023H     UNIT         ?PR?_LCD_SHOWSTRING?LCD1602
BL51 BANKED LINKER/LOCATER V6.22                                                      07/31/2026  21:39:09  PAGE 2


            CODE    0678H     001EH     UNIT         ?PR?_LCD_WRITEDATA?LCD1602
            CODE    0696H     001DH     UNIT         ?PR?_LCD_SHOWNUM?LCD1602
            CODE    06B3H     001DH     UNIT         ?PR?ONEWIRE_RECEIVEBYTE?ONEWIRE
            CODE    06D0H     001AH     UNIT         ?PR?ONEWIRE_INIT?ONEWIRE
            CODE    06EAH     0019H     UNIT         ?PR?_ONEWIRE_SENDBYTE?ONEWIRE
            CODE    0703H     0018H     UNIT         ?PR?ONEWIRE_RECEIVEBIT?ONEWIRE
            CODE    071BH     0016H     UNIT         ?PR?KEY_GETSTATE?KEY
            CODE    0731H     0016H     UNIT         ?PR?_LCD_SETCURSOR?LCD1602
            CODE    0747H     0015H     UNIT         ?PR?_DELAY?DELAY
            CODE    075CH     0014H     UNIT         ?PR?LCD_INIT?LCD1602
            CODE    0770H     0012H     UNIT         ?PR?_ONEWIRE_SENDBIT?ONEWIRE
            CODE    0782H     000FH     UNIT         ?PR?LCD_DELAY?LCD1602
            CODE    0791H     000DH     UNIT         ?CO?MIAN
            CODE    079EH     000DH     UNIT         ?PR?DS18B20_CONVERTT?DS18B20
            CODE    07ABH     000CH     UNIT         ?C_C51STARTUP
            CODE    07B7H     000AH     UNIT         ?PR?_LCD_WRITECOMMAND?LCD1602
            CODE    07C1H     000AH     UNIT         ?PR?_LCD_SHOWCHAR?LCD1602
            CODE    07CBH     0006H     UNIT         ?PR?KEY?KEY



OVERLAY MAP OF MODULE:   .\Objects\project (MIAN)


SEGMENT                                   DATA_GROUP 
  +--> CALLED SEGMENT                   START    LENGTH
-------------------------------------------------------
?C_C51STARTUP                           -----    -----
  +--> ?PR?MAIN?MIAN

?PR?MAIN?MIAN                           -----    -----
  +--> ?PR?DS18B20_CONVERTT?DS18B20
  +--> ?PR?_DELAY?DELAY
  +--> ?PR?LCD_INIT?LCD1602
  +--> ?CO?MIAN
  +--> ?PR?_LCD_SHOWSTRING?LCD1602
  +--> ?PR?DS18B20_READT?DS18B20
  +--> ?PR?_LCD_SHOWCHAR?LCD1602
  +--> ?PR?_LCD_SHOWNUM?LCD1602

?PR?DS18B20_CONVERTT?DS18B20            -----    -----
  +--> ?PR?ONEWIRE_INIT?ONEWIRE
  +--> ?PR?_ONEWIRE_SENDBYTE?ONEWIRE

?PR?_ONEWIRE_SENDBYTE?ONEWIRE           -----    -----
  +--> ?PR?_ONEWIRE_SENDBIT?ONEWIRE

?PR?LCD_INIT?LCD1602                    -----    -----
  +--> ?PR?_LCD_WRITECOMMAND?LCD1602

?PR?_LCD_WRITECOMMAND?LCD1602           -----    -----
  +--> ?PR?LCD_DELAY?LCD1602

?PR?_LCD_SHOWSTRING?LCD1602             0008H    0003H
  +--> ?PR?_LCD_SETCURSOR?LCD1602
  +--> ?PR?_LCD_WRITEDATA?LCD1602

BL51 BANKED LINKER/LOCATER V6.22                                                      07/31/2026  21:39:09  PAGE 3


?PR?_LCD_SETCURSOR?LCD1602              -----    -----
  +--> ?PR?_LCD_WRITECOMMAND?LCD1602

?PR?_LCD_WRITEDATA?LCD1602              -----    -----
  +--> ?PR?LCD_DELAY?LCD1602

?PR?DS18B20_READT?DS18B20               0008H    0001H
  +--> ?PR?ONEWIRE_INIT?ONEWIRE
  +--> ?PR?_ONEWIRE_SENDBYTE?ONEWIRE
  +--> ?PR?ONEWIRE_RECEIVEBYTE?ONEWIRE

?PR?ONEWIRE_RECEIVEBYTE?ONEWIRE         -----    -----
  +--> ?PR?ONEWIRE_RECEIVEBIT?ONEWIRE

?PR?_LCD_SHOWCHAR?LCD1602               -----    -----
  +--> ?PR?_LCD_SETCURSOR?LCD1602
  +--> ?PR?_LCD_WRITEDATA?LCD1602

?PR?_LCD_SHOWNUM?LCD1602                0008H    0005H
  +--> ?PR?_LCD_SETCURSOR?LCD1602
  +--> ?PR?_LCD_POW?LCD1602
  +--> ?PR?_LCD_WRITEDATA?LCD1602

?PR?_LCD_POW?LCD1602                    000DH    0004H



SYMBOL TABLE OF MODULE:  .\Objects\project (MIAN)

  VALUE           TYPE          NAME
  ----------------------------------

  -------         MODULE        MIAN
  C:0000H         SYMBOL        _ICE_DUMMY_
  C:0462H         PUBLIC        main
  D:0022H         PUBLIC        T
  -------         PROC          MAIN
  C:0462H         LINE#         8
  C:0462H         LINE#         9
  C:0462H         LINE#         10
  C:0465H         LINE#         11
  C:046CH         LINE#         12
  C:046FH         LINE#         13
  C:047CH         LINE#         14
  C:047CH         LINE#         15
  C:047CH         LINE#         16
  C:047FH         LINE#         17
  C:048AH         LINE#         18
  C:049CH         LINE#         19
  C:049CH         LINE#         20
  C:04A5H         LINE#         21
  C:04B8H         LINE#         22
  C:04BAH         LINE#         24
  C:04BAH         LINE#         25
  C:04C3H         LINE#         26
  C:04C3H         LINE#         28
  C:04DCH         LINE#         29
BL51 BANKED LINKER/LOCATER V6.22                                                      07/31/2026  21:39:09  PAGE 4


  C:04E5H         LINE#         30
  C:050FH         LINE#         31
  -------         ENDPROC       MAIN
  -------         ENDMOD        MIAN

  -------         MODULE        KEY
  C:0000H         SYMBOL        _ICE_DUMMY_
  B:00B0H.0       PUBLIC        P3_0
  B:00B0H.1       PUBLIC        P3_1
  B:00B0H.2       PUBLIC        P3_2
  B:00B0H.3       PUBLIC        P3_3
  D:0028H         PUBLIC        Key_KeyNumber
  C:054CH         PUBLIC        Key_Loop
  C:07CBH         PUBLIC        Key
  C:071BH         PUBLIC        Key_GetState
  -------         PROC          KEY
  -------         DO            
  D:0007H         SYMBOL        Temp
  -------         ENDDO         
  C:07CBH         LINE#         4
  C:07CBH         LINE#         5
  C:07CBH         LINE#         6
  C:07CCH         LINE#         7
  C:07CEH         LINE#         8
  C:07D0H         LINE#         9
  C:07D0H         LINE#         10
  -------         ENDPROC       KEY
  -------         PROC          KEY_GETSTATE
  -------         DO            
  D:0007H         SYMBOL        Keynumber
  -------         ENDDO         
  C:071BH         LINE#         11
  C:071BH         LINE#         12
  C:071BH         LINE#         13
  C:071DH         LINE#         14
  C:0721H         LINE#         15
  C:0726H         LINE#         16
  C:072BH         LINE#         17
  C:0730H         LINE#         18
  C:0730H         LINE#         19
  -------         ENDPROC       KEY_GETSTATE
  -------         PROC          KEY_LOOP
  -------         DO            
  D:0026H         SYMBOL        NowState
  D:0027H         SYMBOL        LastState
  -------         ENDDO         
  C:054CH         LINE#         20
  C:054CH         LINE#         21
  C:054CH         LINE#         23
  C:054FH         LINE#         24
  C:0554H         LINE#         25
  C:055DH         LINE#         26
  C:055DH         LINE#         27
  C:0560H         LINE#         28
  C:0560H         LINE#         29
  C:0569H         LINE#         30
  C:0569H         LINE#         31
BL51 BANKED LINKER/LOCATER V6.22                                                      07/31/2026  21:39:09  PAGE 5


  C:056CH         LINE#         32
  C:056CH         LINE#         33
  C:0575H         LINE#         34
  C:0575H         LINE#         35
  C:0578H         LINE#         36
  C:0578H         LINE#         37
  C:0581H         LINE#         38
  C:0581H         LINE#         39
  C:0584H         LINE#         40
  C:0584H         LINE#         41
  -------         ENDPROC       KEY_LOOP
  -------         ENDMOD        KEY

  -------         MODULE        DELAY
  C:0000H         SYMBOL        _ICE_DUMMY_
  C:0747H         PUBLIC        _Delay
  -------         PROC          _DELAY
  D:0006H         SYMBOL        xms
  -------         DO            
  D:0005H         SYMBOL        i
  D:0004H         SYMBOL        j
  -------         ENDDO         
  C:0747H         LINE#         1
  C:0747H         LINE#         2
  C:0747H         LINE#         5
  C:0751H         LINE#         6
  C:0751H         LINE#         7
  C:0753H         LINE#         8
  C:0755H         LINE#         12
  C:0755H         LINE#         13
  C:0757H         LINE#         14
  C:0759H         LINE#         15
  C:075BH         LINE#         16
  -------         ENDPROC       _DELAY
  -------         ENDMOD        DELAY

  -------         MODULE        LCD1602
  C:0000H         SYMBOL        _ICE_DUMMY_
  D:0080H         PUBLIC        P0
  D:00A0H         PUBLIC        P2
  C:07B7H         PUBLIC        _LCD_WriteCommand
  C:0696H         PUBLIC        _LCD_ShowNum
  C:05BEH         PUBLIC        _LCD_ShowBinNum
  C:0788H         PUBLIC        LCD_Delay
  C:0585H         PUBLIC        _LCD_ShowHexNum
  C:068CH         PUBLIC        _LCD_WriteData
  B:00A0H.7       PUBLIC        LCD_EN
  C:075CH         PUBLIC        LCD_Init
  C:0655H         PUBLIC        _LCD_ShowString
  C:07C1H         PUBLIC        _LCD_ShowChar
  B:00A0H.6       PUBLIC        LCD_RS
  B:00A0H.5       PUBLIC        LCD_RW
  C:0731H         PUBLIC        _LCD_SetCursor
  C:0512H         PUBLIC        _LCD_ShowSignedNum
  C:0602H         PUBLIC        _LCD_Pow
  -------         PROC          L?0048
  -------         ENDPROC       L?0048
BL51 BANKED LINKER/LOCATER V6.22                                                      07/31/2026  21:39:09  PAGE 6


  -------         PROC          LCD_DELAY
  -------         DO            
  D:0007H         SYMBOL        i
  D:0006H         SYMBOL        j
  -------         ENDDO         
  C:0788H         LINE#         15
  C:0788H         LINE#         16
  C:0788H         LINE#         19
  C:078AH         LINE#         20
  C:078CH         LINE#         22
  C:078CH         LINE#         23
  C:078EH         LINE#         24
  C:0790H         LINE#         25
  -------         ENDPROC       LCD_DELAY
  -------         PROC          _LCD_WRITECOMMAND
  D:0007H         SYMBOL        Command
  C:07B7H         LINE#         32
  C:07B7H         LINE#         33
  C:07B7H         LINE#         34
  C:07B9H         LINE#         35
  C:07B9H         LINE#         36
  C:07B9H         LINE#         37
  C:07B9H         LINE#         38
  C:07BCH         LINE#         39
  C:07BEH         LINE#         40
  -------         ENDPROC       _LCD_WRITECOMMAND
  -------         PROC          L?0047
  -------         ENDPROC       L?0047
  -------         PROC          _LCD_WRITEDATA
  D:0007H         SYMBOL        Data
  C:068CH         LINE#         48
  C:068CH         LINE#         49
  C:068CH         LINE#         50
  C:068EH         LINE#         51
  C:068EH         LINE#         52
  C:068EH         LINE#         53
  C:068EH         LINE#         54
  C:0691H         LINE#         55
  C:0693H         LINE#         56
  -------         ENDPROC       _LCD_WRITEDATA
  -------         PROC          _LCD_SETCURSOR
  D:0006H         SYMBOL        Line
  D:0005H         SYMBOL        Column
  C:0731H         LINE#         65
  C:0733H         LINE#         66
  C:0733H         LINE#         67
  C:0736H         LINE#         68
  C:0736H         LINE#         69
  C:0738H         LINE#         70
  C:073AH         LINE#         71
  C:073DH         LINE#         72
  C:073DH         LINE#         73
  C:0746H         LINE#         74
  C:0746H         LINE#         75
  -------         ENDPROC       _LCD_SETCURSOR
  -------         PROC          LCD_INIT
  C:075CH         LINE#         82
BL51 BANKED LINKER/LOCATER V6.22                                                      07/31/2026  21:39:09  PAGE 7


  C:075CH         LINE#         83
  C:075CH         LINE#         84
  C:0761H         LINE#         85
  C:0766H         LINE#         86
  C:076BH         LINE#         87
  -------         ENDPROC       LCD_INIT
  -------         PROC          _LCD_SHOWCHAR
  D:0006H         SYMBOL        Line
  D:0005H         SYMBOL        Column
  D:0004H         SYMBOL        Char
  C:07C1H         LINE#         97
  C:07C3H         LINE#         98
  C:07C3H         LINE#         99
  C:07C6H         LINE#         100
  -------         ENDPROC       _LCD_SHOWCHAR
  -------         PROC          _LCD_SHOWSTRING
  D:0007H         SYMBOL        Line
  D:0005H         SYMBOL        Column
  D:0008H         SYMBOL        String
  -------         DO            
  D:0005H         SYMBOL        i
  -------         ENDDO         
  C:0655H         LINE#         110
  C:065BH         LINE#         111
  C:065BH         LINE#         113
  C:065EH         LINE#         114
  C:0671H         LINE#         115
  C:0671H         LINE#         116
  C:0674H         LINE#         117
  C:0677H         LINE#         118
  -------         ENDPROC       _LCD_SHOWSTRING
  C:05F8H         SYMBOL        L?0046
  -------         PROC          L?0045
  -------         ENDPROC       L?0045
  C:05F8H         SYMBOL        L?0046
  -------         PROC          _LCD_POW
  D:000DH         SYMBOL        X
  D:000FH         SYMBOL        Y
  -------         DO            
  D:0003H         SYMBOL        i
  D:0006H         SYMBOL        Result
  -------         ENDDO         
  C:0602H         LINE#         123
  C:060AH         LINE#         124
  C:060AH         LINE#         126
  C:060EH         LINE#         127
  C:061EH         LINE#         128
  C:061EH         LINE#         129
  C:0625H         LINE#         130
  C:0628H         LINE#         131
  C:0628H         LINE#         132
  -------         ENDPROC       _LCD_POW
  -------         PROC          _LCD_SHOWNUM
  D:0007H         SYMBOL        Line
  D:0005H         SYMBOL        Column
  D:000AH         SYMBOL        Number
  D:000CH         SYMBOL        Length
BL51 BANKED LINKER/LOCATER V6.22                                                      07/31/2026  21:39:09  PAGE 8


  -------         DO            
  D:0002H         SYMBOL        i
  -------         ENDDO         
  C:0696H         LINE#         142
  C:069AH         LINE#         143
  C:069AH         LINE#         145
  C:069DH         LINE#         146
  C:06A5H         LINE#         147
  C:06A5H         LINE#         148
  C:06AFH         LINE#         149
  C:06B2H         LINE#         150
  -------         ENDPROC       _LCD_SHOWNUM
  -------         PROC          _LCD_SHOWSIGNEDNUM
  D:0007H         SYMBOL        Line
  D:0005H         SYMBOL        Column
  D:0002H         SYMBOL        Number
  D:0015H         SYMBOL        Length
  -------         DO            
  D:0002H         SYMBOL        i
  D:0016H         SYMBOL        Number1
  -------         ENDDO         
  C:0512H         LINE#         160
  C:0512H         LINE#         161
  C:0512H         LINE#         164
  C:0515H         LINE#         165
  C:051DH         LINE#         166
  C:051DH         LINE#         167
  C:0522H         LINE#         168
  C:0526H         LINE#         169
  C:0528H         LINE#         171
  C:0528H         LINE#         172
  C:052DH         LINE#         173
  C:0536H         LINE#         174
  C:0536H         LINE#         175
  C:053EH         LINE#         176
  C:053EH         LINE#         177
  C:0548H         LINE#         178
  C:054BH         LINE#         179
  -------         ENDPROC       _LCD_SHOWSIGNEDNUM
  -------         PROC          _LCD_SHOWHEXNUM
  D:0007H         SYMBOL        Line
  D:0005H         SYMBOL        Column
  D:001AH         SYMBOL        Number
  D:001CH         SYMBOL        Length
  -------         DO            
  D:0002H         SYMBOL        i
  D:0006H         SYMBOL        SingleNumber
  -------         ENDDO         
  C:0585H         LINE#         189
  C:0589H         LINE#         190
  C:0589H         LINE#         192
  C:058CH         LINE#         193
  C:0594H         LINE#         194
  C:0594H         LINE#         195
  C:05AAH         LINE#         196
  C:05B0H         LINE#         197
  C:05B0H         LINE#         198
BL51 BANKED LINKER/LOCATER V6.22                                                      07/31/2026  21:39:09  PAGE 9


  C:05B2H         LINE#         199
  C:05B4H         LINE#         201
  C:05B4H         LINE#         202
  C:05BAH         LINE#         203
  C:05BAH         LINE#         204
  C:05BDH         LINE#         205
  -------         ENDPROC       _LCD_SHOWHEXNUM
  -------         PROC          _LCD_SHOWBINNUM
  D:0007H         SYMBOL        Line
  D:0005H         SYMBOL        Column
  D:001FH         SYMBOL        Number
  D:0021H         SYMBOL        Length
  -------         DO            
  D:0002H         SYMBOL        i
  -------         ENDDO         
  C:05BEH         LINE#         215
  C:05C2H         LINE#         216
  C:05C2H         LINE#         218
  C:05C5H         LINE#         219
  C:05CDH         LINE#         220
  C:05CDH         LINE#         221
  C:05F2H         LINE#         222
  C:05F5H         LINE#         223
  -------         ENDPROC       _LCD_SHOWBINNUM
  -------         ENDMOD        LCD1602

  -------         MODULE        ONEWIRE
  C:0000H         SYMBOL        _ICE_DUMMY_
  D:00B0H         PUBLIC        P3
  C:0703H         PUBLIC        OneWire_ReceiveBit
  B:00B0H.7       PUBLIC        OneWire_DQ
  C:06D0H         PUBLIC        OneWire_Init
  C:06EAH         PUBLIC        _OneWire_SendByte
  C:0770H         PUBLIC        _OneWire_SendBit
  C:06B3H         PUBLIC        OneWire_ReceiveByte
  -------         PROC          ONEWIRE_INIT
  -------         DO            
  D:0007H         SYMBOL        i
  D:0006H         SYMBOL        AckBit
  -------         ENDDO         
  C:06D0H         LINE#         4
  C:06D0H         LINE#         5
  C:06D0H         LINE#         9
  C:06D2H         LINE#         10
  C:06D4H         LINE#         12
  C:06D8H         LINE#         14
  C:06DAH         LINE#         15
  C:06DEH         LINE#         16
  C:06E3H         LINE#         17
  C:06E7H         LINE#         18
  C:06E9H         LINE#         19
  -------         ENDPROC       ONEWIRE_INIT
  -------         PROC          _ONEWIRE_SENDBIT
  D:0007H         SYMBOL        Bit
  -------         DO            
  D:0006H         SYMBOL        i
  -------         ENDDO         
BL51 BANKED LINKER/LOCATER V6.22                                                      07/31/2026  21:39:09  PAGE 10


  C:0770H         LINE#         21
  C:0770H         LINE#         22
  C:0770H         LINE#         25
  C:0772H         LINE#         26
  C:0776H         LINE#         27
  C:077BH         LINE#         28
  C:077FH         LINE#         29
  C:0781H         LINE#         31
  -------         ENDPROC       _ONEWIRE_SENDBIT
  -------         PROC          ONEWIRE_RECEIVEBIT
  -------         DO            
  D:0007H         SYMBOL        i
  D:0006H         SYMBOL        Bit
  -------         ENDDO         
  C:0703H         LINE#         33
  C:0703H         LINE#         34
  C:0703H         LINE#         38
  C:0705H         LINE#         39
  C:0709H         LINE#         40
  C:070BH         LINE#         41
  C:070FH         LINE#         42
  C:0714H         LINE#         43
  C:0718H         LINE#         44
  C:071AH         LINE#         45
  -------         ENDPROC       ONEWIRE_RECEIVEBIT
  -------         PROC          _ONEWIRE_SENDBYTE
  D:0005H         SYMBOL        Byte
  -------         DO            
  D:0004H         SYMBOL        i
  -------         ENDDO         
  C:06EAH         LINE#         47
  C:06ECH         LINE#         48
  C:06ECH         LINE#         50
  C:06EEH         LINE#         51
  C:06EEH         LINE#         52
  C:06FEH         LINE#         53
  C:0702H         LINE#         54
  -------         ENDPROC       _ONEWIRE_SENDBYTE
  -------         PROC          ONEWIRE_RECEIVEBYTE
  -------         DO            
  D:0004H         SYMBOL        i
  D:0005H         SYMBOL        Byte
  -------         ENDDO         
  C:06B3H         LINE#         56
  C:06B3H         LINE#         57
  C:06B3H         LINE#         59
  C:06B5H         LINE#         60
  C:06B6H         LINE#         61
  C:06B6H         LINE#         62
  C:06C9H         LINE#         63
  C:06CDH         LINE#         64
  C:06CFH         LINE#         65
  -------         ENDPROC       ONEWIRE_RECEIVEBYTE
  -------         ENDMOD        ONEWIRE

  -------         MODULE        DS18B20
  C:0000H         SYMBOL        _ICE_DUMMY_
BL51 BANKED LINKER/LOCATER V6.22                                                      07/31/2026  21:39:09  PAGE 11


  C:079EH         PUBLIC        DS18B20_ConvertT
  C:0629H         PUBLIC        DS18B20_ReadT
  -------         PROC          DS18B20_CONVERTT
  C:079EH         LINE#         6
  C:079EH         LINE#         7
  C:079EH         LINE#         8
  C:07A1H         LINE#         9
  C:07A6H         LINE#         10
  -------         ENDPROC       DS18B20_CONVERTT
  -------         PROC          DS18B20_READT
  -------         DO            
  D:0008H         SYMBOL        TLSB
  D:0007H         SYMBOL        TMSB
  D:0006H         SYMBOL        Temp
  D:0004H         SYMBOL        T
  -------         ENDDO         
  C:0629H         LINE#         12
  C:0629H         LINE#         13
  C:0629H         LINE#         17
  C:062CH         LINE#         18
  C:0631H         LINE#         19
  C:0636H         LINE#         20
  C:063BH         LINE#         21
  C:063EH         LINE#         22
  C:0643H         LINE#         24
  C:0654H         LINE#         25
  C:0654H         LINE#         26
  -------         ENDPROC       DS18B20_READT
  -------         ENDMOD        DS18B20

  -------         MODULE        ?C?FPMUL
  C:0003H         PUBLIC        ?C?FPMUL
  -------         ENDMOD        ?C?FPMUL

  -------         MODULE        ?C?FPDIV
  C:010CH         PUBLIC        ?C?FPDIV
  -------         ENDMOD        ?C?FPDIV

  -------         MODULE        ?C?FPCMP
  C:01ABH         PUBLIC        ?C?FPCMP
  C:01A9H         PUBLIC        ?C?FPCMP3
  -------         ENDMOD        ?C?FPCMP

  -------         MODULE        ?C?FPNEG
  C:0222H         PUBLIC        ?C?FPNEG
  -------         ENDMOD        ?C?FPNEG

  -------         MODULE        ?C?FCAST
  C:023DH         PUBLIC        ?C?FCASTC
  C:0238H         PUBLIC        ?C?FCASTI
  C:0233H         PUBLIC        ?C?FCASTL
  -------         ENDMOD        ?C?FCAST

  -------         MODULE        ?C?CASTF
  C:0271H         PUBLIC        ?C?CASTF
  -------         ENDMOD        ?C?CASTF

BL51 BANKED LINKER/LOCATER V6.22                                                      07/31/2026  21:39:09  PAGE 12


  -------         MODULE        ?C?CLDOPTR
  C:02F2H         PUBLIC        ?C?CLDOPTR
  -------         ENDMOD        ?C?CLDOPTR

  -------         MODULE        ?C?IMUL
  C:031FH         PUBLIC        ?C?IMUL
  -------         ENDMOD        ?C?IMUL

  -------         MODULE        ?C?UIDIV
  C:0331H         PUBLIC        ?C?UIDIV
  -------         ENDMOD        ?C?UIDIV

  -------         MODULE        ?C?ULDIV
  C:03C2H         PUBLIC        ?C?ULDIV
  -------         ENDMOD        ?C?ULDIV

  -------         MODULE        ?C?LNEG
  C:0454H         PUBLIC        ?C?LNEG
  -------         ENDMOD        ?C?LNEG

Program Size: data=42.0 xdata=0 code=2001
LINK/LOCATE RUN COMPLETE.  0 WARNING(S),  0 ERROR(S)
