C51 COMPILER V9.54   MAIN                                                                  08/01/2026 12:27:56 PAGE 1   


C51 COMPILER V9.54, COMPILATION OF MODULE MAIN
OBJECT MODULE PLACED IN .\Objects\main.obj
COMPILER INVOKED BY: C:\Keil_v5\C51\BIN\C51.EXE main.c OPTIMIZE(8,SPEED) BROWSE DEBUG OBJECTEXTEND PRINT(.\Listings\main
                    -.lst) OBJECT(.\Objects\main.obj)

line level    source

   1          #include <REGX52.H>
   2          #include "Delay.h"
   3          #include "Key.h"
   4          #include "Timer0.h"
   5          #include "Nixie.h"
   6          #include "AT24C02.h"
   7          #include "I2C.h"
   8          unsigned char KeyNum;
   9          unsigned char Min,Sec,MiniSec;
  10          unsigned char RunFlag=1;
  11          void main()
  12          {
  13   1              Timer0_Init();
  14   1              while(1)
  15   1              {
  16   2                      KeyNum=Key();
  17   2                      if(KeyNum==1)
  18   2                      {
  19   3                              RunFlag=!RunFlag;
  20   3                      }
  21   2                      if(KeyNum==2)
  22   2                      {
  23   3                      Min=0;Sec=0;MiniSec=0;
  24   3                      }
  25   2                      if(KeyNum==3)
  26   2                      {
  27   3                              AT24C02_WriteByte(0,Min);
  28   3                              Delay(5);
  29   3                              AT24C02_WriteByte(1,Sec);
  30   3                      Delay(5);
  31   3                      AT24C02_WriteByte(2,MiniSec);
  32   3                      Delay(5);
  33   3                      }
  34   2                      if(KeyNum==4)
  35   2                      {
  36   3                      Min=AT24C02_ReadByte(0);
  37   3                      Sec=AT24C02_ReadByte(1);
  38   3                      MiniSec=AT24C02_ReadByte(2);
  39   3                      }
  40   2                              Nixie_SetBuf(1,Min/10);
  41   2                              Nixie_SetBuf(2,Min%10);
  42   2                              Nixie_SetBuf(3,11);
  43   2                              Nixie_SetBuf(4,Sec/10);
  44   2                              Nixie_SetBuf(5,Sec%10);
  45   2                              Nixie_SetBuf(6,11);
  46   2                              Nixie_SetBuf(7,MiniSec/10);
  47   2                              Nixie_SetBuf(8,MiniSec%10);
  48   2                      Delay(1);
  49   2              }
  50   1      }
  51          void Sec_Loop(void)
  52          {
  53   1              if(RunFlag)
  54   1              {
C51 COMPILER V9.54   MAIN                                                                  08/01/2026 12:27:56 PAGE 2   

  55   2                      MiniSec++;
  56   2                      if(MiniSec>=100)
  57   2                      {
  58   3                              MiniSec=0;
  59   3                              Sec++;
  60   3                              if(Sec>=60)
  61   3                              {
  62   4                                      Sec=0;
  63   4                                      Min++;
  64   4                                      if(Min>=60)
  65   4                                      {
  66   5                                              Min=0;
  67   5                                      }
  68   4                              }
  69   3                      }
  70   2              }
  71   1      }
  72          void Timer0_Routinue() interrupt 1
  73          {
  74   1              unsigned int T0Count1,T0Count2,T0Count3;
  75   1              TL0=0x18;
  76   1              TH0=0xFC;
  77   1              T0Count1++;
  78   1              if(T0Count1>=20)
  79   1              {
  80   2                      T0Count1=0;
  81   2                      Key_Loop();
  82   2              }
  83   1              T0Count2++;
  84   1              if(T0Count2>=2)
  85   1              {
  86   2                      T0Count2=0;
  87   2                      Nixie_Loop();
  88   2              }
  89   1              T0Count3++;
  90   1              if(T0Count3>=10)
  91   1              {
  92   2                      T0Count3=0;
  93   2                      Sec_Loop();
  94   2              }
  95   1      }


MODULE INFORMATION:   STATIC OVERLAYABLE
   CODE SIZE        =    417    ----
   CONSTANT SIZE    =   ----    ----
   XDATA SIZE       =   ----    ----
   PDATA SIZE       =   ----    ----
   DATA SIZE        =      5       6
   IDATA SIZE       =   ----    ----
   BIT SIZE         =   ----    ----
END OF MODULE INFORMATION.


C51 COMPILATION COMPLETE.  0 WARNING(S),  0 ERROR(S)
