C51 COMPILER V9.54   NIXIE                                                                 07/30/2026 21:42:12 PAGE 1   


C51 COMPILER V9.54, COMPILATION OF MODULE NIXIE
OBJECT MODULE PLACED IN .\Objects\Nixie.obj
COMPILER INVOKED BY: C:\Keil_v5\C51\BIN\C51.EXE Nixie.c OPTIMIZE(8,SPEED) BROWSE DEBUG OBJECTEXTEND PRINT(.\Listings\Nix
                    -ie.lst) OBJECT(.\Objects\Nixie.obj)

line level    source

   1          #include <REGX52.H>
   2          #include "Delay.h"
   3          unsigned char Nixie_Buf[9]={0,10,10,10,10,10,10,10,10};//定义显示缓存区buffer，默认不显示
   4          unsigned char NixieNumber[]={0x3F,0x06,0x5B,0x4F,0x66,0x6D,0x7D,0x07,0x7F,0x6F,0x00,0x40};
   5          void Nixie_SetBuf(unsigned char Location,Number)
   6          {
   7   1              Nixie_Buf[Location]=Number;
   8   1      }
   9          void Nixie_Scan(locat,num)
  10          {
  11   1              P0=0x00;
  12   1              switch(locat)
  13   1              {
  14   2                      case 1:P2_4=1;P2_3=1;P2_2=1;break;
  15   2                              case 2:P2_4=1;P2_3=1;P2_2=0;break;
  16   2                              case 3:P2_4=1;P2_3=0;P2_2=1;break;
  17   2                              case 4:P2_4=1;P2_3=0;P2_2=0;break;
  18   2                              case 5:P2_4=0;P2_3=1;P2_2=1;break;
  19   2                              case 6:P2_4=0;P2_3=1;P2_2=0;break;
  20   2                              case 7:P2_4=0;P2_3=0;P2_2=1;break;
  21   2                              case 8:P2_4=0;P2_3=0;P2_2=0;break;
  22   2              }
  23   1              P0=NixieNumber[num];
  24   1      }
  25          void Nixie_Loop(void)
  26          {
  27   1              static unsigned char i=1;
  28   1              Nixie_Scan(i,Nixie_Buf[i]);
  29   1              i++;
  30   1              if(i>=9){i=1;}//自动扫描缓存区，不再需要手动设置
  31   1              
  32   1      }


MODULE INFORMATION:   STATIC OVERLAYABLE
   CODE SIZE        =    143    ----
   CONSTANT SIZE    =   ----    ----
   XDATA SIZE       =   ----    ----
   PDATA SIZE       =   ----    ----
   DATA SIZE        =     22    ----
   IDATA SIZE       =   ----    ----
   BIT SIZE         =   ----    ----
END OF MODULE INFORMATION.


C51 COMPILATION COMPLETE.  0 WARNING(S),  0 ERROR(S)
