C51 COMPILER V9.54   MAIN                                                                  08/03/2026 15:25:51 PAGE 1   


C51 COMPILER V9.54, COMPILATION OF MODULE MAIN
OBJECT MODULE PLACED IN .\Objects\main.obj
COMPILER INVOKED BY: C:\Keil_v5\C51\BIN\C51.EXE main.c OPTIMIZE(8,SPEED) BROWSE DEBUG OBJECTEXTEND PRINT(.\Listings\main
                    -.lst) OBJECT(.\Objects\main.obj)

line level    source

   1          #include <REGX52.H>
   2          #include "Delay.h"
   3          #include "LCD1602.h"
   4          #include "Int0.h"
   5          #include "Timer0.h"
   6          #include "IR.h"
   7          unsigned char Num;
   8          unsigned char Address;
   9          unsigned char Command;
  10          void main()
  11          {       
  12   1              LCD_Init();
  13   1              LCD_ShowString(1,1,"A");
  14   1              IR_Init();
  15   1              while(1)
  16   1              {
  17   2                      if(IR_GetDataFlag())
  18   2                      {
  19   3                              Address=IR_GetAddress;
  20   3                              Command=IR_GetCommand;
  21   3                              LCD_ShowHexNum(2,1,Address,2);
  22   3                              LCD_ShowHexNum(2,5,Command,2);
  23   3                      }
  24   2              }
  25   1      }


MODULE INFORMATION:   STATIC OVERLAYABLE
   CODE SIZE        =     63    ----
   CONSTANT SIZE    =      2    ----
   XDATA SIZE       =   ----    ----
   PDATA SIZE       =   ----    ----
   DATA SIZE        =      3    ----
   IDATA SIZE       =   ----    ----
   BIT SIZE         =   ----    ----
END OF MODULE INFORMATION.


C51 COMPILATION COMPLETE.  0 WARNING(S),  0 ERROR(S)
