C51 COMPILER V9.54   TIMER0                                                                08/03/2026 15:25:51 PAGE 1   


C51 COMPILER V9.54, COMPILATION OF MODULE TIMER0
OBJECT MODULE PLACED IN .\Objects\Timer0.obj
COMPILER INVOKED BY: C:\Keil_v5\C51\BIN\C51.EXE Timer0.c OPTIMIZE(8,SPEED) BROWSE DEBUG OBJECTEXTEND PRINT(.\Listings\Ti
                    -mer0.lst) OBJECT(.\Objects\Timer0.obj)

line level    source

   1          #include <REGX52.H>
   2          
   3          void Timer0_Init()//1毫秒@11.0592MHz
   4          {
   5   1              TMOD &= 0xF0;           //设置定时器模式：清除原有配置
   6   1              TMOD |= 0x01;           //设置定时器模式：模式1的16位定时器
   7   1              TL0 = 0x66;             //设置定时初值
   8   1              TH0 = 0xFC;             //设置定时初值
   9   1              TF0 = 0;                //清除TF0标志
  10   1              TR0 = 0;                //定时器0默认不计时
  11   1      }
  12          void Timer0_SetCounter(unsigned int Value)
  13          {
  14   1              TH0=Value/256;
  15   1              TL0=Value%256;
  16   1      }
  17          unsigned int Timer0_GetCounter(void)
  18          {
  19   1              return (TH0<<8)|TL0;
  20   1      }
  21          void Timer0_Run(unsigned char Flag)
  22          {
  23   1              TR0=Flag;//置1开始计时，置0停止计时
  24   1      }


MODULE INFORMATION:   STATIC OVERLAYABLE
   CODE SIZE        =     43    ----
   CONSTANT SIZE    =   ----    ----
   XDATA SIZE       =   ----    ----
   PDATA SIZE       =   ----    ----
   DATA SIZE        =   ----    ----
   IDATA SIZE       =   ----    ----
   BIT SIZE         =   ----    ----
END OF MODULE INFORMATION.


C51 COMPILATION COMPLETE.  0 WARNING(S),  0 ERROR(S)
