C51 COMPILER V9.54   MAIN                                                                  07/25/2026 14:59:03 PAGE 1   


C51 COMPILER V9.54, COMPILATION OF MODULE MAIN
OBJECT MODULE PLACED IN .\Objects\main.obj
COMPILER INVOKED BY: C:\Keil_v5\C51\BIN\C51.EXE main.c OPTIMIZE(8,SPEED) BROWSE DEBUG OBJECTEXTEND PRINT(.\Listings\main
                    -.lst) OBJECT(.\Objects\main.obj)

line level    source

   1          #include <REGX52.H>
   2          #include "Delay.h"
   3          #include "MatrixLED.h"
   4          
   5          unsigned char Animation[]={
   6                  0x00,0x00,0x00,0x00,0x00,0x00,0x00,0x00,
   7                  0x7F,0x08,0x08,0x08,0x7F,0x00,0x0E,0x15,
   8                  0x15,0x0C,0x00,0x7F,0x01,0x00,0x7F,0x01,
   9                  0x00,0x06,0x09,0x09,0x06,0x00,0x7D,0x00,
  10                  0x00,0x00,0x00,0x00,0x00,0x00,0x00,0x00
  11          };
  12          void main()
  13          {
  14   1              unsigned char i,Offset=3,Count=0;
  15   1              MatrixLED_Init();
  16   1              
  17   1              while(1)
  18   1              {       
  19   2                      for(i=0;i<8;i++)
  20   2                      {
  21   3                              MatrixLED_ShowColumn(i,Animation[i+Offset]);
  22   3                      }
  23   2                      Count++;
  24   2                      if(Count>10)
  25   2                      {
  26   3                              Count=0;
  27   3                              Offset++;
  28   3                              if(Offset>32)//防止数组溢出（32+8总长度）
  29   3                              {
  30   4                                      Offset=0;
  31   4                              }
  32   3                      }
  33   2              }
  34   1      }


MODULE INFORMATION:   STATIC OVERLAYABLE
   CODE SIZE        =     63    ----
   CONSTANT SIZE    =   ----    ----
   XDATA SIZE       =   ----    ----
   PDATA SIZE       =   ----    ----
   DATA SIZE        =     40       3
   IDATA SIZE       =   ----    ----
   BIT SIZE         =   ----    ----
END OF MODULE INFORMATION.


C51 COMPILATION COMPLETE.  0 WARNING(S),  0 ERROR(S)
