C51 COMPILER V9.54   MAIN                                                                  07/28/2026 21:54:23 PAGE 1   


C51 COMPILER V9.54, COMPILATION OF MODULE MAIN
OBJECT MODULE PLACED IN .\Objects\main.obj
COMPILER INVOKED BY: C:\Keil_v5\C51\BIN\C51.EXE main.c OPTIMIZE(8,SPEED) BROWSE DEBUG OBJECTEXTEND PRINT(.\Listings\main
                    -.lst) OBJECT(.\Objects\main.obj)

line level    source

   1          #include <REGX52.H>
   2          #include "Delay.h"
   3          #include "Timer0.h"
   4          sbit Buzzer=P2^5;
   5          #define SPEED 500
   6          
   7          #define P   0
   8          #define L1  1
   9          #define L1_ 2
  10          #define L2  3
  11          #define L2_ 4
  12          #define L3  5
  13          #define L4  6
  14          #define L4_ 7
  15          #define L5  8
  16          #define L5_ 9
  17          #define L6  10
  18          #define L6_ 11
  19          #define L7  12
  20          
  21          #define M1  13
  22          #define M1_ 14
  23          #define M2  15
  24          #define M2_ 16
  25          #define M3  17
  26          #define M4  18
  27          #define M4_ 19
  28          #define M5  20
  29          #define M5_ 21
  30          #define M6  22
  31          #define M6_ 23
  32          #define M7  24
  33          
  34          #define H1  25
  35          #define H1_ 26
  36          #define H2  27
  37          #define H2_ 28
  38          #define H3  29
  39          #define H4  30
  40          #define H4_ 31
  41          #define H5  32
  42          #define H5_ 33
  43          #define H6  34
  44          #define H6_ 35
  45          #define H7  36
  46          
  47          unsigned int FreqTable[]=
  48                  {       
  49                          0,
  50                          63777,63872,63969,64054,64140,64216,64291,64360,64426,64489,64547,64603,
  51                          64655,64704,64751,64795,64837,64876,64913,64948,64981,65012,65042,65070,
  52                          65095,65120,65144,65166,65186,65206,65225,65242,65259,65274,65289,65303
  53                  };
  54          unsigned char code Music[]={
C51 COMPILER V9.54   MAIN                                                                  07/28/2026 21:54:23 PAGE 2   

  55          
  56                  //1
  57                  P,4,
  58                  P,4,
  59                  P,4,
  60                  M6,2,
  61                  M7,2,
  62                  //2
  63                  H1,4+2,
  64                  M7,2,
  65                  H1,4,
  66                  H3,4,
  67                  //3
  68                  M7,4+4+4,
  69                  M3,2,
  70                  M3,2,
  71                  //4
  72                  M6,4+2,
  73                  M5,2,
  74                  M6,4,
  75                  H1,4,
  76                  //5
  77                  M5,4+4+4,
  78                  M2,2,
  79                  M3,2,
  80                  //6
  81                  M4,4,
  82                  H1,2,
  83                  M7,2+2,//延音线
  84                  H1,2+4,
  85                  0xFF
  86          };
  87          unsigned char FreqSelect,MusicSelect;
  88          void main()
  89          {
  90   1              Timer0_Init();
  91   1              while(1)
  92   1              {
  93   2                      if(Music[MusicSelect]!=0xFF)
  94   2                      {       
  95   3                              FreqSelect=Music[MusicSelect];
  96   3                              MusicSelect++;
  97   3                              Delay(SPEED/4*Music[MusicSelect]);
  98   3                              MusicSelect++;
  99   3                              TR0=0;
 100   3                              Delay(5);
 101   3                              TR0=1;
 102   3                      }
 103   2                      else
 104   2                      {
 105   3                              TR0=0;
 106   3                              while(1);
 107   3                      }
 108   2              }
 109   1      
 110   1      }
 111          
 112          void Timer0_Routinue() interrupt 1
 113          {
 114   1              if(FreqTable[FreqSelect])
 115   1              {
 116   2                      TL0=FreqTable[FreqSelect]%256;
C51 COMPILER V9.54   MAIN                                                                  07/28/2026 21:54:23 PAGE 3   

 117   2                      TH0=FreqTable[FreqSelect]/256;
 118   2                      Buzzer=!Buzzer;
 119   2              }
 120   1      }


MODULE INFORMATION:   STATIC OVERLAYABLE
   CODE SIZE        =    101    ----
   CONSTANT SIZE    =     47    ----
   XDATA SIZE       =   ----    ----
   PDATA SIZE       =   ----    ----
   DATA SIZE        =     76    ----
   IDATA SIZE       =   ----    ----
   BIT SIZE         =   ----    ----
END OF MODULE INFORMATION.


C51 COMPILATION COMPLETE.  0 WARNING(S),  0 ERROR(S)
