BL51 BANKED LINKER/LOCATER V6.22                                                        07/28/2026  21:54:23  PAGE 1


BL51 BANKED LINKER/LOCATER V6.22, INVOKED BY:
C:\KEIL_V5\C51\BIN\BL51.EXE .\Objects\main.obj, .\Objects\Delay.obj, .\Objects\Timer0.obj TO .\Objects\project PRINT (.\
>> Listings\project.m51) RAMSIZE (256)


MEMORY MODEL: SMALL


INPUT MODULES INCLUDED:
  .\Objects\main.obj (MAIN)
  .\Objects\Delay.obj (DELAY)
  .\Objects\Timer0.obj (TIMER0)
  C:\KEIL_V5\C51\LIB\C51S.LIB (?C_STARTUP)
  C:\KEIL_V5\C51\LIB\C51S.LIB (?C_INIT)


LINK MAP OF MODULE:  .\Objects\project (MAIN)


            TYPE    BASE      LENGTH    RELOCATION   SEGMENT NAME
            -----------------------------------------------------

            * * * * * * *   D A T A   M E M O R Y   * * * * * * *
            REG     0000H     0008H     ABSOLUTE     "REG BANK 0"
            DATA    0008H     004CH     UNIT         ?DT?MAIN
            IDATA   0054H     0001H     UNIT         ?STACK

            * * * * * * *   C O D E   M E M O R Y   * * * * * * *
            CODE    0000H     0003H     ABSOLUTE     
                    0003H     0008H                  *** GAP ***
            CODE    000BH     0003H     ABSOLUTE     
            CODE    000EH     008CH     UNIT         ?C_C51STARTUP
            CODE    009AH     004EH     UNIT         ?C_INITSEG
            CODE    00E8H     0034H     UNIT         ?PR?TIMER0_ROUTINUE?MAIN
            CODE    011CH     0031H     UNIT         ?PR?MAIN?MAIN
            CODE    014DH     002FH     UNIT         ?CO?MAIN
            CODE    017CH     0017H     UNIT         ?PR?TIMER0_INIT?TIMER0
            CODE    0193H     0015H     UNIT         ?PR?_DELAY?DELAY



OVERLAY MAP OF MODULE:   .\Objects\project (MAIN)


SEGMENT
  +--> CALLED SEGMENT
---------------------
?C_C51STARTUP
  +--> ?PR?MAIN?MAIN
  +--> ?C_INITSEG

?PR?MAIN?MAIN
  +--> ?PR?TIMER0_INIT?TIMER0
  +--> ?CO?MAIN
  +--> ?PR?_DELAY?DELAY



BL51 BANKED LINKER/LOCATER V6.22                                                      07/28/2026  21:54:23  PAGE 2


SYMBOL TABLE OF MODULE:  .\Objects\project (MAIN)

  VALUE           TYPE          NAME
  ----------------------------------

  -------         MODULE        MAIN
  C:0000H         SYMBOL        _ICE_DUMMY_
  D:00A0H         PUBLIC        P2
  C:014DH         PUBLIC        Music
  B:00A0H.5       PUBLIC        Buzzer
  C:011CH         PUBLIC        main
  D:008CH         PUBLIC        TH0
  D:008AH         PUBLIC        TL0
  B:0088H.4       PUBLIC        TR0
  D:0008H         PUBLIC        MusicSelect
  D:0009H         PUBLIC        FreqSelect
  C:00E8H         PUBLIC        Timer0_Routinue
  D:000AH         PUBLIC        FreqTable
  -------         PROC          MAIN
  C:011CH         LINE#         88
  C:011CH         LINE#         89
  C:011CH         LINE#         90
  C:011FH         LINE#         91
  C:011FH         LINE#         92
  C:011FH         LINE#         93
  C:0129H         LINE#         94
  C:0129H         LINE#         95
  C:012BH         LINE#         96
  C:012DH         LINE#         97
  C:013AH         LINE#         98
  C:013CH         LINE#         99
  C:013EH         LINE#         100
  C:0145H         LINE#         101
  C:0147H         LINE#         102
  C:0149H         LINE#         104
  C:0149H         LINE#         105
  C:014BH         LINE#         106
  -------         ENDPROC       MAIN
  -------         PROC          TIMER0_ROUTINUE
  C:00E8H         LINE#         112
  C:00F3H         LINE#         114
  C:0101H         LINE#         115
  C:0101H         LINE#         116
  C:010EH         LINE#         117
  C:0111H         LINE#         118
  C:0113H         LINE#         119
  C:0113H         LINE#         120
  -------         ENDPROC       TIMER0_ROUTINUE
  -------         ENDMOD        MAIN

  -------         MODULE        DELAY
  C:0000H         SYMBOL        _ICE_DUMMY_
  C:0193H         PUBLIC        _Delay
  -------         PROC          _DELAY
  D:0006H         SYMBOL        xms
  -------         DO            
  D:0005H         SYMBOL        i
BL51 BANKED LINKER/LOCATER V6.22                                                      07/28/2026  21:54:23  PAGE 3


  D:0004H         SYMBOL        j
  -------         ENDDO         
  C:0193H         LINE#         1
  C:0193H         LINE#         2
  C:0193H         LINE#         5
  C:019DH         LINE#         6
  C:019DH         LINE#         7
  C:019FH         LINE#         8
  C:01A1H         LINE#         12
  C:01A1H         LINE#         13
  C:01A3H         LINE#         14
  C:01A5H         LINE#         15
  C:01A7H         LINE#         16
  -------         ENDPROC       _DELAY
  -------         ENDMOD        DELAY

  -------         MODULE        TIMER0
  C:0000H         SYMBOL        _ICE_DUMMY_
  B:00A8H.7       PUBLIC        EA
  C:017CH         PUBLIC        Timer0_Init
  D:0089H         PUBLIC        TMOD
  B:00A8H.1       PUBLIC        ET0
  B:0088H.5       PUBLIC        TF0
  D:008CH         PUBLIC        TH0
  D:008AH         PUBLIC        TL0
  B:00B8H.1       PUBLIC        PT0
  B:0088H.4       PUBLIC        TR0
  -------         PROC          TIMER0_INIT
  C:017CH         LINE#         3
  C:017CH         LINE#         4
  C:017CH         LINE#         11
  C:017FH         LINE#         12
  C:0182H         LINE#         13
  C:0185H         LINE#         14
  C:0188H         LINE#         15
  C:018AH         LINE#         16
  C:018CH         LINE#         18
  C:018EH         LINE#         19
  C:0190H         LINE#         20
  C:0192H         LINE#         21
  -------         ENDPROC       TIMER0_INIT
  -------         ENDMOD        TIMER0

Program Size: data=85.0 xdata=0 code=416
LINK/LOCATE RUN COMPLETE.  0 WARNING(S),  0 ERROR(S)
