C51 COMPILER V9.54   MAIN                                                                  07/24/2026 16:12:21 PAGE 1   


C51 COMPILER V9.54, COMPILATION OF MODULE MAIN
OBJECT MODULE PLACED IN .\Objects\main.obj
COMPILER INVOKED BY: C:\Keil_v5\C51\BIN\C51.EXE main.c OPTIMIZE(8,SPEED) BROWSE DEBUG OBJECTEXTEND PRINT(.\Listings\main
                    -.lst) OBJECT(.\Objects\main.obj)

line level    source

   1          #include <REGX52.H>
   2          #include "Delay.h"
   3          #include "UART.h"
   4          
   5          unsigned char Sec;
   6          void main()
   7          {
   8   1              UART_Init();
   9   1              while(1)
  10   1              {
  11   2                      UART_SendByte(Sec++);
  12   2                      Delay(1000);
  13   2              }
  14   1      
  15   1      }
  16          void UART_Routinue() interrupt 4
  17          {
  18   1              P2=0x00;//灯全亮表示进入中断函数
  19   1      //      if(RI==1)//接收完毕
  20   1      //      {
  21   1      //              P2=~SBUF;
  22   1      //              UART_SendByte(SBUF);
  23   1      //              RI=0;//软件复位
  24   1      //      }
  25   1      }


MODULE INFORMATION:   STATIC OVERLAYABLE
   CODE SIZE        =     23    ----
   CONSTANT SIZE    =   ----    ----
   XDATA SIZE       =   ----    ----
   PDATA SIZE       =   ----    ----
   DATA SIZE        =      1    ----
   IDATA SIZE       =   ----    ----
   BIT SIZE         =   ----    ----
END OF MODULE INFORMATION.


C51 COMPILATION COMPLETE.  0 WARNING(S),  0 ERROR(S)
