BL51 BANKED LINKER/LOCATER V6.22                                                        07/24/2026  16:12:49  PAGE 1


BL51 BANKED LINKER/LOCATER V6.22, INVOKED BY:
C:\KEIL_V5\C51\BIN\BL51.EXE .\Objects\main.obj, .\Objects\Delay.obj, .\Objects\UART.obj TO .\Objects\project PRINT (.\Li
>> stings\project.m51) RAMSIZE (256)


MEMORY MODEL: SMALL


INPUT MODULES INCLUDED:
  .\Objects\main.obj (MAIN)
  .\Objects\Delay.obj (DELAY)
  .\Objects\UART.obj (UART)
  C:\KEIL_V5\C51\LIB\C51S.LIB (?C_STARTUP)


LINK MAP OF MODULE:  .\Objects\project (MAIN)


            TYPE    BASE      LENGTH    RELOCATION   SEGMENT NAME
            -----------------------------------------------------

            * * * * * * *   D A T A   M E M O R Y   * * * * * * *
            REG     0000H     0008H     ABSOLUTE     "REG BANK 0"
            DATA    0008H     0001H     UNIT         ?DT?MAIN
            IDATA   0009H     0001H     UNIT         ?STACK

            * * * * * * *   C O D E   M E M O R Y   * * * * * * *
            CODE    0000H     0003H     ABSOLUTE     
            CODE    0003H     001BH     UNIT         ?PR?UART_INIT?UART
            CODE    001EH     0004H     UNIT         ?PR?UART_ROUTINUE?MAIN
                    0022H     0001H                  *** GAP ***
            CODE    0023H     0003H     ABSOLUTE     
            CODE    0026H     0015H     UNIT         ?PR?_DELAY?DELAY
            CODE    003BH     0013H     UNIT         ?PR?MAIN?MAIN
            CODE    004EH     000CH     UNIT         ?C_C51STARTUP
            CODE    005AH     0008H     UNIT         ?PR?_UART_SENDBYTE?UART



OVERLAY MAP OF MODULE:   .\Objects\project (MAIN)


SEGMENT
  +--> CALLED SEGMENT
---------------------
?C_C51STARTUP
  +--> ?PR?MAIN?MAIN

?PR?MAIN?MAIN
  +--> ?PR?UART_INIT?UART
  +--> ?PR?_UART_SENDBYTE?UART
  +--> ?PR?_DELAY?DELAY



SYMBOL TABLE OF MODULE:  .\Objects\project (MAIN)

  VALUE           TYPE          NAME
BL51 BANKED LINKER/LOCATER V6.22                                                      07/24/2026  16:12:49  PAGE 2


  ----------------------------------

  -------         MODULE        MAIN
  C:0000H         SYMBOL        _ICE_DUMMY_
  C:001EH         PUBLIC        UART_Routinue
  D:00A0H         PUBLIC        P2
  D:0008H         PUBLIC        Sec
  C:003BH         PUBLIC        main
  -------         PROC          MAIN
  C:003BH         LINE#         6
  C:003BH         LINE#         7
  C:003BH         LINE#         8
  C:003EH         LINE#         9
  C:003EH         LINE#         10
  C:003EH         LINE#         11
  C:0045H         LINE#         12
  C:004CH         LINE#         13
  -------         ENDPROC       MAIN
  -------         PROC          UART_ROUTINUE
  C:001EH         LINE#         16
  C:001EH         LINE#         18
  C:0021H         LINE#         25
  -------         ENDPROC       UART_ROUTINUE
  -------         ENDMOD        MAIN

  -------         MODULE        DELAY
  C:0000H         SYMBOL        _ICE_DUMMY_
  C:0026H         PUBLIC        _Delay
  -------         PROC          _DELAY
  D:0006H         SYMBOL        xms
  -------         DO            
  D:0005H         SYMBOL        i
  D:0004H         SYMBOL        j
  -------         ENDDO         
  C:0026H         LINE#         1
  C:0026H         LINE#         2
  C:0026H         LINE#         5
  C:0030H         LINE#         6
  C:0030H         LINE#         7
  C:0032H         LINE#         8
  C:0034H         LINE#         12
  C:0034H         LINE#         13
  C:0036H         LINE#         14
  C:0038H         LINE#         15
  C:003AH         LINE#         16
  -------         ENDPROC       _DELAY
  -------         ENDMOD        DELAY

  -------         MODULE        UART
  C:0000H         SYMBOL        _ICE_DUMMY_
  B:00A8H.7       PUBLIC        EA
  B:00A8H.4       PUBLIC        ES
  B:0098H.1       PUBLIC        TI
  D:0099H         PUBLIC        SBUF
  D:0087H         PUBLIC        PCON
  C:0003H         PUBLIC        UART_Init
  D:0098H         PUBLIC        SCON
BL51 BANKED LINKER/LOCATER V6.22                                                      07/24/2026  16:12:49  PAGE 3


  D:0089H         PUBLIC        TMOD
  C:005AH         PUBLIC        _UART_SendByte
  B:00A8H.3       PUBLIC        ET1
  D:008DH         PUBLIC        TH1
  D:008BH         PUBLIC        TL1
  B:0088H.6       PUBLIC        TR1
  -------         PROC          UART_INIT
  C:0003H         LINE#         3
  C:0003H         LINE#         4
  C:0003H         LINE#         5
  C:0006H         LINE#         6
  C:0009H         LINE#         7
  C:000CH         LINE#         8
  C:000FH         LINE#         9
  C:0012H         LINE#         10
  C:0015H         LINE#         11
  C:0017H         LINE#         12
  C:0019H         LINE#         13
  C:001BH         LINE#         14
  C:001DH         LINE#         15
  -------         ENDPROC       UART_INIT
  -------         PROC          _UART_SENDBYTE
  D:0007H         SYMBOL        Byte
  C:005AH         LINE#         16
  C:005AH         LINE#         17
  C:005AH         LINE#         18
  C:005CH         LINE#         19
  C:005FH         LINE#         20
  C:0061H         LINE#         21
  -------         ENDPROC       _UART_SENDBYTE
  -------         ENDMOD        UART

Program Size: data=10.0 xdata=0 code=97
LINK/LOCATE RUN COMPLETE.  0 WARNING(S),  0 ERROR(S)
