C51 COMPILER V9.54   UART                                                                  07/24/2026 16:12:49 PAGE 1   


C51 COMPILER V9.54, COMPILATION OF MODULE UART
OBJECT MODULE PLACED IN .\Objects\UART.obj
COMPILER INVOKED BY: C:\Keil_v5\C51\BIN\C51.EXE UART.c OPTIMIZE(8,SPEED) BROWSE DEBUG OBJECTEXTEND PRINT(.\Listings\UART
                    -.lst) OBJECT(.\Objects\UART.obj)

line level    source

   1          #include <REGX52.H>
   2          
   3          void UART_Init(void)            //4800bps@11.0592MHz
   4          {
   5   1              SCON = 0x50;            //8位数据,可变波特率
   6   1              PCON |=0x80;            
   7   1              TMOD &= 0x0F;
   8   1              TMOD |=0x20;                            
   9   1              TL1 = 0xF3;             //设定定时初值
  10   1              TH1 = 0xF3;             //设定定时初值
  11   1              ET1 = 0;                //禁止定时器1中断
  12   1              TR1 = 1;                //启动定时器1
  13   1              EA=1;
  14   1              ES=1;
  15   1      }
  16          void UART_SendByte(unsigned char Byte)
  17          {
  18   1              SBUF=Byte;
  19   1              while(TI==0);
  20   1              TI=0;
  21   1      }


MODULE INFORMATION:   STATIC OVERLAYABLE
   CODE SIZE        =     35    ----
   CONSTANT SIZE    =   ----    ----
   XDATA SIZE       =   ----    ----
   PDATA SIZE       =   ----    ----
   DATA SIZE        =   ----    ----
   IDATA SIZE       =   ----    ----
   BIT SIZE         =   ----    ----
END OF MODULE INFORMATION.


C51 COMPILATION COMPLETE.  0 WARNING(S),  0 ERROR(S)
