C51 COMPILER V9.54   MAIN                                                                  08/02/2026 23:39:52 PAGE 1   


C51 COMPILER V9.54, COMPILATION OF MODULE MAIN
OBJECT MODULE PLACED IN .\Objects\main.obj
COMPILER INVOKED BY: C:\Keil_v5\C51\BIN\C51.EXE main.c OPTIMIZE(8,SPEED) BROWSE DEBUG OBJECTEXTEND PRINT(.\Listings\main
                    -.lst) OBJECT(.\Objects\main.obj)

line level    source

   1          #include <REGX52.H>
   2          #include "Delay.h"
   3          #include "Key.h"
   4          #include "Nixie.h"
   5          #include "Timer0.h"
   6          sbit DA=P2^1;
   7          unsigned char Counter,Compare;
   8          unsigned char i;
   9          void main()
  10          {
  11   1              Timer0_Init();
  12   1              while(1)
  13   1              {
  14   2                      for(i=0;i<100;i++)
  15   2                      {
  16   3                              Compare=i;
  17   3                              Delay(10);
  18   3                      }
  19   2                      for(i=100;i>0;i--)
  20   2                      {
  21   3                              Compare=i;
  22   3                              Delay(10);
  23   3                      }
  24   2              }
  25   1      }
  26          void Timer0_Routinue() interrupt 1
  27          {
  28   1              TL0=0x9C;
  29   1              TH0=0xFF;
  30   1              Counter++;
  31   1              Counter%=100;
  32   1              if(Counter<Compare){DA=1;}
  33   1              else{DA=0;}
  34   1      }


MODULE INFORMATION:   STATIC OVERLAYABLE
   CODE SIZE        =     92    ----
   CONSTANT SIZE    =   ----    ----
   XDATA SIZE       =   ----    ----
   PDATA SIZE       =   ----    ----
   DATA SIZE        =      3    ----
   IDATA SIZE       =   ----    ----
   BIT SIZE         =   ----    ----
END OF MODULE INFORMATION.


C51 COMPILATION COMPLETE.  0 WARNING(S),  0 ERROR(S)
