BL51 BANKED LINKER/LOCATER V6.22                                                        08/02/2026  23:39:52  PAGE 1


BL51 BANKED LINKER/LOCATER V6.22, INVOKED BY:
C:\KEIL_V5\C51\BIN\BL51.EXE .\Objects\main.obj, .\Objects\Delay.obj, .\Objects\Key.obj, .\Objects\Nixie.obj, .\Objects\T
>> imer0.obj TO .\Objects\project PRINT (.\Listings\project.m51) RAMSIZE (256) DISABLEWARNING (16)


MEMORY MODEL: SMALL


INPUT MODULES INCLUDED:
  .\Objects\main.obj (MAIN)
  .\Objects\Delay.obj (DELAY)
  .\Objects\Key.obj (KEY)
  .\Objects\Nixie.obj (NIXIE)
  .\Objects\Timer0.obj (TIMER0)
  C:\KEIL_V5\C51\LIB\C51S.LIB (?C_STARTUP)
  C:\KEIL_V5\C51\LIB\C51S.LIB (?C_INIT)


LINK MAP OF MODULE:  .\Objects\project (MAIN)


            TYPE    BASE      LENGTH    RELOCATION   SEGMENT NAME
            -----------------------------------------------------

            * * * * * * *   D A T A   M E M O R Y   * * * * * * *
            REG     0000H     0008H     ABSOLUTE     "REG BANK 0"
            DATA    0008H     000AH     UNIT         ?DT?NIXIE
            DATA    0012H     0003H     UNIT         ?DT?MAIN
            DATA    0015H     0003H     UNIT         ?DT?KEY
            IDATA   0018H     0001H     UNIT         ?STACK

            * * * * * * *   C O D E   M E M O R Y   * * * * * * *
            CODE    0000H     0003H     ABSOLUTE     
            CODE    0003H     0006H     UNIT         ?PR?KEY?KEY
                    0009H     0002H                  *** GAP ***
            CODE    000BH     0003H     ABSOLUTE     
            CODE    000EH     008CH     UNIT         ?C_C51STARTUP
            CODE    009AH     0066H     UNIT         ?PR?_NIXIE?NIXIE
            CODE    0100H     0039H     UNIT         ?PR?KEY_LOOP?KEY
            CODE    0139H     0031H     UNIT         ?PR?MAIN?MAIN
            CODE    016AH     002BH     UNIT         ?PR?TIMER0_ROUTINUE?MAIN
            CODE    0195H     0017H     UNIT         ?PR?TIMER0_INIT?TIMER0
            CODE    01ACH     0016H     UNIT         ?PR?KEY_GETSTATE?KEY
            CODE    01C2H     0015H     UNIT         ?PR?_DELAY?DELAY
            CODE    01D7H     000DH     UNIT         ?C_INITSEG



OVERLAY MAP OF MODULE:   .\Objects\project (MAIN)


SEGMENT
  +--> CALLED SEGMENT
---------------------
?C_C51STARTUP
  +--> ?PR?MAIN?MAIN
  +--> ?C_INITSEG

BL51 BANKED LINKER/LOCATER V6.22                                                      08/02/2026  23:39:52  PAGE 2


?PR?MAIN?MAIN
  +--> ?PR?TIMER0_INIT?TIMER0
  +--> ?PR?_DELAY?DELAY



SYMBOL TABLE OF MODULE:  .\Objects\project (MAIN)

  VALUE           TYPE          NAME
  ----------------------------------

  -------         MODULE        MAIN
  C:0000H         SYMBOL        _ICE_DUMMY_
  D:00A0H         PUBLIC        P2
  B:00A0H.1       PUBLIC        DA
  C:0139H         PUBLIC        main
  D:0012H         PUBLIC        Compare
  D:008CH         PUBLIC        TH0
  D:008AH         PUBLIC        TL0
  D:0013H         PUBLIC        Counter
  D:0014H         PUBLIC        i
  C:016AH         PUBLIC        Timer0_Routinue
  -------         PROC          MAIN
  C:0139H         LINE#         9
  C:0139H         LINE#         10
  C:0139H         LINE#         11
  C:013CH         LINE#         12
  C:013CH         LINE#         13
  C:013CH         LINE#         14
  C:013FH         LINE#         15
  C:013FH         LINE#         16
  C:0142H         LINE#         17
  C:0149H         LINE#         18
  C:0152H         LINE#         19
  C:015CH         LINE#         20
  C:015CH         LINE#         21
  C:015FH         LINE#         22
  C:0166H         LINE#         23
  -------         ENDPROC       MAIN
  -------         PROC          TIMER0_ROUTINUE
  C:016AH         LINE#         26
  C:0170H         LINE#         28
  C:0173H         LINE#         29
  C:0176H         LINE#         30
  C:0178H         LINE#         31
  C:0181H         LINE#         32
  C:018CH         LINE#         33
  C:018EH         LINE#         34
  -------         ENDPROC       TIMER0_ROUTINUE
  -------         ENDMOD        MAIN

  -------         MODULE        DELAY
  C:0000H         SYMBOL        _ICE_DUMMY_
  C:01C2H         PUBLIC        _Delay
  -------         PROC          _DELAY
  D:0006H         SYMBOL        xms
  -------         DO            
BL51 BANKED LINKER/LOCATER V6.22                                                      08/02/2026  23:39:52  PAGE 3


  D:0005H         SYMBOL        i
  D:0004H         SYMBOL        j
  -------         ENDDO         
  C:01C2H         LINE#         1
  C:01C2H         LINE#         2
  C:01C2H         LINE#         5
  C:01CCH         LINE#         6
  C:01CCH         LINE#         7
  C:01CEH         LINE#         8
  C:01D0H         LINE#         12
  C:01D0H         LINE#         13
  C:01D2H         LINE#         14
  C:01D4H         LINE#         15
  C:01D6H         LINE#         16
  -------         ENDPROC       _DELAY
  -------         ENDMOD        DELAY

  -------         MODULE        KEY
  C:0000H         SYMBOL        _ICE_DUMMY_
  B:00B0H.0       PUBLIC        P3_0
  B:00B0H.1       PUBLIC        P3_1
  B:00B0H.2       PUBLIC        P3_2
  B:00B0H.3       PUBLIC        P3_3
  D:0017H         PUBLIC        Key_KeyNumber
  C:0100H         PUBLIC        Key_Loop
  C:0003H         PUBLIC        Key
  C:01ACH         PUBLIC        Key_GetState
  -------         PROC          KEY
  -------         DO            
  D:0007H         SYMBOL        Temp
  -------         ENDDO         
  C:0003H         LINE#         4
  C:0003H         LINE#         5
  C:0003H         LINE#         6
  C:0004H         LINE#         7
  C:0006H         LINE#         8
  C:0008H         LINE#         9
  C:0008H         LINE#         10
  -------         ENDPROC       KEY
  -------         PROC          KEY_GETSTATE
  -------         DO            
  D:0007H         SYMBOL        Keynumber
  -------         ENDDO         
  C:01ACH         LINE#         11
  C:01ACH         LINE#         12
  C:01ACH         LINE#         13
  C:01AEH         LINE#         14
  C:01B2H         LINE#         15
  C:01B7H         LINE#         16
  C:01BCH         LINE#         17
  C:01C1H         LINE#         18
  C:01C1H         LINE#         19
  -------         ENDPROC       KEY_GETSTATE
  -------         PROC          KEY_LOOP
  -------         DO            
  D:0015H         SYMBOL        NowState
  D:0016H         SYMBOL        LastState
BL51 BANKED LINKER/LOCATER V6.22                                                      08/02/2026  23:39:52  PAGE 4


  -------         ENDDO         
  C:0100H         LINE#         20
  C:0100H         LINE#         21
  C:0100H         LINE#         23
  C:0103H         LINE#         24
  C:0108H         LINE#         25
  C:0111H         LINE#         26
  C:0111H         LINE#         27
  C:0114H         LINE#         28
  C:0114H         LINE#         29
  C:011DH         LINE#         30
  C:011DH         LINE#         31
  C:0120H         LINE#         32
  C:0120H         LINE#         33
  C:0129H         LINE#         34
  C:0129H         LINE#         35
  C:012CH         LINE#         36
  C:012CH         LINE#         37
  C:0135H         LINE#         38
  C:0135H         LINE#         39
  C:0138H         LINE#         40
  C:0138H         LINE#         41
  -------         ENDPROC       KEY_LOOP
  -------         ENDMOD        KEY

  -------         MODULE        NIXIE
  C:0000H         SYMBOL        _ICE_DUMMY_
  C:009AH         PUBLIC        _Nixie
  D:0080H         PUBLIC        P0
  B:00A0H.2       PUBLIC        P2_2
  B:00A0H.3       PUBLIC        P2_3
  B:00A0H.4       PUBLIC        P2_4
  D:0008H         PUBLIC        NixieNumber
  -------         PROC          _NIXIE
  D:0006H         SYMBOL        locat
  D:0004H         SYMBOL        num
  C:009AH         LINE#         5
  C:009AH         LINE#         6
  C:009AH         LINE#         7
  C:00CAH         LINE#         8
  C:00CAH         LINE#         9
  C:00CEH         LINE#         10
  C:00D2H         LINE#         11
  C:00D6H         LINE#         12
  C:00DAH         LINE#         13
  C:00E2H         LINE#         14
  C:00EAH         LINE#         15
  C:00F2H         LINE#         16
  C:00F8H         LINE#         17
  C:00F8H         LINE#         18
  C:00FFH         LINE#         21
  -------         ENDPROC       _NIXIE
  -------         ENDMOD        NIXIE

  -------         MODULE        TIMER0
  C:0000H         SYMBOL        _ICE_DUMMY_
  B:00A8H.7       PUBLIC        EA
BL51 BANKED LINKER/LOCATER V6.22                                                      08/02/2026  23:39:52  PAGE 5


  C:0195H         PUBLIC        Timer0_Init
  D:0089H         PUBLIC        TMOD
  B:00A8H.1       PUBLIC        ET0
  B:0088H.5       PUBLIC        TF0
  D:008CH         PUBLIC        TH0
  D:008AH         PUBLIC        TL0
  B:00B8H.1       PUBLIC        PT0
  B:0088H.4       PUBLIC        TR0
  -------         PROC          TIMER0_INIT
  C:0195H         LINE#         3
  C:0195H         LINE#         4
  C:0195H         LINE#         11
  C:0198H         LINE#         12
  C:019BH         LINE#         13
  C:019EH         LINE#         14
  C:01A1H         LINE#         15
  C:01A3H         LINE#         16
  C:01A5H         LINE#         18
  C:01A7H         LINE#         19
  C:01A9H         LINE#         20
  C:01ABH         LINE#         21
  -------         ENDPROC       TIMER0_INIT
  -------         ENDMOD        TIMER0

Program Size: data=25.0 xdata=0 code=482
LINK/LOCATE RUN COMPLETE.  0 WARNING(S),  0 ERROR(S)
